2022-12-06 23:09:21.309  1991-2843  CompatibilityInfo       pid-1991                             D  applicationScale - 1.0
2022-12-06 23:09:21.313   963-963   BoundBrokerSvc          pid-963                              D  onBind: Intent { act=com.google.android.gms.common.BIND_SHARED_PREFS pkg=com.google.android.gms }
2022-12-06 23:09:21.314   963-963   BoundBrokerSvc          pid-963                              D  Loading bound service for intent: Intent { act=com.google.android.gms.common.BIND_SHARED_PREFS pkg=com.google.android.gms }
2022-12-06 23:09:21.319   963-963   BoundBrokerSvc          pid-963                              D  onUnbind: Intent { act=com.google.android.gms.common.BIND_SHARED_PREFS pkg=com.google.android.gms }
2022-12-06 23:09:21.322  1991-2843  CompatibilityInfo       pid-1991                             D  mCompatibilityFlags - 0
2022-12-06 23:09:21.322  1991-2843  CompatibilityInfo       pid-1991                             D  applicationDensity - 320
2022-12-06 23:09:21.322  1991-2843  CompatibilityInfo       pid-1991                             D  applicationScale - 1.0
2022-12-06 23:09:21.325   963-963   BoundBrokerSvc          pid-963                              D  onBind: Intent { act=com.google.android.gms.common.BIND_SHARED_PREFS pkg=com.google.android.gms }
2022-12-06 23:09:21.325   963-963   BoundBrokerSvc          pid-963                              D  Loading bound service for intent: Intent { act=com.google.android.gms.common.BIND_SHARED_PREFS pkg=com.google.android.gms }
2022-12-06 23:09:21.331 32590-15241 ProximityAuth           pid-32590                            I  [PhoneHubService] No enabled account, stopping service
2022-12-06 23:09:21.331   963-963   BoundBrokerSvc          pid-963                              D  onUnbind: Intent { act=com.google.android.gms.common.BIND_SHARED_PREFS pkg=com.google.android.gms }
2022-12-06 23:09:21.334 32590-32590 ProximityAuth           pid-32590                            I  [PhoneHubService] Destroying PhoneHubChimeraService.
2022-12-06 23:09:21.334 32590-32590 ProximityAuth           pid-32590                            W  [PhoneHubNotificationProcessor] shutdown(): context is null.
2022-12-06 23:09:21.334 32590-32590 ProximityAuth           pid-32590                            I  [PhoneHubService] All devices have disconnected. Performing cleanup...
2022-12-06 23:09:21.335 32590-32590 ChimeraUtils            pid-32590                            W  Module com.google.android.gms.auth_proximity has empty metadata display_name_string_id
2022-12-06 23:09:21.340  1991-9140  CompatibilityInfo       pid-1991                             D  mCompatibilityFlags - 0
2022-12-06 23:09:21.340  1991-9140  CompatibilityInfo       pid-1991                             D  applicationDensity - 320
2022-12-06 23:09:21.340  1991-9140  CompatibilityInfo       pid-1991                             D  applicationScale - 1.0
2022-12-06 23:09:21.343   963-963   BoundBrokerSvc          pid-963                              D  onBind: Intent { act=com.google.android.gms.common.BIND_SHARED_PREFS pkg=com.google.android.gms }
2022-12-06 23:09:21.343   963-963   BoundBrokerSvc          pid-963                              D  Loading bound service for intent: Intent { act=com.google.android.gms.common.BIND_SHARED_PREFS pkg=com.google.android.gms }
2022-12-06 23:09:21.349   963-963   BoundBrokerSvc          pid-963                              D  onUnbind: Intent { act=com.google.android.gms.common.BIND_SHARED_PREFS pkg=com.google.android.gms }
2022-12-06 23:09:21.353  1991-2843  CompatibilityInfo       pid-1991                             D  mCompatibilityFlags - 0
2022-12-06 23:09:21.353  1991-2843  CompatibilityInfo       pid-1991                             D  applicationDensity - 320
2022-12-06 23:09:21.353  1991-2843  CompatibilityInfo       pid-1991                             D  applicationScale - 1.0
2022-12-06 23:09:21.355   963-963   BoundBrokerSvc          pid-963                              D  onBind: Intent { act=com.google.android.gms.common.BIND_SHARED_PREFS pkg=com.google.android.gms }
2022-12-06 23:09:21.355   963-963   BoundBrokerSvc          pid-963                              D  Loading bound service for intent: Intent { act=com.google.android.gms.common.BIND_SHARED_PREFS pkg=com.google.android.gms }
2022-12-06 23:09:21.360   963-963   BoundBrokerSvc          pid-963                              D  onUnbind: Intent { act=com.google.android.gms.common.BIND_SHARED_PREFS pkg=com.google.android.gms }
2022-12-06 23:09:21.364  1991-2843  CompatibilityInfo       pid-1991                             D  mCompatibilityFlags - 0
2022-12-06 23:09:21.364  1991-2843  CompatibilityInfo       pid-1991                             D  applicationDensity - 320
2022-12-06 23:09:21.364  1991-2843  CompatibilityInfo       pid-1991                             D  applicationScale - 1.0
2022-12-06 23:09:21.367   963-963   BoundBrokerSvc          pid-963                              D  onBind: Intent { act=com.google.android.gms.common.BIND_SHARED_PREFS pkg=com.google.android.gms }
2022-12-06 23:09:21.367   963-963   BoundBrokerSvc          pid-963                              D  Loading bound service for intent: Intent { act=com.google.android.gms.common.BIND_SHARED_PREFS pkg=com.google.android.gms }
2022-12-06 23:09:21.371   963-963   BoundBrokerSvc          pid-963                              D  onUnbind: Intent { act=com.google.android.gms.common.BIND_SHARED_PREFS pkg=com.google.android.gms }
2022-12-06 23:09:21.371 32590-15241 ProximityAuth           pid-32590                            I  [PhoneHubService] No enabled account, stopping service
2022-12-06 23:09:21.389 15538-15538 Avrcp_ext               pid-15538                            D  Adding com.miui.player.service.MediaPlaybackService to list of browsable players
2022-12-06 23:09:21.389 15538-15538 Avrcp_ext               pid-15538                            V  getMediaPlayerInfo: Media players list empty
2022-12-06 23:09:21.389 15538-15538 Avrcp_ext               pid-15538                            V  isBrowseSupported for com.miui.player: true
2022-12-06 23:09:21.390 15538-15538 Avrcp_ext               pid-15538                            D  add #1:MediaPlayerInfo com.miui.player (as 'Music') Type = 1, SubType = 0, Status = 0 Feature Bits [40 41 42 44 45 47 48 58 59 62 65 67] Controller: null
2022-12-06 23:09:21.391 15538-15538 Avrcp_ext               pid-15538                            D  Adding com.android.bluetooth.a2dpsink.mbs.A2dpMediaBrowserService to list of browsable players
2022-12-06 23:09:21.391 15538-15538 Avrcp_ext               pid-15538                            W  getMediaPlayerInfo: com.android.bluetooth not found
2022-12-06 23:09:21.391 15538-15538 Avrcp_ext               pid-15538                            V  isBrowseSupported for com.android.bluetooth: true
2022-12-06 23:09:21.392 15538-15538 Avrcp_ext               pid-15538                            D  add #2:MediaPlayerInfo com.android.bluetooth (as 'Bluetooth') Type = 1, SubType = 0, Status = 0 Feature Bits [40 41 42 44 45 47 48 58 59 62 65 67] Controller: null
2022-12-06 23:09:21.416 15538-15538 Avrcp_ext               pid-15538                            D  Adding com.google.android.apps.search.podcasts.browser.PodcastBrowserService to list of browsable players
2022-12-06 23:09:21.417 15538-15538 Avrcp_ext               pid-15538                            W  getMediaPlayerInfo: com.google.android.googlequicksearchbox not found
2022-12-06 23:09:21.417 15538-15538 Avrcp_ext               pid-15538                            V  isBrowseSupported for com.google.android.googlequicksearchbox: true
2022-12-06 23:09:21.417 15538-15538 Avrcp_ext               pid-15538                            D  add #3:MediaPlayerInfo com.google.android.googlequicksearchbox (as 'Google') Type = 1, SubType = 0, Status = 0 Feature Bits [40 41 42 44 45 47 48 58 59 62 65 67] Controller: null
2022-12-06 23:09:21.417 15538-15538 Avrcp_ext               pid-15538                            D  Adding com.google.android.libraries.assistant.auto.tng.media.mediabrowser.NewsMediaBrowserService to list of browsable players
2022-12-06 23:09:21.417 15538-15538 Avrcp_ext               pid-15538                            V  getMediaPlayerInfo: Found com.google.android.googlequicksearchbox
2022-12-06 23:09:21.417 15538-15538 Avrcp_ext               pid-15538                            V  isBrowseSupported for com.google.android.googlequicksearchbox: true
2022-12-06 23:09:21.418 15538-15538 Avrcp_ext               pid-15538                            D  update #3:MediaPlayerInfo com.google.android.googlequicksearchbox (as 'Google') Type = 1, SubType = 0, Status = 0 Feature Bits [40 41 42 44 45 47 48 58 59 62 65 67] Controller: null
2022-12-06 23:09:21.423 15538-15538 Avrcp_ext               pid-15538                            D  Adding com.google.android.music.browse.MediaBrowserService to list of browsable players
2022-12-06 23:09:21.423 15538-15538 Avrcp_ext               pid-15538                            W  getMediaPlayerInfo: com.google.android.music not found
2022-12-06 23:09:21.423 15538-15538 Avrcp_ext               pid-15538                            V  isBrowseSupported for com.google.android.music: true
2022-12-06 23:09:21.424 15538-15538 Avrcp_ext               pid-15538                            D  add #4:MediaPlayerInfo com.google.android.music (as 'Google Play Music') Type = 1, SubType = 0, Status = 0 Feature Bits [40 41 42 44 45 47 48 58 59 62 65 67] Controller: null
2022-12-06 23:09:21.435 15538-15538 Avrcp_ext               pid-15538                            D  Adding com.google.android.apps.youtube.app.extensions.mediabrowser.impl.MainAppMediaBrowserService to list of browsable players
2022-12-06 23:09:21.435 15538-15538 Avrcp_ext               pid-15538                            W  getMediaPlayerInfo: com.google.android.youtube not found
2022-12-06 23:09:21.435 15538-15538 Avrcp_ext               pid-15538                            V  isBrowseSupported for com.google.android.youtube: true
2022-12-06 23:09:21.436 15538-15538 Avrcp_ext               pid-15538                            D  add #5:MediaPlayerInfo com.google.android.youtube (as 'YouTube') Type = 1, SubType = 0, Status = 0 Feature Bits [40 41 42 44 45 47 48 58 59 62 65 67] Controller: null
2022-12-06 23:09:21.490 15538-15538 Avrcp_ext               pid-15538                            D  Adding com.google.android.apps.play.books.audio.BooksMediaBrowseService to list of browsable players
2022-12-06 23:09:21.490 15538-15538 Avrcp_ext               pid-15538                            W  getMediaPlayerInfo: com.google.android.apps.books not found
2022-12-06 23:09:21.490 15538-15538 Avrcp_ext               pid-15538                            V  isBrowseSupported for com.google.android.apps.books: true
2022-12-06 23:09:21.491 15538-15538 Avrcp_ext               pid-15538                            D  add #6:MediaPlayerInfo com.google.android.apps.books (as 'Google Play Books') Type = 1, SubType = 0, Status = 0 Feature Bits [40 41 42 44 45 47 48 58 59 62 65 67] Controller: null
2022-12-06 23:09:21.508 15538-15538 Avrcp_ext               pid-15538                            D  Adding org.telegram.messenger.MusicBrowserService to list of browsable players
2022-12-06 23:09:21.508 15538-15538 Avrcp_ext               pid-15538                            W  getMediaPlayerInfo: org.telegram.messenger not found
2022-12-06 23:09:21.508 15538-15538 Avrcp_ext               pid-15538                            V  isBrowseSupported for org.telegram.messenger: true
2022-12-06 23:09:21.509 15538-15538 Avrcp_ext               pid-15538                            D  add #7:MediaPlayerInfo org.telegram.messenger (as 'Telegram') Type = 1, SubType = 0, Status = 0 Feature Bits [40 41 42 44 45 47 48 58 59 62 65 67] Controller: null
2022-12-06 23:09:21.509 15538-15538 Avrcp_ext               pid-15538                            V  updateCurrentMediaState: mMediaController: null
2022-12-06 23:09:21.509 15538-15538 Avrcp_ext               pid-15538                            V  isMusicActive: false getBluetoothPlayState: 2
2022-12-06 23:09:21.509 15538-15538 Avrcp_ext               pid-15538                            V  updateCurrentMediaState: isPlaying = false
2022-12-06 23:09:21.509 15538-15538 Avrcp_ext               pid-15538                            V  updateCurrentMediaState: mMediaController or getPlaybackState() null
2022-12-06 23:09:21.509 15538-15538 Avrcp_ext               pid-15538                            V  Media update: id -1➡-1? [MediaAttributes: none] : [MediaAttributes: none]
2022-12-06 23:09:21.509 15538-15538 Avrcp_ext               pid-15538                            V  newPlayStatus:2mReportedPlayStatus:-1
2022-12-06 23:09:21.509 15538-15538 Avrcp_ext               pid-15538                            V  updatePlaybackState, state: PlaybackState {state=2, position=-1, buffered position=0, speed=0.0, updated=119477902, actions=0, custom actions=[], active item id=-1, error=null} device: null
2022-12-06 23:09:21.510 15538-15538 Avrcp_ext               pid-15538                            V  Device: no name:
2022-12-06 23:09:21.510 15538-15538 Avrcp_ext               pid-15538                            V  Device: no name:
2022-12-06 23:09:21.510 15538-15538 Avrcp_ext               pid-15538                            V  updatePlayerStateAndPosition, old=PlaybackState {state=2, position=-1, buffered position=0, speed=0.0, updated=119477692, actions=0, custom actions=[], active item id=-1, error=null}, state=PlaybackState {state=2, position=-1, buffered position=0, speed=0.0, updated=119477902, actions=0, custom actions=[], active item id=-1, error=null}
2022-12-06 23:09:21.510 15538-15538 Avrcp_ext               pid-15538                            V  old state = PlaybackState {state=2, position=-1, buffered position=0, speed=0.0, updated=119477692, actions=0, custom actions=[], active item id=-1, error=null}, new state= PlaybackState {state=2, position=-1, buffered position=0, speed=0.0, updated=119477902, actions=0, custom actions=[], active item id=-1, error=null}
2022-12-06 23:09:21.510 15538-15538 HeadsetService          pid-15538                            D  getHeadsetService(): returning com.android.bluetooth.hfp.HeadsetService@58e7560
2022-12-06 23:09:21.510 15538-15538 HeadsetService          pid-15538                            D   isAudioOn: The number of audio connected devices 0
2022-12-06 23:09:21.510 15538-15538 HeadsetService          pid-15538                            D  isScoOrCallActive(): Call Active:falseCall is Ringing:falseSCO is Active:false
2022-12-06 23:09:21.511 15538-15538 HeadsetService          pid-15538                            D   isAudioOn: The number of audio connected devices 0
2022-12-06 23:09:21.511 15538-15538 Avrcp_ext               pid-15538                            I  updatePlayStatusForDevice: device: null
2022-12-06 23:09:21.511 15538-15538 Avrcp_ext               pid-15538                            V  updatePlaybackState (1): old=PlaybackState {state=2, position=-1, buffered position=0, speed=0.0, updated=119477692, actions=0, custom actions=[], active item id=-1, error=null}(2), new=PlaybackState {state=2, position=-1, buffered position=0, speed=0.0, updated=119477902, actions=0, custom actions=[], active item id=-1, error=null}(2)
2022-12-06 23:09:21.511 15538-15538 Avrcp_ext               pid-15538                            I  Exit updatePlayStatusForDevice
2022-12-06 23:09:21.511 15538-15538 HeadsetService          pid-15538                            D   isAudioOn: The number of audio connected devices 0
2022-12-06 23:09:21.511 15538-15538 HeadsetService          pid-15538                            D  isScoOrCallActive(): Call Active:falseCall is Ringing:falseSCO is Active:false
2022-12-06 23:09:21.511 15538-15538 HeadsetService          pid-15538                            D   isAudioOn: The number of audio connected devices 0
2022-12-06 23:09:21.511 15538-15538 Avrcp_ext               pid-15538                            I  updatePlayStatusForDevice: device: null
2022-12-06 23:09:21.511 15538-15538 Avrcp_ext               pid-15538                            V  updatePlaybackState (1): old=PlaybackState {state=2, position=-1, buffered position=0, speed=0.0, updated=119477692, actions=0, custom actions=[], active item id=-1, error=null}(2), new=PlaybackState {state=2, position=-1, buffered position=0, speed=0.0, updated=119477902, actions=0, custom actions=[], active item id=-1, error=null}(2)
2022-12-06 23:09:21.511 15538-15538 Avrcp_ext               pid-15538                            I  Exit updatePlayStatusForDevice
2022-12-06 23:09:21.512 15538-15538 Avrcp_ext               pid-15538                            D  Enter sendPlayPosNotificationRsp
2022-12-06 23:09:21.512 15538-15538 Avrcp_ext               pid-15538                            D  sendPlayPosNotificationRsp: Not registered or requesting.
2022-12-06 23:09:21.512 15538-15538 Avrcp_ext               pid-15538                            D  Enter sendPlayPosNotificationRsp
2022-12-06 23:09:21.512 15538-15538 Avrcp_ext               pid-15538                            D  sendPlayPosNotificationRsp: Not registered or requesting.
2022-12-06 23:09:21.512 15538-15538 Avrcp_ext               pid-15538                            V  Exit updatePlayerStateAndPosition
2022-12-06 23:09:21.516 15538-15538 Avrcp_ext               pid-15538                            V  Exit start
2022-12-06 23:09:21.516 15538-15538 Avrcp_ext               pid-15538                            V  Exit make
2022-12-06 23:09:21.516 15538-15538 BluetoothAdapterService pid-15538                            D  getAdapterService() - returning com.android.bluetooth.btservice.AdapterService@1ca9983
2022-12-06 23:09:21.516 15538-15538 bt_btif                 pid-15538                            I  get_profile_interface: id = a2dp
2022-12-06 23:09:21.516 15538-15538 bt_btif                 pid-15538                            E  split_a2dp_status = false
2022-12-06 23:09:21.517 15538-15538 bt_btif                 pid-15538                            E  split_a2dp_status = 0
2022-12-06 23:09:21.517 15538-15599 bt_osi_thread           pid-15538                            I  run_thread: thread id 15599, thread name media_worker started
2022-12-06 23:09:21.517 15538-15538 bt_btif                 pid-15538                            D  btif_av_state_idle_handler event:BTIF_SM_ENTER_EVT flags 0 on index 0
2022-12-06 23:09:21.517 15538-15538 bt_btif                 pid-15538                            E  btif_sm_get_state : Invalid handle
2022-12-06 23:09:21.517 15538-15538 bt_btif                 pid-15538                            E  btif_sm_get_state : Invalid handle
2022-12-06 23:09:21.517 15538-15538 a2dp_codec              pid-15538                            I  A2dp_SetOffloadStatus:status = 0
2022-12-06 23:09:21.517 15538-15538 a2dp_codec              pid-15538                            D  init
2022-12-06 23:09:21.517 15538-15538 a2dp_codec              pid-15538                            D  createCodec: codec SBC
2022-12-06 23:09:21.517 15538-15538 a2dp_sbc                pid-15538                            D  A2dpCodecConfigSbc
2022-12-06 23:09:21.517 15538-15538 a2dp_codec              pid-15538                            I  init: updated SBC codec priority to 1001
2022-12-06 23:09:21.517 15538-15538 a2dp_codec              pid-15538                            D  createCodec: codec AAC
2022-12-06 23:09:21.517 15538-15538 a2dp_codec              pid-15538                            I  init: updated AAC codec priority to 2001
2022-12-06 23:09:21.517 15538-15538 a2dp_codec              pid-15538                            D  createCodec: codec aptX
2022-12-06 23:09:21.520 15538-15538 a2dp_codec              pid-15538                            I  init: updated aptX codec priority to 3001
2022-12-06 23:09:21.520 15538-15538 a2dp_codec              pid-15538                            D  createCodec: codec aptX-HD
2022-12-06 23:09:21.526  1991-2206  MiuiGestur...ntListener pid-1991                             W  onActionDown end: mGestureStatus = 0
2022-12-06 23:09:21.529 15538-15538 a2dp_vendo...hd_encoder pid-15538                            E  A2DP_VendorLoadEncoderAptxHd: cannot open aptX-HD encoder library libaptXHD_encoder.so: dlopen failed: library "libaptXHD_encoder.so" not found
2022-12-06 23:09:21.529 15538-15538 a2dp_vendor_aptx_hd     pid-15538                            E  init: cannot load the encoder
2022-12-06 23:09:21.529 15538-15538 a2dp_codec              pid-15538                            D  createCodec: codec aptX-adaptive
2022-12-06 23:09:21.530 15538-15538 a2dp_codec              pid-15538                            I  init: updated aptX-adaptive codec priority to 5001
2022-12-06 23:09:21.530 15538-15538 a2dp_codec              pid-15538                            D  createCodec: codec LDAC
2022-12-06 23:09:21.536 15538-15538 a2dp_codec              pid-15538                            I  init: updated LDAC codec priority to 5001
2022-12-06 23:09:21.536 15538-15538 a2dp_codec              pid-15538                            D  createCodec: codec aptX-TWS
2022-12-06 23:09:21.536 15538-15538 a2dp_vendor_aptx_tws    pid-15538                            E  aptX-TWS supported only in offload mode
2022-12-06 23:09:21.536 15538-15538 a2dp_vendor_aptx_tws    pid-15538                            E  APTX-TWS not enabled in non-split mode
2022-12-06 23:09:21.536 15538-15538 a2dp_codec              pid-15538                            D  createCodec: codec SBC SINK
2022-12-06 23:09:21.536 15538-15538 a2dp_codec              pid-15538                            I  init: updated SBC(Sink) codec priority to 5001
2022-12-06 23:09:21.536 15538-15538 a2dp_codec              pid-15538                            I  init: initialized Source codec LDAC
2022-12-06 23:09:21.536 15538-15538 a2dp_codec              pid-15538                            I  init: initialized Source codec aptX-adaptive
2022-12-06 23:09:21.536 15538-15538 a2dp_codec              pid-15538                            I  init: initialized Source codec aptX
2022-12-06 23:09:21.536 15538-15538 a2dp_codec              pid-15538                            I  init: initialized Source codec AAC
2022-12-06 23:09:21.536 15538-15538 a2dp_codec              pid-15538                            I  init: initialized Source codec SBC
2022-12-06 23:09:21.536 15538-15538 a2dp_codec              pid-15538                            I  init: initialized Sink codec SBC(Sink)
2022-12-06 23:09:21.536 15538-15538 a2dp_codec              pid-15538                            D  init
2022-12-06 23:09:21.536 15538-15538 a2dp_codec              pid-15538                            D  createCodec: codec SBC
2022-12-06 23:09:21.536 15538-15538 a2dp_sbc                pid-15538                            D  A2dpCodecConfigSbc
2022-12-06 23:09:21.536 15538-15538 a2dp_codec              pid-15538                            I  init: updated SBC codec priority to 1001
2022-12-06 23:09:21.536 15538-15538 a2dp_codec              pid-15538                            D  createCodec: codec AAC
2022-12-06 23:09:21.536 15538-15538 a2dp_codec              pid-15538                            I  init: updated AAC codec priority to 2001
2022-12-06 23:09:21.537 15538-15538 a2dp_codec              pid-15538                            D  createCodec: codec aptX
2022-12-06 23:09:21.537 15538-15538 a2dp_codec              pid-15538                            I  init: updated aptX codec priority to 3001
2022-12-06 23:09:21.537 15538-15538 a2dp_codec              pid-15538                            D  createCodec: codec aptX-HD
2022-12-06 23:09:21.537 15538-15538 a2dp_vendo...hd_encoder pid-15538                            E  A2DP_VendorLoadEncoderAptxHd: cannot open aptX-HD encoder library libaptXHD_encoder.so: dlopen failed: library "libaptXHD_encoder.so" not found
2022-12-06 23:09:21.537 15538-15538 a2dp_vendor_aptx_hd     pid-15538                            E  init: cannot load the encoder
2022-12-06 23:09:21.537 15538-15538 a2dp_codec              pid-15538                            D  createCodec: codec aptX-adaptive
2022-12-06 23:09:21.537 15538-15538 a2dp_codec              pid-15538                            I  init: updated aptX-adaptive codec priority to 5001
2022-12-06 23:09:21.537 15538-15538 a2dp_codec              pid-15538                            D  createCodec: codec LDAC
2022-12-06 23:09:21.537 15538-15538 a2dp_codec              pid-15538                            I  init: updated LDAC codec priority to 5001
2022-12-06 23:09:21.537 15538-15538 a2dp_codec              pid-15538                            D  createCodec: codec aptX-TWS
2022-12-06 23:09:21.537 15538-15538 a2dp_vendor_aptx_tws    pid-15538                            E  aptX-TWS supported only in offload mode
2022-12-06 23:09:21.537 15538-15538 a2dp_vendor_aptx_tws    pid-15538                            E  APTX-TWS not enabled in non-split mode
2022-12-06 23:09:21.537 15538-15538 a2dp_codec              pid-15538                            D  createCodec: codec SBC SINK
2022-12-06 23:09:21.537 15538-15538 a2dp_codec              pid-15538                            I  init: updated SBC(Sink) codec priority to 5001
2022-12-06 23:09:21.537 15538-15538 a2dp_codec              pid-15538                            I  init: initialized Source codec LDAC
2022-12-06 23:09:21.537 15538-15538 a2dp_codec              pid-15538                            I  init: initialized Source codec aptX-adaptive
2022-12-06 23:09:21.537 15538-15538 a2dp_codec              pid-15538                            I  init: initialized Source codec aptX
2022-12-06 23:09:21.537 15538-15538 a2dp_codec              pid-15538                            I  init: initialized Source codec AAC
2022-12-06 23:09:21.537 15538-15538 a2dp_codec              pid-15538                            I  init: initialized Source codec SBC
2022-12-06 23:09:21.537 15538-15538 a2dp_codec              pid-15538                            I  init: initialized Sink codec SBC(Sink)
2022-12-06 23:09:21.537 15538-15538 bt_btif                 pid-15538                            D  btif_dispatch_sm_event: event: 35, len: 6
2022-12-06 23:09:21.537 15538-15538 bt_btif                 pid-15538                            D  btif_dispatch_sm_event: event 35 sent
2022-12-06 23:09:21.537 15538-15570 bt_btif                 pid-15538                            D  ignore updating BTIF_AV_SOURCE_CONFIG_UPDATED_EVT
2022-12-06 23:09:21.538 15538-15599 bt_btif                 pid-15538                            E  UIPC_Read : channel 1 closed
2022-12-06 23:09:21.538 15538-15599 bt_btif                 pid-15538                            E  Invalid cmd pending for ack
2022-12-06 23:09:21.538 15538-15538 bt_btif                 pid-15538                            E  btif_sm_get_state : Invalid handle
2022-12-06 23:09:21.538 15538-15538 bt_btif                 pid-15538                            D  btif_av_state_idle_handler event:BTIF_SM_ENTER_EVT flags 0 on index 1
2022-12-06 23:09:21.538 15538-15538 bt_btif                 pid-15538                            E  btif_sm_get_state : Invalid handle
2022-12-06 23:09:21.538 15538-15538 a2dp_codec              pid-15538                            I  A2dp_SetOffloadStatus:status = 0
2022-12-06 23:09:21.538 15538-15538 a2dp_codec              pid-15538                            D  init
2022-12-06 23:09:21.538 15538-15538 a2dp_codec              pid-15538                            D  createCodec: codec SBC
2022-12-06 23:09:21.538 15538-15538 a2dp_sbc                pid-15538                            D  A2dpCodecConfigSbc
2022-12-06 23:09:21.538 15538-15538 a2dp_codec              pid-15538                            I  init: updated SBC codec priority to 1001
2022-12-06 23:09:21.538 15538-15538 a2dp_codec              pid-15538                            D  createCodec: codec AAC
2022-12-06 23:09:21.538 15538-15538 a2dp_codec              pid-15538                            I  init: updated AAC codec priority to 2001
2022-12-06 23:09:21.538 15538-15538 a2dp_codec              pid-15538                            D  createCodec: codec aptX
2022-12-06 23:09:21.538 15538-15538 a2dp_codec              pid-15538                            I  init: updated aptX codec priority to 3001
2022-12-06 23:09:21.538 15538-15538 a2dp_codec              pid-15538                            D  createCodec: codec aptX-HD
2022-12-06 23:09:21.539 15538-15538 a2dp_vendo...hd_encoder pid-15538                            E  A2DP_VendorLoadEncoderAptxHd: cannot open aptX-HD encoder library libaptXHD_encoder.so: dlopen failed: library "libaptXHD_encoder.so" not found
2022-12-06 23:09:21.539 15538-15538 a2dp_vendor_aptx_hd     pid-15538                            E  init: cannot load the encoder
2022-12-06 23:09:21.539 15538-15538 a2dp_codec              pid-15538                            D  createCodec: codec aptX-adaptive
2022-12-06 23:09:21.539 15538-15538 a2dp_codec              pid-15538                            I  init: updated aptX-adaptive codec priority to 5001
2022-12-06 23:09:21.539 15538-15538 a2dp_codec              pid-15538                            D  createCodec: codec LDAC
2022-12-06 23:09:21.539 15538-15538 a2dp_codec              pid-15538                            I  init: updated LDAC codec priority to 5001
2022-12-06 23:09:21.539 15538-15538 a2dp_codec              pid-15538                            D  createCodec: codec aptX-TWS
2022-12-06 23:09:21.539 15538-15538 a2dp_vendor_aptx_tws    pid-15538                            E  aptX-TWS supported only in offload mode
2022-12-06 23:09:21.539 15538-15538 a2dp_vendor_aptx_tws    pid-15538                            E  APTX-TWS not enabled in non-split mode
2022-12-06 23:09:21.539 15538-15538 a2dp_codec              pid-15538                            D  createCodec: codec SBC SINK
2022-12-06 23:09:21.539 15538-15538 a2dp_codec              pid-15538                            I  init: updated SBC(Sink) codec priority to 5001
2022-12-06 23:09:21.539 15538-15538 a2dp_codec              pid-15538                            I  init: initialized Source codec LDAC
2022-12-06 23:09:21.539 15538-15538 a2dp_codec              pid-15538                            I  init: initialized Source codec aptX-adaptive
2022-12-06 23:09:21.539 15538-15538 a2dp_codec              pid-15538                            I  init: initialized Source codec aptX
2022-12-06 23:09:21.539 15538-15538 a2dp_codec              pid-15538                            I  init: initialized Source codec AAC
2022-12-06 23:09:21.539 15538-15538 a2dp_codec              pid-15538                            I  init: initialized Source codec SBC
2022-12-06 23:09:21.539 15538-15538 a2dp_codec              pid-15538                            I  init: initialized Sink codec SBC(Sink)
2022-12-06 23:09:21.539 15538-15538 a2dp_codec              pid-15538                            D  init
2022-12-06 23:09:21.539 15538-15538 a2dp_codec              pid-15538                            D  createCodec: codec SBC
2022-12-06 23:09:21.539 15538-15538 a2dp_sbc                pid-15538                            D  A2dpCodecConfigSbc
2022-12-06 23:09:21.539 15538-15538 a2dp_codec              pid-15538                            I  init: updated SBC codec priority to 1001
2022-12-06 23:09:21.539 15538-15538 a2dp_codec              pid-15538                            D  createCodec: codec AAC
2022-12-06 23:09:21.539 15538-15538 a2dp_codec              pid-15538                            I  init: updated AAC codec priority to 2001
2022-12-06 23:09:21.539 15538-15538 a2dp_codec              pid-15538                            D  createCodec: codec aptX
2022-12-06 23:09:21.539 15538-15538 a2dp_codec              pid-15538                            I  init: updated aptX codec priority to 3001
2022-12-06 23:09:21.539 15538-15538 a2dp_codec              pid-15538                            D  createCodec: codec aptX-HD
2022-12-06 23:09:21.540 15538-15538 a2dp_vendo...hd_encoder pid-15538                            E  A2DP_VendorLoadEncoderAptxHd: cannot open aptX-HD encoder library libaptXHD_encoder.so: dlopen failed: library "libaptXHD_encoder.so" not found
2022-12-06 23:09:21.540 15538-15538 a2dp_vendor_aptx_hd     pid-15538                            E  init: cannot load the encoder
2022-12-06 23:09:21.540 15538-15538 a2dp_codec              pid-15538                            D  createCodec: codec aptX-adaptive
2022-12-06 23:09:21.540 15538-15538 a2dp_codec              pid-15538                            I  init: updated aptX-adaptive codec priority to 5001
2022-12-06 23:09:21.540 15538-15538 a2dp_codec              pid-15538                            D  createCodec: codec LDAC
2022-12-06 23:09:21.540 15538-15538 a2dp_codec              pid-15538                            I  init: updated LDAC codec priority to 5001
2022-12-06 23:09:21.540 15538-15538 a2dp_codec              pid-15538                            D  createCodec: codec aptX-TWS
2022-12-06 23:09:21.540 15538-15538 a2dp_vendor_aptx_tws    pid-15538                            E  aptX-TWS supported only in offload mode
2022-12-06 23:09:21.540 15538-15538 a2dp_vendor_aptx_tws    pid-15538                            E  APTX-TWS not enabled in non-split mode
2022-12-06 23:09:21.540 15538-15538 a2dp_codec              pid-15538                            D  createCodec: codec SBC SINK
2022-12-06 23:09:21.540 15538-15538 a2dp_codec              pid-15538                            I  init: updated SBC(Sink) codec priority to 5001
2022-12-06 23:09:21.540 15538-15538 a2dp_codec              pid-15538                            I  init: initialized Source codec LDAC
2022-12-06 23:09:21.540 15538-15538 a2dp_codec              pid-15538                            I  init: initialized Source codec aptX-adaptive
2022-12-06 23:09:21.540 15538-15538 a2dp_codec              pid-15538                            I  init: initialized Source codec aptX
2022-12-06 23:09:21.540 15538-15538 a2dp_codec              pid-15538                            I  init: initialized Source codec AAC
2022-12-06 23:09:21.540 15538-15538 a2dp_codec              pid-15538                            I  init: initialized Source codec SBC
2022-12-06 23:09:21.540 15538-15538 a2dp_codec              pid-15538                            I  init: initialized Sink codec SBC(Sink)
2022-12-06 23:09:21.540 15538-15538 bt_btif                 pid-15538                            D  btif_dispatch_sm_event: event: 35, len: 6
2022-12-06 23:09:21.540 15538-15570 bt_btif                 pid-15538                            D  ignore updating BTIF_AV_SOURCE_CONFIG_UPDATED_EVT
2022-12-06 23:09:21.540 15538-15538 bt_btif                 pid-15538                            D  btif_dispatch_sm_event: event 35 sent
2022-12-06 23:09:21.540 15538-15599 bt_btif                 pid-15538                            E  UIPC_Read : channel 1 closed
2022-12-06 23:09:21.540 15538-15599 bt_btif                 pid-15538                            E  Invalid cmd pending for ack
2022-12-06 23:09:21.540 15538-15570 bt_btif                 pid-15538                            E  btif_a2dp_source_startup: A2DP Source media task already running
2022-12-06 23:09:21.540 15538-15570 bt_btif                 pid-15538                            D  btif_av_state_idle_handler event:UNKNOWN_EVENT flags 0 on index 0
2022-12-06 23:09:21.540 15538-15570 bt_btif                 pid-15538                            W  btif_av_state_idle_handler: unhandled event=UNKNOWN_EVENT
2022-12-06 23:09:21.540 15538-15570 bt_btif_storage         pid-15538                            I  btif_storage_get_adapter_property service_mask:0x20000048
2022-12-06 23:09:21.540 15538-15589 bt_l2cap                pid-15538                            W  L2CAP - L2CA_Register() called for PSM: 0x0019
2022-12-06 23:09:21.541 15538-15589 bt_l2cap                pid-15538                            W  L2CAP - L2CA_Register() called for PSM: 0x0017
2022-12-06 23:09:21.541 15538-15589 bt_l2cap                pid-15538                            W  L2CAP - L2CA_Register() called for PSM: 0x001b
2022-12-06 23:09:21.541 15538-15589 bt_btif                 pid-15538                            E  bta_av_co_get_active_peer: peer index out of bounds: 2
2022-12-06 23:09:21.541 15538-15589 bt_btif                 pid-15538                            E  bta_av_co_get_active_peer: peer index out of bounds: 2
2022-12-06 23:09:21.541 15538-15570 bt_btif                 pid-15538                            D  btif_av_state_idle_handler event:BTA_AV_ENABLE_EVT flags 0 on index 0
2022-12-06 23:09:21.541 15538-15589 bt_btif                 pid-15538                            E  bta_av_co_get_active_peer: peer index out of bounds: 2
2022-12-06 23:09:21.541 15538-15589 chatty                  pid-15538                            I  uid=1002(bluetooth) btu message loo identical 1 line
2022-12-06 23:09:21.541 15538-15589 bt_btif                 pid-15538                            E  bta_av_co_get_active_peer: peer index out of bounds: 2
2022-12-06 23:09:21.541 15538-15589 a2dp_vendo...x_adaptive pid-15538                            E  A2DP_VendorInitCodecConfigAptxAdaptive: APTX-ADAPTIVE is not supported in Non-Split mode
2022-12-06 23:09:21.541 15538-15589 bt_btif                 pid-15538                            E  bta_av_co_get_active_peer: peer index out of bounds: 2
2022-12-06 23:09:21.541 15538-15589 bt_btif                 pid-15538                            E  bta_av_co_get_active_peer: peer index out of bounds: 2
2022-12-06 23:09:21.541 15538-15589 bt_btif                 pid-15538                            D  AVRC_Open role: 1, control:67 status:0, handle:0
2022-12-06 23:09:21.541 15538-15589 bt_btif                 pid-15538                            D  rc_acp_handle: 0 idx: 1
2022-12-06 23:09:21.541 15538-15589 bt_btif                 pid-15538                            D  bta_av_rc_create create 0, role: 1, shdl:0, rc_handle:0, lidx:3, status:0x10
2022-12-06 23:09:21.541 15538-15589 bt_btif                 pid-15538                            E  bta_av_co_get_active_peer: peer index out of bounds: 2
2022-12-06 23:09:21.541 15538-15589 chatty                  pid-15538                            I  uid=1002(bluetooth) btu message loo identical 3 lines
2022-12-06 23:09:21.541 15538-15589 bt_btif                 pid-15538                            E  bta_av_co_get_active_peer: peer index out of bounds: 2
2022-12-06 23:09:21.541 15538-15589 a2dp_vendo...x_adaptive pid-15538                            E  A2DP_VendorInitCodecConfigAptxAdaptive: APTX-ADAPTIVE is not supported in Non-Split mode
2022-12-06 23:09:21.541 15538-15589 bt_btif                 pid-15538                            E  bta_av_co_get_active_peer: peer index out of bounds: 2
2022-12-06 23:09:21.541 15538-15589 bt_btif                 pid-15538                            E  bta_av_co_get_active_peer: peer index out of bounds: 2
2022-12-06 23:09:21.541 15538-15570 bt_btif                 pid-15538                            D  btif_av_state_idle_handler event:BTA_AV_REGISTER_EVT flags 0 on index 0
2022-12-06 23:09:21.541 15538-15570 bt_btif                 pid-15538                            D  btif_av_state_idle_handler event:BTA_AV_REGISTER_EVT flags 0 on index 1
2022-12-06 23:09:21.541 15538-15538 A2dpService             pid-15538                            D  A2DP offload flag set to false
2022-12-06 23:09:21.544 15538-15538 A2dpService             pid-15538                            D  setA2dpService(): set to: com.android.bluetooth.a2dp.A2dpService@212e6ea
2022-12-06 23:09:21.545 15538-15538 A2dpService             pid-15538                            W  setActiveDevice(null): previous is null
2022-12-06 23:09:21.545 15538-15538 BluetoothBATServiceJni  pid-15538                            I  classInitNative: Enter
2022-12-06 23:09:21.545 15538-15538 BluetoothBATServiceJni  pid-15538                            I  classInitNative: succeeds
2022-12-06 23:09:21.545 15538-15538 BATService              pid-15538                            D  getBATService(): service is NULL
2022-12-06 23:09:21.545 15538-15538 A2dpService             pid-15538                            D   setActiveDevice: BA active false
2022-12-06 23:09:21.545 15538-15538 A2dpService             pid-15538                            D  broadcastActiveDevice(null)
2022-12-06 23:09:21.546 15538-15538 A2dpService             pid-15538                            D   profile started successfully
2022-12-06 23:09:21.547 15538-15538 HeadsetPhoneState       pid-15538                            D  onReceive: android.intent.action.SIM_STATE_CHANGED
2022-12-06 23:09:21.548  1991-2059  CompatibilityInfo       pid-1991                             D  mCompatibilityFlags - 0
2022-12-06 23:09:21.548  1991-2059  CompatibilityInfo       pid-1991                             D  applicationDensity - 320
2022-12-06 23:09:21.548  1991-2059  CompatibilityInfo       pid-1991                             D  applicationScale - 1.0
2022-12-06 23:09:21.550 15538-15538 HeadsetPhoneState       pid-15538                            D  SIM loaded, making mIsSimStateLoaded to true for slotId = 1
2022-12-06 23:09:21.550 15538-15538 HeadsetPhoneState       pid-15538                            D  sendDeviceStateChanged. mService=0 mIsSimStateLoaded=true mSignal=0 mRoam=0 mBatteryCharge=0
2022-12-06 23:09:21.551 15538-15538 BluetoothH...ServiceJni pid-15538                            I  classInitNative: succeeds
2022-12-06 23:09:21.552 15538-15538 BluetoothAdapterService pid-15538                            D  getAdapterService() - returning com.android.bluetooth.btservice.AdapterService@1ca9983
2022-12-06 23:09:21.552 15538-15538 HidHostService          pid-15538                            D  Received start request. Starting profile...
2022-12-06 23:09:21.552 15538-15538 BluetoothAdapterService pid-15538                            D  getAdapterService() - returning com.android.bluetooth.btservice.AdapterService@1ca9983
2022-12-06 23:09:21.555 15538-15538 bt_btif                 pid-15538                            I  get_profile_interface: id = hidhost
2022-12-06 23:09:21.555 15538-15538 HidHostService          pid-15538                            D   profile started successfully
2022-12-06 23:09:21.555 15538-15570 bt_bta_hh               pid-15538                            I  BTA_HhEnable sec_mask:0x36 p_cback:0x7675d6e724
2022-12-06 23:09:21.555 15538-15570 bt_btif_storage         pid-15538                            I  btif_storage_get_adapter_property service_mask:0x20100048
2022-12-06 23:09:21.555 15538-15589 bt_l2cap                pid-15538                            W  L2CAP - L2CA_Register() called for PSM: 0x0011
2022-12-06 23:09:21.555 15538-15589 bt_l2cap                pid-15538                            W  L2CAP - L2CA_Register() called for PSM: 0x0013
2022-12-06 23:09:21.555 15538-15589 bt_stack                pid-15538                            I  [INFO:gatt_api.cc(949)] GATT_Registeracae793d-8c14-09e8-cfe2-29ec72251fa1
2022-12-06 23:09:21.555 15538-15589 bt_stack                pid-15538                            I  [INFO:gatt_api.cc(969)] allocated gatt_if=4
2022-12-06 23:09:21.556 15538-15538 BluetoothH...ServiceJni pid-15538                            I  classInitNative: succeeds
2022-12-06 23:09:21.556 15538-15538 BluetoothAdapterService pid-15538                            D  getAdapterService() - returning com.android.bluetooth.btservice.AdapterService@1ca9983
2022-12-06 23:09:21.556 15538-15538 HealthService           pid-15538                            D  Received start request. Starting profile...
2022-12-06 23:09:21.556 15538-15538 BluetoothAdapterService pid-15538                            D  getAdapterService() - returning com.android.bluetooth.btservice.AdapterService@1ca9983
2022-12-06 23:09:21.558 15538-15538 bt_btif                 pid-15538                            I  get_profile_interface: id = health
2022-12-06 23:09:21.558 15538-15538 HealthService           pid-15538                            D  setHealthService(): set to: com.android.bluetooth.hdp.HealthService@3ce0b89
2022-12-06 23:09:21.558 15538-15538 HealthService           pid-15538                            D   profile started successfully
2022-12-06 23:09:21.559 15538-15538 BluetoothAdapterService pid-15538                            D  handleMessage() - Message: 1
2022-12-06 23:09:21.559 15538-15538 BluetoothAdapterService pid-15538                            D  handleMessage() - MESSAGE_PROFILE_SERVICE_STATE_CHANGED
2022-12-06 23:09:21.559 15538-15538 BluetoothAdapterService pid-15538                            D  handleMessage() - Message: 2
2022-12-06 23:09:21.559 15538-15538 BluetoothAdapterService pid-15538                            D  handleMessage() - MESSAGE_PROFILE_SERVICE_REGISTERED
2022-12-06 23:09:21.559 15538-15538 BluetoothPanServiceJni  pid-15538                            I  classInitNative(L111): succeeds
2022-12-06 23:09:21.560 15538-15538 BluetoothAdapterService pid-15538                            D  getAdapterService() - returning com.android.bluetooth.btservice.AdapterService@1ca9983
2022-12-06 23:09:21.561 15538-15538 PanService              pid-15538                            D  Received start request. Starting profile...
2022-12-06 23:09:21.561 15538-15538 BluetoothAdapterService pid-15538                            D  getAdapterService() - returning com.android.bluetooth.btservice.AdapterService@1ca9983
2022-12-06 23:09:21.563 15538-15538 BluetoothPanServiceJni  pid-15538                            D  initializeNative(L116): pan
2022-12-06 23:09:21.563 15538-15538 bt_btif                 pid-15538                            I  get_profile_interface: id = pan
2022-12-06 23:09:21.564 15538-15589 bt_l2cap                pid-15538                            W  L2CAP - L2CA_Register() called for PSM: 0x000f
2022-12-06 23:09:21.564 15538-15538 PanService              pid-15538                            D   profile started successfully
2022-12-06 23:09:21.564 15538-15570 BluetoothPanServiceJni  pid-15538                            D  control_state_callback(L63): state:0, local_role:3, ifname:bt-pan
2022-12-06 23:09:21.564 15538-15538 HeadsetPhoneState       pid-15538                            D  sendDeviceStateChanged. mService=0 mIsSimStateLoaded=true mSignal=0 mRoam=0 mBatteryCharge=3
2022-12-06 23:09:21.565 15538-15538 BluetoothAdapterService pid-15538                            D  getAdapterService() - returning com.android.bluetooth.btservice.AdapterService@1ca9983
2022-12-06 23:09:21.566 15538-15538 BluetoothMapService     pid-15538                            D  Received start request. Starting profile...
2022-12-06 23:09:21.566 15538-15538 BluetoothAdapterService pid-15538                            D  getAdapterService() - returning com.android.bluetooth.btservice.AdapterService@1ca9983
2022-12-06 23:09:21.569 15538-15538 BluetoothMapService     pid-15538                            D  start()
2022-12-06 23:09:21.572 15538-15538 BluetoothMapFixes       pid-15538                            D  mSessionStatusHandler CREATE_MAS_INSTANCES
2022-12-06 23:09:21.572 15538-15538 BluetoothMapService     pid-15538                            D  mSmsCapable :true
2022-12-06 23:09:21.572 15538-15538 BluetoothMapService     pid-15538                            D  setBluetoothMapService(): set to: com.android.bluetooth.map.BluetoothMapService@d2ade9a
2022-12-06 23:09:21.572 15538-15538 BluetoothMapService     pid-15538                            D   profile started successfully
2022-12-06 23:09:21.572 15538-15603 BluetoothMapService     pid-15538                            V  Handler(): got msg=5
2022-12-06 23:09:21.572 15538-15603 BluetoothMapService     pid-15538                            D  CREATE_MAS_INSTANCES
2022-12-06 23:09:21.573 15538-15603 BluetoothAdapterService pid-15538                            D  getAdapterService() - returning com.android.bluetooth.btservice.AdapterService@1ca9983
2022-12-06 23:09:21.573 15538-15603 BluetoothVendorService  pid-15538                            D  getProfileInfo profile_id: 3
2022-12-06 23:09:21.573 15538-15538 BluetoothAdapterService pid-15538                            D  getAdapterService() - returning com.android.bluetooth.btservice.AdapterService@1ca9983
2022-12-06 23:09:21.573 15538-15603 BluetoothVendorJni      pid-15538                            I  getProfileInfoNative
2022-12-06 23:09:21.573 15538-15603 bt_btif_vendor          pid-15538                            I  get_profile_info :3
2022-12-06 23:09:21.573 15538-15603 bt_device_profile       pid-15538                            W  profile_feature_fetch:profile 3
2022-12-06 23:09:21.573 15538-15603 bt_device_profile       pid-15538                            W  profile_feature_fetch:MAP_EMAIL_SUPPORT found 1
2022-12-06 23:09:21.573 15538-15603 BluetoothMapAppObserver pid-15538                            D  isEmailSupported: true
2022-12-06 23:09:21.573 15538-15538 NewAvrcpTargetService   pid-15538                            D  Received start request. Starting profile...
2022-12-06 23:09:21.573 15538-15538 BluetoothAdapterService pid-15538                            D  getAdapterService() - returning com.android.bluetooth.btservice.AdapterService@1ca9983
2022-12-06 23:09:21.575 15538-15603 BluetoothM...ountLoader pid-15538                            D  Found 0 application(s) with intent android.bluetooth.action.BLUETOOTH_MAP_PROVIDER
