2022-12-06 23:09:20.938 15538-15565 bt_device_interop       pid-15538                            W   feature:: 15, key :: Mi Bluetooth Headphones, value :: Name_Based
2022-12-06 23:09:20.938 15538-15565 bt_device_interop       pid-15538                            W   feature:: 15, key :: 64:5A:ED, value :: Address_Based
2022-12-06 23:09:20.938 15538-15565 bt_device_interop       pid-15538                            W   feature:: 15, key :: BeatsX, value :: Name_Based
2022-12-06 23:09:20.938 15538-15565 bt_device_interop       pid-15538                            W   feature:: 15, key :: 00:1B:66, value :: Address_Based
2022-12-06 23:09:20.938 15538-15565 bt_device_interop       pid-15538                            W   feature:: 15, key :: MOMENTUM M2 IEBT, value :: Name_Based
2022-12-06 23:09:20.938 15538-15565 bt_device_interop       pid-15538                            W   feature:: 15, key :: SRS-XB20, value :: Name_Based
2022-12-06 23:09:20.938 15538-15565 bt_device_interop       pid-15538                            W   feature:: 15, key :: C4:45:67, value :: Address_Based
2022-12-06 23:09:20.939 15538-15565 bt_device_interop       pid-15538                            W   feature:: 15, key :: ATH-CKR35BT, value :: Name_Based
2022-12-06 23:09:20.939 15538-15565 bt_device_interop       pid-15538                            W   feature:: 15, key :: 00:0A:45, value :: Address_Based
2022-12-06 23:09:20.939 15538-15565 bt_device_interop       pid-15538                            W   feature:: 15, key :: ATH-AR5BT, value :: Name_Based
2022-12-06 23:09:20.939 15538-15565 bt_device_interop       pid-15538                            W   feature:: 15, key :: 6C:5A:B5, value :: Address_Based
2022-12-06 23:09:20.939 15538-15565 bt_device_interop       pid-15538                            W   feature:: 15, key :: Philips SHB8850NC, value :: Name_Based
2022-12-06 23:09:20.939 15538-15565 bt_device_interop       pid-15538                            W   feature:: 15, key :: B8:AD:3E, value :: Address_Based
2022-12-06 23:09:20.939 15538-15565 bt_device_interop       pid-15538                            W   feature:: 15, key :: LG HBSA100, value :: Name_Based
2022-12-06 23:09:20.939 15538-15565 bt_device_interop       pid-15538                            W   feature:: 15, key :: LG HBS1100, value :: Name_Based
2022-12-06 23:09:20.939 15538-15565 bt_device_interop       pid-15538                            W   feature:: 15, key :: 00:18:09, value :: Address_Based
2022-12-06 23:09:20.939 15538-15565 bt_device_interop       pid-15538                            W   feature:: 15, key :: MDR-XB80BS, value :: Name_Based
2022-12-06 23:09:20.939 15538-15565 bt_device_interop       pid-15538                            W   feature:: 15, key :: 7C:04:D0, value :: Address_Based
2022-12-06 23:09:20.939 15538-15565 bt_device_interop       pid-15538                            W   feature:: 15, key :: 18:F1:D8, value :: Address_Based
2022-12-06 23:09:20.939 15538-15565 bt_device_interop       pid-15538                            W   feature:: 15, key :: 18:81:0E, value :: Address_Based
2022-12-06 23:09:20.939 15538-15565 bt_device_interop       pid-15538                            W   feature:: 15, key :: 24:F6:77, value :: Address_Based
2022-12-06 23:09:20.939 15538-15565 bt_device_interop       pid-15538                            W   feature:: 15, key :: AirPods, value :: Name_Based
2022-12-06 23:09:20.939 15538-15565 bt_device_interop       pid-15538                            W   feature:: 15, key :: 48:D6:D5, value :: Address_Based
2022-12-06 23:09:20.939 15538-15565 bt_device_interop       pid-15538                            W   feature:: 15, key :: Pixel Buds 7943, value :: Name_Based
2022-12-06 23:09:20.939 15538-15565 bt_device_interop       pid-15538                            W   feature:: 15, key :: 8C:DE:52, value :: Address_Based
2022-12-06 23:09:20.939 15538-15565 bt_device_interop       pid-15538                            W   feature:: 15, key :: SRS-X33, value :: Name_Based
2022-12-06 23:09:20.939 15538-15565 bt_device_interop       pid-15538                            W   feature:: 15, key :: 04:5D:4B, value :: Address_Based
2022-12-06 23:09:20.939 15538-15565 bt_device_interop       pid-15538                            W   feature:: 15, key :: WH-1000XM2, value :: Name_Based
2022-12-06 23:09:20.939 15538-15565 bt_device_interop       pid-15538                            W   feature:: 15, key :: h.ear (MDR-100ABN), value :: Name_Based
2022-12-06 23:09:20.939 15538-15565 bt_device_interop       pid-15538                            W   feature:: 15, key :: WI-1000X, value :: Name_Based
2022-12-06 23:09:20.939 15538-15565 bt_device_interop       pid-15538                            W   feature:: 15, key :: WH-H800 (h.ear), value :: Name_Based
2022-12-06 23:09:20.939 15538-15565 bt_device_interop       pid-15538                            W   feature:: 15, key :: MDR-1000X, value :: Name_Based
2022-12-06 23:09:20.939 15538-15565 bt_device_interop       pid-15538                            W   feature:: 15, key :: WI-H700 (h.ear), value :: Name_Based
2022-12-06 23:09:20.939 15538-15565 bt_device_interop       pid-15538                            W   feature:: 15, key :: WH-H900N (h.ear), value :: Name_Based
2022-12-06 23:09:20.939 15538-15565 bt_device_interop       pid-15538                            W   feature:: 15, key :: 10:4F:A8, value :: Address_Based
2022-12-06 23:09:20.939 15538-15565 bt_device_interop       pid-15538                            W   feature:: 15, key :: MDR-1ABT, value :: Name_Based
2022-12-06 23:09:20.939 15538-15565 bt_device_interop       pid-15538                            W   feature:: 15, key :: h.ear (MDR-EX750BT), value :: Name_Based
2022-12-06 23:09:20.939 15538-15565 bt_device_interop       pid-15538                            W   feature:: 15, key :: AC:9B:0A, value :: Address_Based
2022-12-06 23:09:20.939 15538-15565 bt_device_interop       pid-15538                            W   feature:: 15, key :: MDR-ZX770BN, value :: Name_Based
2022-12-06 23:09:20.939 15538-15565 bt_device_interop       pid-15538                            W   feature:: 15, key :: 04:52:C7, value :: Address_Based
2022-12-06 23:09:20.939 15538-15565 bt_device_interop       pid-15538                            W   feature:: 15, key :: Bose QuietComfort 35, value :: Name_Based
2022-12-06 23:09:20.939 15538-15565 bt_device_interop       pid-15538                            W   feature:: 15, key :: 94:B2:CC, value :: Address_Based
2022-12-06 23:09:20.939 15538-15565 bt_device_interop       pid-15538                            W   feature:: 15, key :: AVH-X5890BT, value :: Name_Based
2022-12-06 23:09:20.939 15538-15565 bt_device_interop       pid-15538                            W   feature:: 15, key :: AVH-A208BT, value :: Name_Based
2022-12-06 23:09:20.939 15538-15565 bt_device_interop       pid-15538                            W   feature:: 15, key :: 74:5E:1C, value :: Address_Based
2022-12-06 23:09:20.939 15538-15565 bt_device_interop       pid-15538                            W   feature:: 15, key :: AVH-X5790BT, value :: Name_Based
2022-12-06 23:09:20.939 15538-15565 bt_device_interop       pid-15538                            W   feature:: 15, key :: 00:1D:86, value :: Address_Based
2022-12-06 23:09:20.939 15538-15565 bt_device_interop       pid-15538                            W   feature:: 15, key :: Car Multimedia, value :: Name_Based
2022-12-06 23:09:20.939 15538-15565 bt_device_interop       pid-15538                            W   feature:: 15, key :: DDX6, value :: Name_Based
2022-12-06 23:09:20.939 15538-15565 bt_device_interop       pid-15538                            W   feature:: 15, key :: 90:03:B7, value :: Address_Based
2022-12-06 23:09:20.939 15538-15565 bt_device_interop       pid-15538                            W   feature:: 15, key :: Parrot ASTEROID, value :: Name_Based
2022-12-06 23:09:20.939 15538-15565 bt_device_interop       pid-15538                            W   feature:: 15, key :: 0C:E0:E4, value :: Address_Based
2022-12-06 23:09:20.939 15538-15565 bt_device_interop       pid-15538                            W   feature:: 15, key :: PLT_BBTPRO, value :: Name_Based
2022-12-06 23:09:20.939 15538-15565 bt_device_interop       pid-15538                            W   feature:: 15, key :: A4:15:66, value :: Address_Based
2022-12-06 23:09:20.939 15538-15565 bt_device_interop       pid-15538                            W   feature:: 15, key :: Tracks Air, value :: Name_Based
2022-12-06 23:09:20.939 15538-15565 bt_device_interop       pid-15538                            W   feature:: 15, key :: 00:1A:7D, value :: Address_Based
2022-12-06 23:09:20.939 15538-15565 bt_device_interop       pid-15538                            W   feature:: 15, key :: 66 Audio BTS, value :: Name_Based
2022-12-06 23:09:20.939 15538-15565 bt_device_interop       pid-15538                            W   feature:: 15, key :: 88:E6:03, value :: Address_Based
2022-12-06 23:09:20.939 15538-15565 bt_device_interop       pid-15538                            W   feature:: 15, key :: XB10, value :: Name_Based
2022-12-06 23:09:20.939 15538-15565 bt_device_interop       pid-15538                            W   feature:: 15, key :: B8:69:C2, value :: Address_Based
2022-12-06 23:09:20.939 15538-15565 bt_device_interop       pid-15538                            W   feature:: 15, key :: SRS-XB3, value :: Name_Based
2022-12-06 23:09:20.939 15538-15565 bt_device_interop       pid-15538                            W   feature:: 15, key :: 30:C3:D9, value :: Address_Based
2022-12-06 23:09:20.939 15538-15565 bt_device_interop       pid-15538                            W   feature:: 15, key :: MB Bluetooth 84389, value :: Name_Based
2022-12-06 23:09:20.939 15538-15565 bt_device_interop       pid-15538                            W   feature:: 15, key :: 00:02:5B, value :: Address_Based
2022-12-06 23:09:20.939 15538-15565 bt_device_interop       pid-15538                            W   feature:: 15, key :: a8:5c:2c, value :: Address_Based
2022-12-06 23:09:20.939 15538-15565 bt_device_interop       pid-15538                            W   feature:: 15, key :: 70:87:63, value :: Address_Based
2022-12-06 23:09:20.939 15538-15565 bt_device_interop       pid-15538                            W   feature:: 15, key :: 00:87:63, value :: Address_Based
2022-12-06 23:09:20.939 15538-15565 bt_device_interop       pid-15538                            W   feature:: 15, key :: 9c:43:1e, value :: Address_Based
2022-12-06 23:09:20.939 15538-15565 bt_device_interop       pid-15538                            W   feature:: 15, key :: HATS_00025B0085E9, value :: Name_Based
2022-12-06 23:09:20.939 15538-15565 bt_device_interop       pid-15538                            W   feature:: 15, key :: MI AIRDOTS BASIC_L, value :: Name_Based
2022-12-06 23:09:20.939 15538-15565 bt_device_interop       pid-15538                            W   feature:: 15, key :: MI AIRDOTS BASIC_R, value :: Name_Based
2022-12-06 23:09:20.939 15538-15565 bt_device_interop       pid-15538                            W   feature:: 15, key :: TicPods Free, value :: Name_Based
2022-12-06 23:09:20.939 15538-15565 bt_device_interop       pid-15538                            W   feature:: 15, key :: 20:3C:AE, value :: Address_Based
2022-12-06 23:09:20.939 15538-15565 bt_device_interop       pid-15538                            W   feature:: 15, key :: Beats Solo³, value :: Name_Based
2022-12-06 23:09:20.940 15538-15565 bt_device_interop       pid-15538                            W   feature:: 15, key :: WI-SP500, value :: Name_Based
2022-12-06 23:09:20.940 15538-15565 bt_device_interop       pid-15538                            W   feature:: 15, key :: 00:02:22, value :: Address_Based
2022-12-06 23:09:20.940 15538-15565 bt_device_interop       pid-15538                            W   feature:: 15, key :: H8T, value :: Name_Based
2022-12-06 23:09:20.940 15538-15565 bt_device_interop       pid-15538                            W   feature:: 15, key :: WF-1000X, value :: Name_Based
2022-12-06 23:09:20.940 15538-15565 bt_device_interop       pid-15538                            W   feature:: 15, key :: QCY-T1_R, value :: Name_Based
2022-12-06 23:09:20.940 15538-15565 bt_device_interop       pid-15538                            W   feature:: 15, key :: 1C:52:16, value :: Address_Based
2022-12-06 23:09:20.940 15538-15565 bt_device_interop       pid-15538                            W   feature:: 15, key :: Beoplay H9i, value :: Name_Based
2022-12-06 23:09:20.940 15538-15565 bt_device_interop       pid-15538                            W   feature:: 15, key :: Beoplay e8, value :: Name_Based
2022-12-06 23:09:20.940 15538-15565 bt_device_interop       pid-15538                            W   feature:: 15, key :: 00:09:A7, value :: Address_Based
2022-12-06 23:09:20.940 15538-15565 bt_device_interop       pid-15538                            W   feature:: 15, key :: QCY-Q29_R, value :: Name_Based
2022-12-06 23:09:20.940 15538-15565 bt_device_interop       pid-15538                            W   feature:: 15, key :: LAXUN A+, value :: Name_Based
2022-12-06 23:09:20.940 15538-15565 bt_device_interop       pid-15538                            W   feature:: 15, key :: 00:11:67, value :: Address_Based
2022-12-06 23:09:20.940 15538-15565 bt_device_interop       pid-15538                            W   feature:: 15, key :: Losence I3 V4.1, value :: Name_Based
2022-12-06 23:09:20.940 15538-15565 bt_device_interop       pid-15538                            W   feature:: 15, key :: 00:B2:67, value :: Address_Based
2022-12-06 23:09:20.940 15538-15565 bt_device_interop       pid-15538                            W   feature:: 15, key :: A8:BE:27, value :: Address_Based
2022-12-06 23:09:20.940 15538-15565 bt_device_interop       pid-15538                            W   feature:: 15, key :: E0:D1:E6, value :: Address_Based
2022-12-06 23:09:20.940 15538-15565 bt_device_interop       pid-15538                            W   feature:: 15, key :: MINIJAMBOX by Jawbone, value :: Name_Based
2022-12-06 23:09:20.940 15538-15565 bt_device_interop       pid-15538                            W   feature:: 15, key :: 2C:41:A1, value :: Address_Based
2022-12-06 23:09:20.940 15538-15565 bt_device_interop       pid-15538                            W   feature:: 15, key :: Bose SoundSport, value :: Name_Based
2022-12-06 23:09:20.940 15538-15565 bt_device_interop       pid-15538                            W   feature:: 15, key :: Bose QC35 II, value :: Name_Based
2022-12-06 23:09:20.940 15538-15565 bt_device_interop       pid-15538                            W   feature:: 15, key :: DC:A4:CA, value :: Address_Based
2022-12-06 23:09:20.940 15538-15565 bt_device_interop       pid-15538                            W   feature:: 15, key :: 58:E2:8F, value :: Address_Based
2022-12-06 23:09:20.940 15538-15565 bt_device_interop       pid-15538                            W   feature:: 15, key :: BeatsStudio Wireless, value :: Name_Based
2022-12-06 23:09:20.940 15538-15565 bt_device_interop       pid-15538                            W   feature:: 15, key :: FC:4B:BC, value :: Address_Based
2022-12-06 23:09:20.940 15538-15565 bt_device_interop       pid-15538                            W   feature:: 15, key :: XAV-AX100, value :: Name_Based
2022-12-06 23:09:20.940 15538-15565 bt_device_interop       pid-15538                            W   feature:: 15, key :: 00:18:6b, value :: Address_Based
2022-12-06 23:09:20.940 15538-15565 bt_device_interop       pid-15538                            W   feature:: 15, key :: LG HBS730, value :: Name_Based
2022-12-06 23:09:20.940 15538-15565 bt_device_interop       pid-15538                            W   feature:: 15, key :: 40:26:19, value :: Address_Based
2022-12-06 23:09:20.940 15538-15565 bt_device_interop       pid-15538                            W   feature:: 15, key :: LG HBS-1100, value :: Name_Based
2022-12-06 23:09:20.940 15538-15565 bt_device_interop       pid-15538                            W   feature:: 15, key :: QCY-Q29_L, value :: Name_Based
2022-12-06 23:09:20.940 15538-15565 bt_device_interop       pid-15538                            W   feature:: 15, key :: 1C:52:17, value :: Address_Based
2022-12-06 23:09:20.940 15538-15565 bt_device_interop       pid-15538                            W   feature:: 15, key :: 00:42:79, value :: Address_Based
2022-12-06 23:09:20.940 15538-15565 bt_device_interop       pid-15538                            W   feature:: 15, key :: Funcl AI(R), value :: Name_Based
2022-12-06 23:09:20.940 15538-15565 bt_device_interop       pid-15538                            W   feature:: 15, key :: 00:23:01, value :: Address_Based
2022-12-06 23:09:20.940 15538-15565 bt_device_interop       pid-15538                            W   feature:: 15, key :: 00:23:03, value :: Address_Based
2022-12-06 23:09:20.940 15538-15565 bt_device_interop       pid-15538                            W   feature:: 15, key :: EDIFIER W280BT, value :: Name_Based
2022-12-06 23:09:20.940 15538-15565 bt_device_interop       pid-15538                            W   feature:: 15, key :: 60:8C:4A, value :: Address_Based
2022-12-06 23:09:20.940 15538-15565 bt_device_interop       pid-15538                            D  Entry is already present in the list
2022-12-06 23:09:20.940 15538-15565 bt_device_interop       pid-15538                            W   feature:: 15, key :: 2c:41:a1, value :: Address_Based
2022-12-06 23:09:20.940 15538-15565 bt_device_interop       pid-15538                            W   feature:: 15, key :: EDIFIER W360BT, value :: Name_Based
2022-12-06 23:09:20.940 15538-15565 bt_device_interop       pid-15538                            W   feature:: 15, key :: 00:00:01, value :: Address_Based
2022-12-06 23:09:20.940 15538-15565 bt_device_interop       pid-15538                            W   feature:: 15, key :: Sabbat E1, value :: Name_Based
2022-12-06 23:09:20.940 15538-15565 bt_device_interop       pid-15538                            W   feature:: 15, key :: 20:00:00, value :: Address_Based
2022-12-06 23:09:20.940 15538-15565 bt_device_interop       pid-15538                            W   feature:: 15, key :: 10:00:00, value :: Address_Based
2022-12-06 23:09:20.940 15538-15565 bt_device_interop       pid-15538                            W   feature:: 15, key :: 11:11:22, value :: Address_Based
2022-12-06 23:09:20.940 15538-15565 bt_device_interop       pid-15538                            D  Entry is already present in the list
2022-12-06 23:09:20.940 15538-15565 bt_device_interop       pid-15538                            W   feature:: 15, key :: 28:f5:37, value :: Address_Based
2022-12-06 23:09:20.940 15538-15565 bt_device_interop       pid-15538                            W   feature:: 15, key :: 78:A7:EB, value :: Address_Based
2022-12-06 23:09:20.940 15538-15565 bt_device_interop       pid-15538                            W   feature:: 15, key :: CC:46:67, value :: Address_Based
2022-12-06 23:09:20.940 15538-15565 bt_device_interop       pid-15538                            W   feature:: 15, key :: MID, value :: Name_Based
2022-12-06 23:09:20.940 15538-15565 bt_device_interop       pid-15538                            W   feature:: 15, key :: QCY-T1_L, value :: Name_Based
2022-12-06 23:09:20.940 15538-15565 bt_device_interop       pid-15538                            W   feature:: 15, key :: E8:EC:A3, value :: Address_Based
2022-12-06 23:09:20.940 15538-15565 bt_device_interop       pid-15538                            W   feature:: 15, key :: Funcl W1, value :: Name_Based
2022-12-06 23:09:20.940 15538-15565 bt_device_interop       pid-15538                            W   feature:: 15, key :: FlyPods Lite, value :: Name_Based
2022-12-06 23:09:20.941 15538-15565 bt_device_interop       pid-15538                            W   feature:: 15, key :: B4:86:55, value :: Address_Based
2022-12-06 23:09:20.941 15538-15565 bt_device_interop       pid-15538                            W   feature:: 15, key :: WF-SP700N, value :: Name_Based
2022-12-06 23:09:20.941 15538-15565 bt_device_interop       pid-15538                            D  Entry is already present in the list
2022-12-06 23:09:20.941 15538-15565 bt_device_interop       pid-15538                            W   feature:: 15, key :: SRS-XB10, value :: Name_Based
2022-12-06 23:09:20.941 15538-15565 bt_device_interop       pid-15538                            W   feature:: 15, key :: B8:D5:0B, value :: Address_Based
2022-12-06 23:09:20.941 15538-15565 bt_device_interop       pid-15538                            W   feature:: 15, key :: Jabra Elite 65t, value :: Name_Based
2022-12-06 23:09:20.941 15538-15565 bt_device_interop       pid-15538                            W   feature:: 15, key :: 74:5C:4B, value :: Address_Based
2022-12-06 23:09:20.941 15538-15565 bt_device_interop       pid-15538                            W   feature:: 15, key :: FiiO BTR3, value :: Name_Based
2022-12-06 23:09:20.941 15538-15565 bt_device_interop       pid-15538                            W   feature:: 15, key :: 40:ED:98, value :: Address_Based
2022-12-06 23:09:20.941 15538-15565 bt_device_interop       pid-15538                            W   feature:: 20, key :: 00:1B:DC-0x0012, value :: SSR_Max_Lat_Based
2022-12-06 23:09:20.941 15538-15565 bt_device_interop       pid-15538                            W   feature:: 20, key :: DC:2C:26-0x0000, value :: SSR_Max_Lat_Based
2022-12-06 23:09:20.941 15538-15565 bt_device_interop       pid-15538                            W   feature:: 20, key :: 54:46:6B-0x0001, value :: SSR_Max_Lat_Based
2022-12-06 23:09:20.941 15538-15565 bt_device_interop       pid-15538                            W   feature:: 24, key :: 98:7b:f3, value :: Address_Based
2022-12-06 23:09:20.941 15538-15565 bt_device_interop       pid-15538                            W   feature:: 26, key :: 04:52:c7, value :: Address_Based
2022-12-06 23:09:20.941 15538-15565 bt_device_interop       pid-15538                            W   feature:: 27, key :: 00:08:8a, value :: Address_Based
2022-12-06 23:09:20.941 15538-15565 bt_device_interop       pid-15538                            W   feature:: 27, key :: JABRA EASYGO, value :: Name_Based
2022-12-06 23:09:20.942 15538-15565 bt_device_interop       pid-15538                            W   feature:: 28, key :: 00:09:93, value :: Address_Based
2022-12-06 23:09:20.942 15538-15565 bt_device_interop       pid-15538                            W   feature:: 28, key :: 74:6f:f7, value :: Address_Based
2022-12-06 23:09:20.942 15538-15565 bt_device_interop       pid-15538                            W   feature:: 28, key :: A0:56:B2, value :: Address_Based
2022-12-06 23:09:20.942 15538-15565 bt_device_interop       pid-15538                            W   feature:: 9, key :: 08:62:66, value :: Address_Based
2022-12-06 23:09:20.942 15538-15565 bt_device_interop       pid-15538                            W   feature:: 9, key :: 38:2C:4A:C9, value :: Address_Based
2022-12-06 23:09:20.942 15538-15565 bt_device_interop       pid-15538                            W   feature:: 9, key :: 38:2C:4A:E6, value :: Address_Based
2022-12-06 23:09:20.942 15538-15565 bt_device_interop       pid-15538                            W   feature:: 9, key :: 54:A0:50:D9, value :: Address_Based
2022-12-06 23:09:20.942 15538-15565 bt_device_interop       pid-15538                            W   feature:: 9, key :: AC:9E:17, value :: Address_Based
2022-12-06 23:09:20.942 15538-15565 bt_device_interop       pid-15538                            W   feature:: 9, key :: F0:79:59, value :: Address_Based
2022-12-06 23:09:20.942 15538-15565 bt_device_interop       pid-15538                            W   feature:: 22, key :: 00:1D:86, value :: Address_Based
2022-12-06 23:09:20.942 15538-15565 bt_device_interop       pid-15538                            W   feature:: 22, key :: KMM-BT51*HD, value :: Name_Based
2022-12-06 23:09:20.942 15538-15565 bt_device_interop       pid-15538                            W   feature:: 10, key :: Pixel C Keyboard, value :: Name_Based
2022-12-06 23:09:20.942 15538-15565 bt_device_interop       pid-15538                            W   feature:: 10, key :: MiMouse, value :: Name_Based
2022-12-06 23:09:20.942 15538-15565 bt_device_interop       pid-15538                            W   feature:: 10, key :: HTC Fetch, value :: Name_Based
2022-12-06 23:09:20.942 15538-15565 bt_device_interop       pid-15538                            W   feature:: 30, key :: LG Lighting, value :: Name_Based
2022-12-06 23:09:20.942 15538-15565 bt_device_interop       pid-15538                            W   feature:: 30, key :: KS_5w4Zu, value :: Name_Based
2022-12-06 23:09:20.942 15538-15565 bt_device_interop       pid-15538                            W   feature:: 30, key :: ZUK, value :: Name_Based
2022-12-06 23:09:20.942 15538-15565 bt_device_interop       pid-15538                            W   feature:: 30, key :: ITAG, value :: Name_Based
2022-12-06 23:09:20.942 15538-15565 bt_device_interop       pid-15538                            W   feature:: 30, key :: Pokemon GO Plus, value :: Name_Based
2022-12-06 23:09:20.942 15538-15565 bt_device_interop       pid-15538                            W   feature:: 32, key :: 2c:dc:ad:08, value :: Address_Based
2022-12-06 23:09:20.942 15538-15565 bt_device_interop       pid-15538                            W   feature:: 32, key :: 74:6f:f7, value :: Address_Based
2022-12-06 23:09:20.942 15538-15565 bt_device_interop       pid-15538                            W   feature:: 17, key :: 11:11:22, value :: Address_Based
2022-12-06 23:09:20.942 15538-15565 bt_device_interop       pid-15538                            W   feature:: 17, key :: 00:c2:c6, value :: Address_Based
2022-12-06 23:09:20.945 15538-15565 bt_device_profile       pid-15538                            W  profile_config_init load config file succesful : /data/misc/bluedroid/bt_profile.conf
2022-12-06 23:09:20.945 15538-15565 bt_device_profile       pid-15538                            W   AVRCP_ID: key :: avrcp_0103_support, value :: false
2022-12-06 23:09:20.945 15538-15565 bt_device_profile       pid-15538                            W   AVRCP_ID: entry->profile_feature_type.avrcp_feature_entry.avrcp_0103_support false
2022-12-06 23:09:20.945 15538-15565 bt_device_profile       pid-15538                            W   AVRCP_ID: key :: avrcp_coverart_support, value :: true
2022-12-06 23:09:20.945 15538-15565 bt_device_profile       pid-15538                            W   AVRCP_ID: &entry->profile_feature_type.avrcp_feature_entry.avrcp_coverart_support true
2022-12-06 23:09:20.945 15538-15565 bt_device_profile       pid-15538                            D  Entry is already present in the list
2022-12-06 23:09:20.945 15538-15565 bt_device_profile       pid-15538                            W   PBAP_ID: key :: pbap_0102_support, value :: true
2022-12-06 23:09:20.945 15538-15565 bt_device_profile       pid-15538                            W   PBAP_ID: key :: use_sim_support, value :: true
2022-12-06 23:09:20.945 15538-15565 bt_device_profile       pid-15538                            D  Entry is already present in the list
2022-12-06 23:09:20.945 15538-15565 bt_device_profile       pid-15538                            W   MAP_ID: key :: map_email_support, value :: true
2022-12-06 23:09:20.945 15538-15565 bt_stack_config         pid-15538                            I  init attempt to load stack conf from /etc/bluetooth/bt_stack.conf
2022-12-06 23:09:20.946 15538-15570 bt_osi_thread           pid-15538                            I  run_thread: thread id 15570, thread name bt_jni_workqueue started
2022-12-06 23:09:20.947 15538-15565 bt_btif_core            pid-15538                            I  btif_init_bluetooth finished
2022-12-06 23:09:20.947 15538-15570 bt_btif_core            pid-15538                            I  run_message_loop entered
2022-12-06 23:09:20.951 15538-15565 bt_stack_manager        pid-15538                            I  event_init_stack finished
2022-12-06 23:09:20.951 15538-15538 bt_btif                 pid-15538                            I  get_profile_interface: id = socket
2022-12-06 23:09:20.951 15538-15570 bt_btif_storage         pid-15538                            E  btif_storage_get_adapter_property: Controller not ready! Unable to return Bluetooth Address
2022-12-06 23:09:20.951 15538-15570 BluetoothServiceJni     pid-15538                            E  adapter_properties_callback: Status 1 is incorrect
2022-12-06 23:09:20.952 15538-15538 bt_btif                 pid-15538                            I  get_profile_interface: id = sdp
2022-12-06 23:09:20.952 15538-15570 AdapterProperties       pid-15538                            D  Name is: हराmi
2022-12-06 23:09:20.952  1991-1991  BluetoothManagerService pid-1991                             D  Bluetooth Adapter name changed to हराmi
2022-12-06 23:09:20.952  1991-1991  BluetoothManagerService pid-1991                             D  Stored Bluetooth name: हराmi
2022-12-06 23:09:20.955 15538-15538 BluetoothAdapterService pid-15538                            I  Phone policy enabled
2022-12-06 23:09:20.956 15538-15538 BluetoothB...ateMachine pid-15538                            D  make
2022-12-06 23:09:20.959 15538-15571 BluetoothB...ateMachine pid-15538                            I  StableState(): Entering Off State
2022-12-06 23:09:20.959 15538-15538 BluetoothA...iceManager pid-15538                            D  start()
2022-12-06 23:09:20.967 15538-15572 BluetoothA...iceManager pid-15538                            D  onAudioDevicesAdded
2022-12-06 23:09:20.967 15538-15538 BluetoothAdapterService pid-15538                            D  setAdapterService() - trying to set service to com.android.bluetooth.btservice.AdapterService@1ca9983
2022-12-06 23:09:20.967 15538-15572 BluetoothA...iceManager pid-15538                            D  Audio device added: Redmi Y3 type: 1
2022-12-06 23:09:20.967 15538-15572 BluetoothA...iceManager pid-15538                            D  Audio device added: Redmi Y3 type: 2
2022-12-06 23:09:20.967 15538-15572 BluetoothA...iceManager pid-15538                            D  Audio device added: Redmi Y3 type: 18
2022-12-06 23:09:20.967 15538-15572 BluetoothA...iceManager pid-15538                            D  Audio device added: Redmi Y3 type: 15
2022-12-06 23:09:20.967 15538-15572 BluetoothA...iceManager pid-15538                            D  Audio device added: Redmi Y3 type: 15
2022-12-06 23:09:20.967 15538-15572 BluetoothA...iceManager pid-15538                            D  Audio device added: Redmi Y3 type: 16
2022-12-06 23:09:20.967 15538-15572 BluetoothA...iceManager pid-15538                            D  Audio device added: Redmi Y3 type: 18
2022-12-06 23:09:20.967 15538-15538 bt_btif                 pid-15538                            I  get_profile_interface: id = vendor
2022-12-06 23:09:20.967 15538-15538 bt_btif_vendor          pid-15538                            I  init
2022-12-06 23:09:20.967 15538-15538 bt_btif_vendor          pid-15538                            I  init done
2022-12-06 23:09:20.967 15538-15538 BluetoothVendorService  pid-15538                            D  Qti Stack enabled status: true
2022-12-06 23:09:20.967 15538-15538 bt_btif                 pid-15538                            I  get_profile_interface: id = vendorSocket
2022-12-06 23:09:20.970 15538-15538 AdapterProperties       pid-15538                            I  overwriting mMaxConnectedAudioDevices to 2 for vendor stack
2022-12-06 23:09:20.970 15538-15538 AdapterProperties       pid-15538                            I  init(), maxConnectedAudioDevices, default=5, propertyOverlayed=5, finalValue=2
2022-12-06 23:09:20.972 15538-15538 BluetoothAdapterService pid-15538                            D  onBind()
2022-12-06 23:09:20.975  1991-1991  BluetoothManagerService pid-1991                             D  BluetoothServiceConnection: com.android.bluetooth.btservice.AdapterService
2022-12-06 23:09:20.975  1991-2066  BluetoothManagerService pid-1991                             D  MESSAGE_BLUETOOTH_SERVICE_CONNECTED: 1
2022-12-06 23:09:20.975  1991-2066  BluetoothManagerService pid-1991                             D  Broadcasting onBluetoothServiceUp() to 13 receivers.
2022-12-06 23:09:20.976  3141-29752 BluetoothAdapter        pid-3141                             D  onBluetoothServiceUp: android.bluetooth.IBluetooth$Stub$Proxy@552c277
2022-12-06 23:09:20.976 32590-4066  BluetoothAdapter        pid-32590                            D  onBluetoothServiceUp: android.bluetooth.IBluetooth$Stub$Proxy@b6d2079
2022-12-06 23:09:20.976  1991-2066  BluetoothAdapter        pid-1991                             D  onBluetoothServiceUp: android.bluetooth.IBluetooth$Stub$Proxy@352f3e3
2022-12-06 23:09:20.976  3899-3930  BluetoothAdapter        pid-3899                             D  onBluetoothServiceUp: android.bluetooth.IBluetooth$Stub$Proxy@e409594
2022-12-06 23:09:20.976  2249-2485  BluetoothAdapter        pid-2249                             D  onBluetoothServiceUp: android.bluetooth.IBluetooth$Stub$Proxy@b61e55c
2022-12-06 23:09:20.977  1340-10913 BluetoothAdapter        pid-1340                             D  onBluetoothServiceUp: android.bluetooth.IBluetooth$Stub$Proxy@f0befa9
2022-12-06 23:09:20.977   963-1192  BluetoothAdapter        pid-963                              D  onBluetoothServiceUp: android.bluetooth.IBluetooth$Stub$Proxy@5e34778
2022-12-06 23:09:20.977 15538-15551 BluetoothAdapter        pid-15538                            D  onBluetoothServiceUp: com.android.bluetooth.btservice.AdapterService$AdapterServiceBinder@c3213eb
2022-12-06 23:09:20.977  2598-2889  BluetoothAdapter        pid-2598                             D  onBluetoothServiceUp: android.bluetooth.IBluetooth$Stub$Proxy@8297a91
2022-12-06 23:09:20.977  1466-1478  BluetoothAdapter        pid-1466                             D  onBluetoothServiceUp: android.bluetooth.IBluetooth$Stub$Proxy@f6504a9
2022-12-06 23:09:20.977 15538-15578 BondStateTracker        pid-15538                            V  Restore map data from shared preference: 64:A2:F9:9F:2A:9B 1000
2022-12-06 23:09:20.977 15454-15469 BluetoothAdapter        com...ner.arduinotoandroidbluetooth  D  onBluetoothServiceUp: android.bluetooth.IBluetooth$Stub$Proxy@cdb1d21
2022-12-06 23:09:20.977 15538-15550 BluetoothAdapterService pid-15538                            D  enable() - Enable called with quiet mode status =  false
2022-12-06 23:09:20.977  4555-4665  BluetoothAdapter        pid-4555                             D  onBluetoothServiceUp: android.bluetooth.IBluetooth$Stub$Proxy@92972b9
2022-12-06 23:09:20.978 15538-15578 BondStateTracker        pid-15538                            V  Restore map data from shared preference: 11:11:22:AC:C0:5D 1000
2022-12-06 23:09:20.978 15538-15564 AdapterState            pid-15538                            I  BLE_TURNING_ON : entered
2022-12-06 23:09:20.978 15538-15564 AdapterProperties       pid-15538                            D  Setting state to BLE_TURNING_ON
2022-12-06 23:09:20.978 15538-15564 BluetoothAdapterService pid-15538                            D  updateAdapterState() - Broadcasting state BLE_TURNING_ON to 1 receivers.
2022-12-06 23:09:20.978 13036-13048 BluetoothAdapter        pid-13036                            D  onBluetoothServiceUp: android.bluetooth.IBluetooth$Stub$Proxy@dab40f3
2022-12-06 23:09:20.978  1991-2066  BluetoothManagerService pid-1991                             D  MESSAGE_BLUETOOTH_STATE_CHANGE: OFF > BLE_TURNING_ON
2022-12-06 23:09:20.978  1991-2066  BluetoothManagerService pid-1991                             D  Sending BLE State Change: OFF > BLE_TURNING_ON
2022-12-06 23:09:20.979 15538-15564 BluetoothAdapterService pid-15538                            D  bleOnProcessStart()
2022-12-06 23:09:20.980 15538-15578 BondStateTracker        pid-15538                            V  Restore map data from shared preference: 00:58:00:00:1C:C4 1000
2022-12-06 23:09:20.980 15538-15564 AdapterServiceConfig    pid-15538                            D   addAudioProfiles profileHeadsetService
2022-12-06 23:09:20.980 15538-15564 AdapterServiceConfig    pid-15538                            I  addAudioProfiles isA2dpSink :false
2022-12-06 23:09:20.980 15538-15564 AdapterServiceConfig    pid-15538                            V  Adding HeadsetService
2022-12-06 23:09:20.980 15538-15564 AdapterServiceConfig    pid-15538                            D   addAudioProfiles profileA2dpService
2022-12-06 23:09:20.980 15538-15564 AdapterServiceConfig    pid-15538                            I  addAudioProfiles isA2dpSink :false
2022-12-06 23:09:20.981 15538-15564 AdapterServiceConfig    pid-15538                            V  Adding A2dpService
2022-12-06 23:09:20.981 15538-15564 AdapterServiceConfig    pid-15538                            D   addAudioProfiles profileA2dpSinkService
2022-12-06 23:09:20.981 15538-15564 AdapterServiceConfig    pid-15538                            I  addAudioProfiles isA2dpSink :false
2022-12-06 23:09:20.981 15538-15564 AdapterServiceConfig    pid-15538                            I   Profile A2dpSinkService Not added
2022-12-06 23:09:20.981 15538-15564 AdapterServiceConfig    pid-15538                            D   addAudioProfiles profileHidHostService
2022-12-06 23:09:20.981 15538-15564 AdapterServiceConfig    pid-15538                            I  addAudioProfiles isA2dpSink :false
2022-12-06 23:09:20.981 15538-15564 AdapterServiceConfig    pid-15538                            V  Adding HidHostService
2022-12-06 23:09:20.981 15538-15564 AdapterServiceConfig    pid-15538                            D   addAudioProfiles profileHealthService
2022-12-06 23:09:20.981 15538-15564 AdapterServiceConfig    pid-15538                            I  addAudioProfiles isA2dpSink :false
2022-12-06 23:09:20.981 32590-3941  NearbyDiscovery         pid-32590                            I  FastPairHandler: Received action android.bluetooth.adapter.action.BLE_STATE_CHANGED [CONTEXT service_id=265 ]
2022-12-06 23:09:20.981 15538-15564 AdapterServiceConfig    pid-15538                            V  Adding HealthService
2022-12-06 23:09:20.981 15538-15564 AdapterServiceConfig    pid-15538                            D   addAudioProfiles profilePanService
2022-12-06 23:09:20.981 15538-15564 AdapterServiceConfig    pid-15538                            I  addAudioProfiles isA2dpSink :false
2022-12-06 23:09:20.981 15538-15564 AdapterServiceConfig    pid-15538                            V  Adding PanService
2022-12-06 23:09:20.981 15538-15564 AdapterServiceConfig    pid-15538                            D   addAudioProfiles profileGattService
2022-12-06 23:09:20.981 15538-15564 AdapterServiceConfig    pid-15538                            I  addAudioProfiles isA2dpSink :false
2022-12-06 23:09:20.981 15538-15564 AdapterServiceConfig    pid-15538                            V  Adding GattService
2022-12-06 23:09:20.981 15538-15564 AdapterServiceConfig    pid-15538                            D   addAudioProfiles profileBluetoothMapService
2022-12-06 23:09:20.981 15538-15564 AdapterServiceConfig    pid-15538                            I  addAudioProfiles isA2dpSink :false
2022-12-06 23:09:20.981 15538-15564 AdapterServiceConfig    pid-15538                            V  Adding BluetoothMapService
2022-12-06 23:09:20.981 15538-15564 AdapterServiceConfig    pid-15538                            D   addAudioProfiles profileAvrcpTargetService
2022-12-06 23:09:20.981 15538-15564 AdapterServiceConfig    pid-15538                            I  addAudioProfiles isA2dpSink :false
2022-12-06 23:09:20.981 15538-15564 AdapterServiceConfig    pid-15538                            V  Adding AvrcpTargetService
2022-12-06 23:09:20.981 15538-15564 AdapterServiceConfig    pid-15538                            D   addAudioProfiles profileAvrcpControllerService
2022-12-06 23:09:20.981 15538-15564 AdapterServiceConfig    pid-15538                            I  addAudioProfiles isA2dpSink :false
2022-12-06 23:09:20.981 15538-15564 AdapterServiceConfig    pid-15538                            V  Adding AvrcpControllerService
2022-12-06 23:09:20.982 15538-15564 AdapterServiceConfig    pid-15538                            D   addAudioProfiles profileSapService
2022-12-06 23:09:20.982 15538-15564 AdapterServiceConfig    pid-15538                            I  addAudioProfiles isA2dpSink :false
2022-12-06 23:09:20.982 15538-15564 AdapterServiceConfig    pid-15538                            V  Adding SapService
2022-12-06 23:09:20.982 15538-15564 AdapterServiceConfig    pid-15538                            D   addAudioProfiles profileBluetoothOppService
2022-12-06 23:09:20.982 15538-15564 AdapterServiceConfig    pid-15538                            I  addAudioProfiles isA2dpSink :false
2022-12-06 23:09:20.982 15538-15564 AdapterServiceConfig    pid-15538                            V  Adding BluetoothOppService
2022-12-06 23:09:20.982 15538-15564 AdapterServiceConfig    pid-15538                            D   addAudioProfiles profileBluetoothPbapService
2022-12-06 23:09:20.982 15538-15564 AdapterServiceConfig    pid-15538                            I  addAudioProfiles isA2dpSink :false
2022-12-06 23:09:20.982 15538-15564 AdapterServiceConfig    pid-15538                            V  Adding BluetoothPbapService
2022-12-06 23:09:20.982 15538-15564 AdapterServiceConfig    pid-15538                            D   addAudioProfiles profileBATService
2022-12-06 23:09:20.982 15538-15564 AdapterServiceConfig    pid-15538                            I  addAudioProfiles isA2dpSink :false
2022-12-06 23:09:20.982 15538-15564 AdapterServiceConfig    pid-15538                            D   isBAEnabled = false isSplitEnabled false
2022-12-06 23:09:20.982 15538-15564 AdapterServiceConfig    pid-15538                            I   Profile BATService Not added
2022-12-06 23:09:20.982 15538-15564 BluetoothAdapterService pid-15538                            D  BleOnProcessStart() - Make Bond State Machine
2022-12-06 23:09:20.986  1991-2843  CompatibilityInfo       pid-1991                             D  mCompatibilityFlags - 0
2022-12-06 23:09:20.986  1991-2843  CompatibilityInfo       pid-1991                             D  applicationDensity - 320
2022-12-06 23:09:20.986  1991-2843  CompatibilityInfo       pid-1991                             D  applicationScale - 1.0
2022-12-06 23:09:20.987 15538-15538 BtGatt.GattService      pid-15538                            D  classInitNative called
2022-12-06 23:09:20.987 15538-15538 BtGatt.JNI              pid-15538                            I  classInitNative(L875): classInitNative: Success!
2022-12-06 23:09:20.989 15538-15538 BtGatt.DebugUtils       pid-15538                            D  handleDebugAction() action=null
2022-12-06 23:09:20.989 15538-15538 BluetoothAdapterService pid-15538                            D  getAdapterService() - returning com.android.bluetooth.btservice.AdapterService@1ca9983
2022-12-06 23:09:20.990 15538-15538 GattService             pid-15538                            D  Received start request. Starting profile...
2022-12-06 23:09:20.990 15538-15538 BluetoothAdapterService pid-15538                            D  getAdapterService() - returning com.android.bluetooth.btservice.AdapterService@1ca9983
2022-12-06 23:09:20.992 15538-15538 BtGatt.GattService      pid-15538                            D  start()
2022-12-06 23:09:20.992 15538-15538 bt_btif                 pid-15538                            I  get_profile_interface: id = gatt
2022-12-06 23:09:20.992 15538-15538 BluetoothAdapterService pid-15538                            D  getAdapterService() - returning com.android.bluetooth.btservice.AdapterService@1ca9983
2022-12-06 23:09:20.992 15538-15538 BtGatt.AdvertiseManager pid-15538                            D  advertise manager created
2022-12-06 23:09:21.000 15538-15538 BluetoothAdapterService pid-15538                            D  getAdapterService() - returning com.android.bluetooth.btservice.AdapterService@1ca9983
2022-12-06 23:09:21.000 15538-15538 BtGatt.SyncManager      pid-15538                            D  advertise manager created
2022-12-06 23:09:21.000 15538-15538 BtGatt.GattService      pid-15538                            D  setGattService(): set to: com.android.bluetooth.gatt.GattService@6cbd106
2022-12-06 23:09:21.000 15538-15538 GattService             pid-15538                            D   profile started successfully
2022-12-06 23:09:21.001 15538-15538 BluetoothAdapterService pid-15538                            D  handleMessage() - Message: 2
2022-12-06 23:09:21.001 15538-15538 BluetoothAdapterService pid-15538                            D  handleMessage() - MESSAGE_PROFILE_SERVICE_REGISTERED
2022-12-06 23:09:21.001 15538-15538 BluetoothAdapterService pid-15538                            D  handleMessage() - Message: 1
2022-12-06 23:09:21.001 15538-15538 BluetoothAdapterService pid-15538                            D  handleMessage() - MESSAGE_PROFILE_SERVICE_STATE_CHANGED
2022-12-06 23:09:21.001 15538-15538 BluetoothAdapterService pid-15538                            W  onProfileServiceStateChange() - Gatt profile service started..
2022-12-06 23:09:21.002 15538-15538 bt_btif                 pid-15538                            I  QTI OMR1 stack: enable: start restricted = 0
2022-12-06 23:09:21.002 15538-15565 bt_vnd_log              pid-15538                            E  init_vnd_Logger, Logger Not enabled from config file
2022-12-06 23:09:21.002 15538-15565 bt_stack_manager        pid-15538                            I  event_start_up_stack is bringing up the stack
2022-12-06 23:09:21.002 15538-15565 bt_core_module          pid-15538                            I  module_start_up Starting module "btif_config_module"
2022-12-06 23:09:21.002 15538-15565 bt_core_module          pid-15538                            I  module_start_up Started module "btif_config_module"
2022-12-06 23:09:21.002 15538-15565 bt_core_module          pid-15538                            I  module_start_up Starting module "btsnoop_module"
2022-12-06 23:09:21.002 15538-15565 bt_snoop                pid-15538                            D  start_up: vendor_logging_level values is 65535
2022-12-06 23:09:21.002 15538-15565 bt_core_module          pid-15538                            I  module_start_up Started module "btsnoop_module"
2022-12-06 23:09:21.002 15538-15565 bt_core_module          pid-15538                            I  module_start_up Starting module "hci_module"
2022-12-06 23:09:21.002 15538-15565 bt_hci                  pid-15538                            I  hci_module_start_up
2022-12-06 23:09:21.003 15538-15583 bt_osi_thread           pid-15538                            I  run_thread: thread id 15583, thread name hci_thread started
2022-12-06 23:09:21.003 15538-15565 bt_osi_wakelock         pid-15538                            D  wakelock_initialize_native opening wake locks
2022-12-06 23:09:21.003 15538-15583 bt_hci                  pid-15538                            I  hci_initialize
2022-12-06 23:09:21.004 15538-15565 bt_hci                  pid-15538                            D  hci_module_start_up starting async portion
2022-12-06 23:09:21.006 15538-15583 bt_hci                  pid-15538                            I  hci_initialize: IBluetoothHci::getService() returned 0x769087fd00 (remote)
2022-12-06 23:09:21.006   523-523   vendor.qti...etooth_hci pid-523                              W  BluetoothHci::initialize()
2022-12-06 23:09:21.007   523-523   vendor.qti...ta_handler pid-523                              W  DataHandler:: Init()
2022-12-06 23:09:21.007   523-523   vendor.qti...ta_handler pid-523                              W  vendor.qcom.bluetooth.soc prop  not set, so using pronto.

2022-12-06 23:09:21.007   523-523   vendor.qti...ta_handler pid-523                              I  Open init_status 0
2022-12-06 23:09:21.007   523-523   vendor.qti...-wake_lock pid-523                              D  Init wakelock is initiated
2022-12-06 23:09:21.007   523-15586 vendor.qti..._transport pid-523                              D  Init:> soc_type: 0
2022-12-06 23:09:21.010   523-15586 vendor.qti..._transport pid-523                              I  Done intiailizing Bluetooth SMD transport
2022-12-06 23:09:21.010   523-15586 vendor.qti...-wake_lock pid-523                              D  Acquire wakelock is acquired
2022-12-06 23:09:21.011   523-15586 vendor.qti...th_address pid-523                              E  [zhufanghua][GetLocalAddress][208]tired_reading_modemnv = [1]
2022-12-06 23:09:21.011   523-15586 vendor.qti...th_address pid-523                              E  CMD result: 1
2022-12-06 23:09:21.011   523-15586 vendor.qti...th_address pid-523                              D  [zhufanghua][GetLocalAddress],valid_bda = [0],nv_support=[true],tried_reading_modemnv=[1]
2022-12-06 23:09:21.011   523-15586 vendor.qti...th_address pid-523                              D  [zhufanghua]GetLocalAddress: QMI initialization START
2022-12-06 23:09:21.011   523-15586 vendor.qti...th_address pid-523                              E  [zhufanghua][GetLocalAddress][301]valid_bda = 1
2022-12-06 23:09:21.011   523-15586 vendor.qti...gs_manager pid-523                              D  DownloadNvmTags: Downloading NVM TAG 2
2022-12-06 23:09:21.011   523-15586 vendor.qti...gs_manager pid-523                              I  BD Address: c1:99:85:ff:dc:e0
2022-12-06 23:09:21.012   523-15586 vendor.qti...gs_manager pid-523                              D  DownloadNvmTags: Downloaded NVM TAG 2
