2022-12-06 23:09:21.576 15538-15538 NewAvrcpTargetService   pid-15538                            I  User unlocked, initializing the service
2022-12-06 23:09:21.576 15538-15538 NewAvrcpTargetService   pid-15538                            W  Skipping initialization of the new AVRCP Target Player List
2022-12-06 23:09:21.576 15538-15538 NewAvrcpTargetService   pid-15538                            I  Starting the AVRCP Target Service
2022-12-06 23:09:21.576 15538-15538 BluetoothAdapterService pid-15538                            D  getAdapterService() - returning com.android.bluetooth.btservice.AdapterService@1ca9983
2022-12-06 23:09:21.576 15538-15538 NewAvrcpTargetService   pid-15538                            I  Vendor Stack is enabled, using legacy implementation
2022-12-06 23:09:21.576 15538-15603 BluetoothM...ountLoader pid-15538                            D  Found 0 application(s) with intent android.bluetooth.action.BLUETOOTH_MAP_IM_PROVIDER
2022-12-06 23:09:21.576 15538-15603 BluetoothMapAppObserver pid-15538                            D  createReceiver()
2022-12-06 23:09:21.579 15538-15603 BluetoothMapAppObserver pid-15538                            D  initObservers()
2022-12-06 23:09:21.579 15538-15603 BluetoothMapAppObserver pid-15538                            D  getEnabledAccountItems()
2022-12-06 23:09:21.585 15538-15538 NewAvrcpTargetService   pid-15538                            W  Skipping initialization of the new AVRCP Target Service
2022-12-06 23:09:21.585 15538-15538 NewAvrcpTargetService   pid-15538                            D   profile started successfully
2022-12-06 23:09:21.586 15538-15538 BluetoothA...trollerJni pid-15538                            I  classInitNative: succeeds
2022-12-06 23:09:21.586 15538-15538 bt_btif                 pid-15538                            I  get_profile_interface: id = avrcp_ctrl
2022-12-06 23:09:21.586 15538-15538 bt_btif                 pid-15538                            I  get_profile_interface: id = vendor_avrcp_ctrl
2022-12-06 23:09:21.586 15538-15538 bt_btif                 pid-15538                            D  btif_rc_vendor_ctrl_get_interface
2022-12-06 23:09:21.589 15538-15538 BluetoothAdapterService pid-15538                            D  getAdapterService() - returning com.android.bluetooth.btservice.AdapterService@1ca9983
2022-12-06 23:09:21.590 15538-15538 AvrcpControllerService  pid-15538                            D  Received start request. Starting profile...
2022-12-06 23:09:21.590 15538-15538 BluetoothAdapterService pid-15538                            D  getAdapterService() - returning com.android.bluetooth.btservice.AdapterService@1ca9983
2022-12-06 23:09:21.591 15454-15454 Timeline                com...ner.arduinotoandroidbluetooth  I  Timeline: Activity_launch_request time:67192483 intent:Intent { cmp=com.bottlerunner.arduinotoandroidbluetooth/.AvailableDevicesActivity }
2022-12-06 23:09:21.592  1991-3955  ActivityManager         pid-1991                             I  START u0 {cmp=com.bottlerunner.arduinotoandroidbluetooth/.AvailableDevicesActivity} from uid 10329
2022-12-06 23:09:21.593 15538-15603 BluetoothMapService     pid-15538                            V  Handler(): got msg=1
2022-12-06 23:09:21.598  1991-3955  ActivityTrigger         pid-1991                             D  activityStartTrigger: Activity is Triggerred in full screen ApplicationInfo{27cf9c8 com.bottlerunner.arduinotoandroidbluetooth}
2022-12-06 23:09:21.598  1991-3955  ActivityTrigger         pid-1991                             E  activityStartTrigger: not whiteListedcom.bottlerunner.arduinotoandroidbluetooth/com.bottlerunner.arduinotoandroidbluetooth.AvailableDevicesActivity/1
2022-12-06 23:09:21.599  1991-3955  CompatibilityInfo       pid-1991                             D  mCompatibilityFlags - 0
2022-12-06 23:09:21.599  1991-3955  CompatibilityInfo       pid-1991                             D  applicationDensity - 320
2022-12-06 23:09:21.599  1991-3955  CompatibilityInfo       pid-1991                             D  applicationScale - 1.0
2022-12-06 23:09:21.600  1991-3955  ActivityTrigger         pid-1991                             D  activityResumeTrigger: The activity in ApplicationInfo{27cf9c8 com.bottlerunner.arduinotoandroidbluetooth} is now in focus and seems to be in full-screen mode
2022-12-06 23:09:21.600  1991-3955  ActivityTrigger         pid-1991                             E  activityResumeTrigger: not whiteListedcom.bottlerunner.arduinotoandroidbluetooth/com.bottlerunner.arduinotoandroidbluetooth.AvailableDevicesActivity/1
2022-12-06 23:09:21.600  1991-3955  ActivityTrigger         pid-1991                             D  ActivityTrigger activityPauseTrigger
2022-12-06 23:09:21.602   545-585   ANDR-PERF-OPTSHANDLER   pid-545                              E  Perflock resource /sys/class/devfreq/soc:qcom,llccbw/min_freq not supported
2022-12-06 23:09:21.602   545-585   ANDR-PERF-RESOURCEQS    pid-545                              E  Failed to apply optimization [12, 0]
2022-12-06 23:09:21.604 15538-15538 AvrcpContr...ateMachine pid-15538                            D  make
2022-12-06 23:09:21.604 15538-15538 AvrcpContr...ateMachine pid-15538                            D   Type :image, Mime :JPEG Height:500, width :500, Max size:200000
2022-12-06 23:09:21.605 15538-15538 AvrcpControllerService  pid-15538                            D   profile started successfully
2022-12-06 23:09:21.606 15538-15605 AvrcpContr...sconnected pid-15538                            D  Enter: -2
2022-12-06 23:09:21.606 15538-15538 SapService              pid-15538                            V  SapBinder()
2022-12-06 23:09:21.606 15538-15538 BluetoothAdapterService pid-15538                            D  getAdapterService() - returning com.android.bluetooth.btservice.AdapterService@1ca9983
2022-12-06 23:09:21.607 15538-15538 SapService              pid-15538                            D  Received start request. Starting profile...
2022-12-06 23:09:21.607 15538-15538 BluetoothAdapterService pid-15538                            D  getAdapterService() - returning com.android.bluetooth.btservice.AdapterService@1ca9983
2022-12-06 23:09:21.609 15538-15538 SapService              pid-15538                            V  start()
2022-12-06 23:09:21.611 15538-15538 SapService              pid-15538                            D  setSapService(): set to: com.android.bluetooth.sap.SapService@d840269
2022-12-06 23:09:21.611 15538-15538 SapService              pid-15538                            D   profile started successfully
2022-12-06 23:09:21.612 15538-15538 BtOppService            pid-15538                            V  onCreate
2022-12-06 23:09:21.614 15538-15538 BluetoothAdapterService pid-15538                            D  getAdapterService() - returning com.android.bluetooth.btservice.AdapterService@1ca9983
2022-12-06 23:09:21.615 15538-15538 BluetoothOppService     pid-15538                            D  Received start request. Starting profile...
2022-12-06 23:09:21.616 15538-15538 BluetoothAdapterService pid-15538                            D  getAdapterService() - returning com.android.bluetooth.btservice.AdapterService@1ca9983
2022-12-06 23:09:21.618 15538-15538 BtOppService            pid-15538                            V  start()
2022-12-06 23:09:21.622  1991-2843  ActivityTrigger         pid-1991                             D  activityResumeTrigger: The activity in ApplicationInfo{27cf9c8 com.bottlerunner.arduinotoandroidbluetooth} is now in focus and seems to be in full-screen mode
2022-12-06 23:09:21.623  1991-2843  ActivityTrigger         pid-1991                             E  activityResumeTrigger: not whiteListedcom.bottlerunner.arduinotoandroidbluetooth/com.bottlerunner.arduinotoandroidbluetooth.AvailableDevicesActivity/1
2022-12-06 23:09:21.623 15538-15538 BtOppService            pid-15538                            D  setBluetoothOppService(): set to: com.android.bluetooth.opp.BluetoothOppService@463f81c
2022-12-06 23:09:21.623 15538-15538 BluetoothOppService     pid-15538                            D   profile started successfully
2022-12-06 23:09:21.624   545-585   ANDR-PERF-OPTSHANDLER   pid-545                              E  Perflock resource /sys/class/devfreq/soc:qcom,llccbw/min_freq not supported
2022-12-06 23:09:21.624   545-585   ANDR-PERF-RESOURCEQS    pid-545                              E  Failed to apply optimization [12, 0]
2022-12-06 23:09:21.625 15538-15538 BluetoothAdapterService pid-15538                            D  getAdapterService() - returning com.android.bluetooth.btservice.AdapterService@1ca9983
2022-12-06 23:09:21.626  1991-2843  CompatibilityInfo       pid-1991                             D  mCompatibilityFlags - 0
2022-12-06 23:09:21.626  1991-2843  CompatibilityInfo       pid-1991                             D  applicationDensity - 320
2022-12-06 23:09:21.626  1991-2843  CompatibilityInfo       pid-1991                             D  applicationScale - 1.0
2022-12-06 23:09:21.628 15538-15538 BluetoothPbapService    pid-15538                            D  Received start request. Starting profile...
2022-12-06 23:09:21.628 15538-15538 BluetoothAdapterService pid-15538                            D  getAdapterService() - returning com.android.bluetooth.btservice.AdapterService@1ca9983
2022-12-06 23:09:21.632  1991-2843  Timeline                pid-1991                             I  Timeline: App_transition_ready time:67192524
2022-12-06 23:09:21.635 15538-15538 BluetoothPbapService    pid-15538                            I  setCurrentUser(0)
2022-12-06 23:09:21.635 15538-15538 BluetoothPbapService    pid-15538                            I  setUserUnlocked(0)
2022-12-06 23:09:21.636 15538-15538 BluetoothPbapService    pid-15538                            I  setUserUnlocked(0)
2022-12-06 23:09:21.637 15454-15454 ActivityThread          com...ner.arduinotoandroidbluetooth  W  handleWindowVisibility: no activity for token android.os.BinderProxy@aa68815
2022-12-06 23:09:21.650 15538-15538 BluetoothPbapService    pid-15538                            D  setBluetoothPbapService(): set to: com.android.bluetooth.pbap.BluetoothPbapService@fde4f87
2022-12-06 23:09:21.650 15538-15538 BluetoothPbapService    pid-15538                            D   profile started successfully
2022-12-06 23:09:21.650 15538-15538 BluetoothAdapterService pid-15538                            D  handleMessage() - Message: 1
2022-12-06 23:09:21.650 15538-15538 BluetoothAdapterService pid-15538                            D  handleMessage() - MESSAGE_PROFILE_SERVICE_STATE_CHANGED
2022-12-06 23:09:21.650 15538-15612 ObexServerSockets       pid-15538                            D  create(rfcomm = 19, l2capPsm = 4133)
2022-12-06 23:09:21.650 15538-15538 BluetoothAdapterService pid-15538                            D  handleMessage() - Message: 2
2022-12-06 23:09:21.650 15538-15538 BluetoothAdapterService pid-15538                            D  handleMessage() - MESSAGE_PROFILE_SERVICE_REGISTERED
2022-12-06 23:09:21.650 15538-15538 BluetoothAdapterService pid-15538                            D  handleMessage() - Message: 1
2022-12-06 23:09:21.650 15538-15538 BluetoothAdapterService pid-15538                            D  handleMessage() - MESSAGE_PROFILE_SERVICE_STATE_CHANGED
2022-12-06 23:09:21.650 15538-15572 BluetoothA...iceManager pid-15538                            D  handleMessage(MESSAGE_A2DP_ACTION_ACTIVE_DEVICE_CHANGED): device= null
2022-12-06 23:09:21.650 15538-15538 BluetoothAdapterService pid-15538                            D  handleMessage() - Message: 2
2022-12-06 23:09:21.650 15538-15538 BluetoothAdapterService pid-15538                            D  handleMessage() - MESSAGE_PROFILE_SERVICE_REGISTERED
2022-12-06 23:09:21.650 15538-15538 BluetoothAdapterService pid-15538                            D  handleMessage() - Message: 1
2022-12-06 23:09:21.650 15538-15538 BluetoothAdapterService pid-15538                            D  handleMessage() - MESSAGE_PROFILE_SERVICE_STATE_CHANGED
2022-12-06 23:09:21.650 15538-15538 BluetoothAdapterService pid-15538                            D  handleMessage() - Message: 2
2022-12-06 23:09:21.650 15538-15538 BluetoothAdapterService pid-15538                            D  handleMessage() - MESSAGE_PROFILE_SERVICE_REGISTERED
2022-12-06 23:09:21.650 15538-15538 BluetoothAdapterService pid-15538                            D  handleMessage() - Message: 1
2022-12-06 23:09:21.650 15538-15538 BluetoothAdapterService pid-15538                            D  handleMessage() - MESSAGE_PROFILE_SERVICE_STATE_CHANGED
2022-12-06 23:09:21.650 15538-15538 BluetoothAdapterService pid-15538                            D  handleMessage() - Message: 2
2022-12-06 23:09:21.650 15538-15538 BluetoothAdapterService pid-15538                            D  handleMessage() - MESSAGE_PROFILE_SERVICE_REGISTERED
2022-12-06 23:09:21.650 15538-15538 BluetoothAdapterService pid-15538                            D  handleMessage() - Message: 1
2022-12-06 23:09:21.650 15538-15538 BluetoothAdapterService pid-15538                            D  handleMessage() - MESSAGE_PROFILE_SERVICE_STATE_CHANGED
2022-12-06 23:09:21.650 15538-15538 BluetoothAdapterService pid-15538                            D  handleMessage() - Message: 2
2022-12-06 23:09:21.650 15538-15538 BluetoothAdapterService pid-15538                            D  handleMessage() - MESSAGE_PROFILE_SERVICE_REGISTERED
2022-12-06 23:09:21.650 15538-15538 BluetoothAdapterService pid-15538                            D  handleMessage() - Message: 1
2022-12-06 23:09:21.650 15538-15538 BluetoothAdapterService pid-15538                            D  handleMessage() - MESSAGE_PROFILE_SERVICE_STATE_CHANGED
2022-12-06 23:09:21.650 15538-15538 BluetoothAdapterService pid-15538                            D  handleMessage() - Message: 2
2022-12-06 23:09:21.650 15538-15538 BluetoothAdapterService pid-15538                            D  handleMessage() - MESSAGE_PROFILE_SERVICE_REGISTERED
2022-12-06 23:09:21.650 15538-15538 BluetoothAdapterService pid-15538                            D  handleMessage() - Message: 1
2022-12-06 23:09:21.650 15538-15612 BluetoothAdapter        pid-15538                            W  getBluetoothService() called with no BluetoothManagerCallback
2022-12-06 23:09:21.650 15538-15538 BluetoothAdapterService pid-15538                            D  handleMessage() - MESSAGE_PROFILE_SERVICE_STATE_CHANGED
2022-12-06 23:09:21.650 15538-15538 BluetoothAdapterService pid-15538                            D  handleMessage() - Message: 2
2022-12-06 23:09:21.650 15538-15538 BluetoothAdapterService pid-15538                            D  handleMessage() - MESSAGE_PROFILE_SERVICE_REGISTERED
2022-12-06 23:09:21.651 15538-15538 BluetoothAdapterService pid-15538                            D  handleMessage() - Message: 1
2022-12-06 23:09:21.651 15538-15538 BluetoothAdapterService pid-15538                            D  handleMessage() - MESSAGE_PROFILE_SERVICE_STATE_CHANGED
2022-12-06 23:09:21.651 15538-15538 BluetoothAdapterService pid-15538                            D  handleMessage() - Message: 2
2022-12-06 23:09:21.651 15538-15538 BluetoothAdapterService pid-15538                            D  handleMessage() - MESSAGE_PROFILE_SERVICE_REGISTERED
2022-12-06 23:09:21.653 15538-15538 BluetoothAdapterService pid-15538                            D  handleMessage() - Message: 1
2022-12-06 23:09:21.653 15538-15538 BluetoothAdapterService pid-15538                            D  handleMessage() - MESSAGE_PROFILE_SERVICE_STATE_CHANGED
2022-12-06 23:09:21.653 15538-15538 BluetoothAdapterService pid-15538                            D  handleMessage() - Message: 2
2022-12-06 23:09:21.653 15538-15538 BluetoothAdapterService pid-15538                            D  handleMessage() - MESSAGE_PROFILE_SERVICE_REGISTERED
2022-12-06 23:09:21.654 15538-15589 bt_stack                pid-15538                            I  [INFO:port_api.cc(123)] RFCOMM_CreateConnection BDA: ff:ff:ff:ff:ff:ff
2022-12-06 23:09:21.655 15538-15612 BluetoothAdapter        pid-15538                            W  getBluetoothService() called with no BluetoothManagerCallback
2022-12-06 23:09:21.656 15538-15589 bt_l2cap                pid-15538                            W  L2CAP - L2CA_Register() called for PSM: 0x1025
2022-12-06 23:09:21.656 15538-15538 BluetoothAdapterService pid-15538                            D  handleMessage() - Message: 1
2022-12-06 23:09:21.656 15538-15538 BluetoothAdapterService pid-15538                            D  handleMessage() - MESSAGE_PROFILE_SERVICE_STATE_CHANGED
2022-12-06 23:09:21.656 15538-15538 BluetoothAdapterService pid-15538                            W  onProfileServiceStateChange() - All profile services started..
2022-12-06 23:09:21.656 15538-15538 AdapterProperties       pid-15538                            D  onBluetoothReady, state=TURNING_ON, ScanMode=20
2022-12-06 23:09:21.656 15538-15612 ObexServerSockets       pid-15538                            D  Succeed to create listening sockets
2022-12-06 23:09:21.656 15538-15612 ObexServerSockets0      pid-15538                            D  startAccept()
2022-12-06 23:09:21.658 15538-15538 AdapterProperties       pid-15538                            D  set scan mode connectable
2022-12-06 23:09:21.660 15538-15538 BluetoothAdapterService pid-15538                            D  updateUuids() - Updating UUIDs for bonded devices
2022-12-06 23:09:21.662 15538-15570 AdapterProperties       pid-15538                            D  Scan Mode:21
2022-12-06 23:09:21.663 15538-15570 AdapterProperties       pid-15538                            D  Discoverable Timeout:300
2022-12-06 23:09:21.663 15538-15617 ObexServerSockets0      pid-15538                            D  Accepting socket connection...
2022-12-06 23:09:21.664 15538-15564 AdapterState            pid-15538                            I  ON : entered
2022-12-06 23:09:21.664 15538-15564 AdapterProperties       pid-15538                            D  Setting state to ON
2022-12-06 23:09:21.664 15538-15564 BluetoothAdapterService pid-15538                            D  updateAdapterState() - Broadcasting state ON to 1 receivers.
2022-12-06 23:09:21.664  1991-2066  BluetoothManagerService pid-1991                             D  MESSAGE_BLUETOOTH_STATE_CHANGE: TURNING_ON > ON
2022-12-06 23:09:21.664  1991-2066  BluetoothManagerService pid-1991                             D  Broadcasting onBluetoothStateChange(true) to 14 receivers.
2022-12-06 23:09:21.664  1991-2066  BluetoothHeadset        pid-1991                             D  onBluetoothStateChange: up=true
2022-12-06 23:09:21.665  2249-2541  BluetoothHidHost        pid-2249                             D  onBluetoothStateChange: up=true
2022-12-06 23:09:21.665 15538-15538 BluetoothVendorService  pid-15538                            D  setWifiState to: false
2022-12-06 23:09:21.665 15538-15538 BluetoothVendorJni      pid-15538                            I  setWifiStateNative
2022-12-06 23:09:21.665 15538-15538 bt_btif_vendor          pid-15538                            I  setWifiState :0
2022-12-06 23:09:21.665 15538-15538 BluetoothPhonePolicy    pid-15538                            I  processProfileActiveDeviceChanged, activeDevice=null, profile=2
2022-12-06 23:09:21.665 15538-15538 BluetoothPhonePolicy    pid-15538                            W  processProfileActiveDeviceChanged: ignore null A2DP active device
2022-12-06 23:09:21.666  1991-2066  BluetoothManagerService pid-1991                             D  Creating new ProfileServiceConnections object for profile: 1
2022-12-06 23:09:21.666 15538-15612 BluetoothAdapterService pid-15538                            D  getAdapterService() - returning com.android.bluetooth.btservice.AdapterService@1ca9983
2022-12-06 23:09:21.666 15538-15612 BluetoothVendorService  pid-15538                            D  getProfileInfo profile_id: 2
2022-12-06 23:09:21.666 15538-15612 BluetoothVendorJni      pid-15538                            I  getProfileInfoNative
2022-12-06 23:09:21.666 15538-15612 bt_btif_vendor          pid-15538                            I  get_profile_info :2
2022-12-06 23:09:21.666 15538-15612 bt_device_profile       pid-15538                            W  profile_feature_fetch:profile 2
2022-12-06 23:09:21.666 15538-15612 bt_device_profile       pid-15538                            W  profile_feature_fetch:PBAP_0102_SUPPORT found 1
2022-12-06 23:09:21.666 15538-15612 BluetoothVendorService  pid-15538                            D  getProfileInfo profile_id: 2
2022-12-06 23:09:21.666 15538-15612 BluetoothVendorJni      pid-15538                            I  getProfileInfoNative
2022-12-06 23:09:21.666 15538-15612 bt_btif_vendor          pid-15538                            I  get_profile_info :2
2022-12-06 23:09:21.666 15538-15612 bt_device_profile       pid-15538                            W  profile_feature_fetch:profile 2
2022-12-06 23:09:21.666 15538-15612 bt_device_profile       pid-15538                            W  profile_feature_fetch:USE_SIM_SUPPORT found 1
2022-12-06 23:09:21.666 15538-15612 BluetoothPbapFixes      pid-15538                            D  isSupportedPbap12: true
2022-12-06 23:09:21.668  3141-3141  GsaVoiceInteractionSrv  pid-3141                             I  (REDACTED) O received %s
2022-12-06 23:09:21.668  1991-2059  BroadcastQueue          pid-1991                             W  Background execution not allowed: receiving Intent { act=android.bluetooth.device.action.UUID flg=0x10 (has extras) } to com.google.android.gms/.chimera.GmsIntentOperationService$PersistentTrustedReceiver
2022-12-06 23:09:21.669  1991-2059  BroadcastQueue          pid-1991                             W  Background execution not allowed: receiving Intent { act=android.bluetooth.device.action.UUID flg=0x10 (has extras) } to com.google.android.googlequicksearchbox/com.google.android.apps.gsa.broadcastreceiver.external.ExternalCommonBroadcastReceiver
2022-12-06 23:09:21.670 32590-3941  NearbyDiscovery         pid-32590                            I  FastPairHandler: Received action android.bluetooth.device.action.UUID [CONTEXT service_id=265 ]
2022-12-06 23:09:21.670 15538-15612 BluetoothPbapFixes      pid-15538                            D  isSimSupported: true
2022-12-06 23:09:21.671 15538-15612 BluetoothPbapFixes      pid-15538                            D  creating PBAP 1.1 record with sim support
2022-12-06 23:09:21.671 32590-3941  NearbyDiscovery         pid-32590                            I  FastPairHandler: Uuid fetch for XX:XX:XX:XX:11:3A is done [CONTEXT service_id=265 ]
2022-12-06 23:09:21.671 32590-3941  NearbyDiscovery         pid-32590                            I  FastPairHandler:  0000110a-0000-1000-8000-00805f9b34fb [CONTEXT service_id=265 ]
2022-12-06 23:09:21.671 15538-15612 BluetoothSdpJni         pid-15538                            D  sdpCreatePbapPseRecordNative
2022-12-06 23:09:21.671 32590-3941  NearbyDiscovery         pid-32590                            I  FastPairHandler:  00001105-0000-1000-8000-00805f9b34fb [CONTEXT service_id=265 ]
2022-12-06 23:09:21.671 32590-3941  NearbyDiscovery         pid-32590                            I  FastPairHandler:  00001115-0000-1000-8000-00805f9b34fb [CONTEXT service_id=265 ]
2022-12-06 23:09:21.672 32590-3941  NearbyDiscovery         pid-32590                            I  FastPairHandler:  00001116-0000-1000-8000-00805f9b34fb [CONTEXT service_id=265 ]
2022-12-06 23:09:21.672 32590-3941  NearbyDiscovery         pid-32590                            I  FastPairHandler:  0000110e-0000-1000-8000-00805f9b34fb [CONTEXT service_id=265 ]
2022-12-06 23:09:21.672 32590-3941  NearbyDiscovery         pid-32590                            I  FastPairHandler:  0000112f-0000-1000-8000-00805f9b34fb [CONTEXT service_id=265 ]
2022-12-06 23:09:21.672 32590-3941  NearbyDiscovery         pid-32590                            I  FastPairHandler:  00001112-0000-1000-8000-00805f9b34fb [CONTEXT service_id=265 ]
2022-12-06 23:09:21.672 15538-15612 BluetoothSdpJni         pid-15538                            D  SDP Create record success - handle: 0
2022-12-06 23:09:21.672 32590-3941  NearbyDiscovery         pid-32590                            I  FastPairHandler:  0000111f-0000-1000-8000-00805f9b34fb [CONTEXT service_id=265 ]
2022-12-06 23:09:21.672 32590-3941  NearbyDiscovery         pid-32590                            I  FastPairHandler:  00001132-0000-1000-8000-00805f9b34fb [CONTEXT service_id=265 ]
2022-12-06 23:09:21.672 15538-15612 BluetoothPbapService    pid-15538                            D  created Sdp record, mSdpHandle=0
2022-12-06 23:09:21.672 32590-3941  NearbyDiscovery         pid-32590                            I  FastPairHandler:  00000000-0000-1000-8000-00805f9b34fb [CONTEXT service_id=265 ]
2022-12-06 23:09:21.672 32590-3941  NearbyDiscovery         pid-32590                            I  FastPairHandler:  00000000-0000-1000-8000-00805f9b34fb [CONTEXT service_id=265 ]
2022-12-06 23:09:21.672 32590-3941  NearbyDiscovery         pid-32590                            I  FastPairHandler:  45ed2b0c-50f9-4d2d-9ddc-c21ba2c0f825 [CONTEXT service_id=265 ]
2022-12-06 23:09:21.676  1991-2159  CompatibilityInfo       pid-1991                             D  mCompatibilityFlags - 0
2022-12-06 23:09:21.676  1991-2159  CompatibilityInfo       pid-1991                             D  applicationDensity - 320
2022-12-06 23:09:21.676  1991-2159  CompatibilityInfo       pid-1991                             D  applicationScale - 1.0
2022-12-06 23:09:21.678  2249-2519  LocalBluet...ileManager pid-2249                             D  Current Profiles[PAN]
2022-12-06 23:09:21.678  2249-2519  BluetoothHeadset        pid-2249                             W  Proxy not attached to service
2022-12-06 23:09:21.678  2249-2519  BluetoothA2dp           pid-2249                             W  Proxy not attached to service
2022-12-06 23:09:21.678  2249-2519  BluetoothMap            pid-2249                             D  getConnectedDevices()
2022-12-06 23:09:21.678  2249-2519  BluetoothMap            pid-2249                             W  Proxy not attached to service
2022-12-06 23:09:21.678  2249-2519  BluetoothPbap           pid-2249                             W  Proxy not attached to service
2022-12-06 23:09:21.678  2249-2519  LocalBluet...ileManager pid-2249                             D  New Profiles[PAN]
2022-12-06 23:09:21.680  1991-2059  BroadcastQueue          pid-1991                             W  Background execution not allowed: receiving Intent { act=android.bluetooth.device.action.UUID flg=0x10 (has extras) } to com.google.android.gms/.chimera.GmsIntentOperationService$PersistentTrustedReceiver
2022-12-06 23:09:21.680  1991-2059  BroadcastQueue          pid-1991                             W  Background execution not allowed: receiving Intent { act=android.bluetooth.device.action.UUID flg=0x10 (has extras) } to com.google.android.googlequicksearchbox/com.google.android.apps.gsa.broadcastreceiver.external.ExternalCommonBroadcastReceiver
2022-12-06 23:09:21.681  1991-2059  BroadcastQueue          pid-1991                             W  Background execution not allowed: receiving Intent { act=android.bluetooth.device.action.UUID flg=0x10 (has extras) } to com.google.android.gms/.chimera.GmsIntentOperationService$PersistentTrustedReceiver
2022-12-06 23:09:21.681  1991-2059  BroadcastQueue          pid-1991                             W  Background execution not allowed: receiving Intent { act=android.bluetooth.device.action.UUID flg=0x10 (has extras) } to com.google.android.googlequicksearchbox/com.google.android.apps.gsa.broadcastreceiver.external.ExternalCommonBroadcastReceiver
2022-12-06 23:09:21.681  1991-2059  BroadcastQueue          pid-1991                             W  Background execution not allowed: receiving Intent { act=android.bluetooth.device.action.UUID flg=0x10 (has extras) } to com.google.android.gms/.chimera.GmsIntentOperationService$PersistentTrustedReceiver
2022-12-06 23:09:21.681 32590-3941  NearbyDiscovery         pid-32590                            I  FastPairHandler: Received action android.bluetooth.device.action.UUID [CONTEXT service_id=265 ]
2022-12-06 23:09:21.681  1991-2059  BroadcastQueue          pid-1991                             W  Background execution not allowed: receiving Intent { act=android.bluetooth.device.action.UUID flg=0x10 (has extras) } to com.google.android.googlequicksearchbox/com.google.android.apps.gsa.broadcastreceiver.external.ExternalCommonBroadcastReceiver
2022-12-06 23:09:21.682 15538-15618 ObexServerSockets0      pid-15538                            D  Accepting socket connection...
2022-12-06 23:09:21.682 32590-3941  NearbyDiscovery         pid-32590                            I  FastPairHandler: Uuid fetch for XX:XX:XX:XX:2A:9B is done [CONTEXT service_id=265 ]
2022-12-06 23:09:21.682 32590-3941  NearbyDiscovery         pid-32590                            I  FastPairHandler:  00001103-0000-1000-8000-00805f9b34fb [CONTEXT service_id=265 ]
2022-12-06 23:09:21.682 32590-3941  NearbyDiscovery         pid-32590                            I  FastPairHandler:  0000110a-0000-1000-8000-00805f9b34fb [CONTEXT service_id=265 ]
2022-12-06 23:09:21.682 32590-3941  NearbyDiscovery         pid-32590                            I  FastPairHandler:  00001105-0000-1000-8000-00805f9b34fb [CONTEXT service_id=265 ]
2022-12-06 23:09:21.682 32590-3941  NearbyDiscovery         pid-32590                            I  FastPairHandler:  00001115-0000-1000-8000-00805f9b34fb [CONTEXT service_id=265 ]
2022-12-06 23:09:21.682  3141-3141  GsaVoiceInteractionSrv  pid-3141                             I  (REDACTED) O received %s
2022-12-06 23:09:21.682 32590-3941  NearbyDiscovery         pid-32590                            I  FastPairHandler:  00001116-0000-1000-8000-00805f9b34fb [CONTEXT service_id=265 ]
2022-12-06 23:09:21.682 32590-3941  NearbyDiscovery         pid-32590                            I  FastPairHandler:  0000112d-0000-1000-8000-00805f9b34fb [CONTEXT service_id=265 ]
2022-12-06 23:09:21.682 32590-3941  NearbyDiscovery         pid-32590                            I  FastPairHandler:  0000110e-0000-1000-8000-00805f9b34fb [CONTEXT service_id=265 ]
2022-12-06 23:09:21.682 32590-3941  NearbyDiscovery         pid-32590                            I  FastPairHandler:  0000112f-0000-1000-8000-00805f9b34fb [CONTEXT service_id=265 ]
2022-12-06 23:09:21.682  3141-3141  GsaVoiceInteractionSrv  pid-3141                             I  (REDACTED) O received %s
2022-12-06 23:09:21.682 32590-3941  NearbyDiscovery         pid-32590                            I  FastPairHandler:  00001112-0000-1000-8000-00805f9b34fb [CONTEXT service_id=265 ]
2022-12-06 23:09:21.682 32590-3941  NearbyDiscovery         pid-32590                            I  FastPairHandler:  0000111f-0000-1000-8000-00805f9b34fb [CONTEXT service_id=265 ]
2022-12-06 23:09:21.683 32590-3941  NearbyDiscovery         pid-32590                            I  FastPairHandler:  00001132-0000-1000-8000-00805f9b34fb [CONTEXT service_id=265 ]
2022-12-06 23:09:21.683 32590-3941  NearbyDiscovery         pid-32590                            I  FastPairHandler:  00000000-0000-1000-8000-00805f9b34fb [CONTEXT service_id=265 ]
2022-12-06 23:09:21.683 32590-3941  NearbyDiscovery         pid-32590                            I  FastPairHandler:  00000000-0000-1000-8000-00805f9b34fb [CONTEXT service_id=265 ]
2022-12-06 23:09:21.683  3141-3141  GsaVoiceInteractionSrv  pid-3141                             I  (REDACTED) O received %s
2022-12-06 23:09:21.683 32590-3941  NearbyDiscovery         pid-32590                            I  FastPairHandler:  45ed2b0c-50f9-4d2d-9ddc-c21ba2c0f825 [CONTEXT service_id=265 ]
2022-12-06 23:09:21.683 32590-3941  NearbyDiscovery         pid-32590                            I  FastPairHandler: Received action android.bluetooth.device.action.UUID [CONTEXT service_id=265 ]
2022-12-06 23:09:21.683  1991-2066  BluetoothA2dp           pid-1991                             D  onBluetoothStateChange: up=true
2022-12-06 23:09:21.684 32590-3941  NearbyDiscovery         pid-32590                            I  FastPairHandler: Uuid fetch for XX:XX:XX:XX:88:D7 is done [CONTEXT service_id=265 ]
2022-12-06 23:09:21.684 32590-3941  NearbyDiscovery         pid-32590                            I  FastPairHandler:  0000110a-0000-1000-8000-00805f9b34fb [CONTEXT service_id=265 ]
2022-12-06 23:09:21.684 32590-3941  NearbyDiscovery         pid-32590                            I  FastPairHandler:  0000111e-0000-1000-8000-00805f9b34fb [CONTEXT service_id=265 ]
2022-12-06 23:09:21.684 32590-3941  NearbyDiscovery         pid-32590                            I  FastPairHandler:  0000110b-0000-1000-8000-00805f9b34fb [CONTEXT service_id=265 ]
2022-12-06 23:09:21.684 32590-3941  NearbyDiscovery         pid-32590                            I  FastPairHandler:  0000110e-0000-1000-8000-00805f9b34fb [CONTEXT service_id=265 ]
2022-12-06 23:09:21.684 32590-3941  NearbyDiscovery         pid-32590                            I  FastPairHandler:  00001112-0000-1000-8000-00805f9b34fb [CONTEXT service_id=265 ]
2022-12-06 23:09:21.684 32590-3941  NearbyDiscovery         pid-32590                            I  FastPairHandler:  00000000-0000-1000-8000-00805f9b34fb [CONTEXT service_id=265 ]
2022-12-06 23:09:21.685 32590-3941  NearbyDiscovery         pid-32590                            I  FastPairHandler:  00000000-0000-1000-8000-00805f9b34fb [CONTEXT service_id=265 ]
2022-12-06 23:09:21.685 32590-3941  NearbyDiscovery         pid-32590                            I  FastPairHandler:  00001105-0000-1000-8000-00805f9b34fb [CONTEXT service_id=265 ]
2022-12-06 23:09:21.685 32590-3941  NearbyDiscovery         pid-32590                            I  FastPairHandler:  00001106-0000-1000-8000-00805f9b34fb [CONTEXT service_id=265 ]
2022-12-06 23:09:21.685 32590-3941  NearbyDiscovery         pid-32590                            I  FastPairHandler:  00001104-0000-1000-8000-00805f9b34fb [CONTEXT service_id=265 ]
2022-12-06 23:09:21.685 32590-3941  NearbyDiscovery         pid-32590                            I  FastPairHandler:  0000112f-0000-1000-8000-00805f9b34fb [CONTEXT service_id=265 ]
2022-12-06 23:09:21.685 32590-3941  NearbyDiscovery         pid-32590                            I  FastPairHandler:  00001132-0000-1000-8000-00805f9b34fb [CONTEXT service_id=265 ]
2022-12-06 23:09:21.685 32590-3941  NearbyDiscovery         pid-32590                            I  FastPairHandler:  00001133-0000-1000-8000-00805f9b34fb [CONTEXT service_id=265 ]
2022-12-06 23:09:21.685 32590-3941  NearbyDiscovery         pid-32590                            I  FastPairHandler:  00005005-0000-1000-8000-0002ee000001 [CONTEXT service_id=265 ]
2022-12-06 23:09:21.685 32590-14910 NearbyDiscovery         pid-32590                            I  SdpManager: Add cached device for XX:XX:XX:XX:11:3A, forceAdd=true [CONTEXT service_id=265 ]
2022-12-06 23:09:21.686 32590-3941  NearbyDiscovery         pid-32590                            I  FastPairHandler: Received action android.bluetooth.device.action.UUID [CONTEXT service_id=265 ]
2022-12-06 23:09:21.686 32590-3941  NearbyDiscovery         pid-32590                            I  FastPairHandler: Uuid fetch for XX:XX:XX:XX:93:A0 is done [CONTEXT service_id=265 ]
2022-12-06 23:09:21.687 32590-3941  NearbyDiscovery         pid-32590                            I  FastPairHandler:  0000110a-0000-1000-8000-00805f9b34fb [CONTEXT service_id=265 ]
2022-12-06 23:09:21.687 32590-3941  NearbyDiscovery         pid-32590                            I  FastPairHandler:  0000111e-0000-1000-8000-00805f9b34fb [CONTEXT service_id=265 ]
2022-12-06 23:09:21.687 32590-3941  NearbyDiscovery         pid-32590                            I  FastPairHandler:  00001115-0000-1000-8000-00805f9b34fb [CONTEXT service_id=265 ]
2022-12-06 23:09:21.687 32590-3941  NearbyDiscovery         pid-32590                            I  FastPairHandler:  0000110b-0000-1000-8000-00805f9b34fb [CONTEXT service_id=265 ]
2022-12-06 23:09:21.687 32590-3941  NearbyDiscovery         pid-32590                            I  FastPairHandler:  0000110e-0000-1000-8000-00805f9b34fb [CONTEXT service_id=265 ]
2022-12-06 23:09:21.687 32590-3941  NearbyDiscovery         pid-32590                            I  FastPairHandler:  00001124-0000-1000-8000-00805f9b34fb [CONTEXT service_id=265 ]
2022-12-06 23:09:21.687 32590-3941  NearbyDiscovery         pid-32590                            I  FastPairHandler:  0000111f-0000-1000-8000-00805f9b34fb [CONTEXT service_id=265 ]
2022-12-06 23:09:21.687 32590-3941  NearbyDiscovery         pid-32590                            I  FastPairHandler:  00000000-0000-1000-8000-00805f9b34fb [CONTEXT service_id=265 ]
2022-12-06 23:09:21.687 32590-3941  NearbyDiscovery         pid-32590                            I  FastPairHandler:  00000000-0000-1000-8000-00805f9b34fb [CONTEXT service_id=265 ]
2022-12-06 23:09:21.688 32590-3941  NearbyDiscovery         pid-32590                            I  FastPairHandler:  c7f94713-891e-496a-a0e7-983a0946126e [CONTEXT service_id=265 ]
2022-12-06 23:09:21.690 32590-3941  NearbyDiscovery         pid-32590                            I  FastPairHandler: Received action android.bluetooth.device.action.UUID [CONTEXT service_id=265 ]
2022-12-06 23:09:21.691 32590-3941  NearbyDiscovery         pid-32590                            I  FastPairHandler: Uuid fetch for XX:XX:XX:XX:C0:5D is done [CONTEXT service_id=265 ]
2022-12-06 23:09:21.691 32590-3941  NearbyDiscovery         pid-32590                            I  FastPairHandler:  0000111e-0000-1000-8000-00805f9b34fb [CONTEXT service_id=265 ]
2022-12-06 23:09:21.691 32590-3941  NearbyDiscovery         pid-32590                            I  FastPairHandler:  0000110b-0000-1000-8000-00805f9b34fb [CONTEXT service_id=265 ]
2022-12-06 23:09:21.691 32590-3941  NearbyDiscovery         pid-32590                            I  FastPairHandler:  0000110e-0000-1000-8000-00805f9b34fb [CONTEXT service_id=265 ]
2022-12-06 23:09:21.691 32590-3941  NearbyDiscovery         pid-32590                            I  FastPairHandler:  00000000-0000-1000-8000-00805f9b34fb [CONTEXT service_id=265 ]
2022-12-06 23:09:21.691 32590-3941  NearbyDiscovery         pid-32590                            I  FastPairHandler:  00000000-0000-1000-8000-00805f9b34fb [CONTEXT service_id=265 ]
2022-12-06 23:09:21.691 32590-3941  NearbyDiscovery         pid-32590                            I  FastPairHandler: Received action android.bluetooth.device.action.UUID [CONTEXT service_id=265 ]
2022-12-06 23:09:21.691  1991-2059  BroadcastQueue          pid-1991                             W  Background execution not allowed: receiving Intent { act=android.bluetooth.device.action.UUID flg=0x10 (has extras) } to com.google.android.gms/.chimera.GmsIntentOperationService$PersistentTrustedReceiver
2022-12-06 23:09:21.692 32590-3941  NearbyDiscovery         pid-32590                            I  FastPairHandler: Uuid fetch for XX:XX:XX:XX:AC:22 is done [CONTEXT service_id=265 ]
2022-12-06 23:09:21.692 32590-3941  NearbyDiscovery         pid-32590                            I  FastPairHandler:  0000110a-0000-1000-8000-00805f9b34fb [CONTEXT service_id=265 ]
2022-12-06 23:09:21.692 32590-3941  NearbyDiscovery         pid-32590                            I  FastPairHandler:  00001105-0000-1000-8000-00805f9b34fb [CONTEXT service_id=265 ]
2022-12-06 23:09:21.692 32590-3941  NearbyDiscovery         pid-32590                            I  FastPairHandler:  00001115-0000-1000-8000-00805f9b34fb [CONTEXT service_id=265 ]
2022-12-06 23:09:21.692 32590-3941  NearbyDiscovery         pid-32590                            I  FastPairHandler:  00001116-0000-1000-8000-00805f9b34fb [CONTEXT service_id=265 ]
2022-12-06 23:09:21.692 32590-3941  NearbyDiscovery         pid-32590                            I  FastPairHandler:  0000110e-0000-1000-8000-00805f9b34fb [CONTEXT service_id=265 ]
2022-12-06 23:09:21.693 32590-3941  NearbyDiscovery         pid-32590                            I  FastPairHandler:  0000112f-0000-1000-8000-00805f9b34fb [CONTEXT service_id=265 ]
2022-12-06 23:09:21.693 32590-3941  NearbyDiscovery         pid-32590                            I  FastPairHandler:  00001112-0000-1000-8000-00805f9b34fb [CONTEXT service_id=265 ]
2022-12-06 23:09:21.693 32590-3941  NearbyDiscovery         pid-32590                            I  FastPairHandler:  0000111f-0000-1000-8000-00805f9b34fb [CONTEXT service_id=265 ]
2022-12-06 23:09:21.693 32590-3941  NearbyDiscovery         pid-32590                            I  FastPairHandler:  00001132-0000-1000-8000-00805f9b34fb [CONTEXT service_id=265 ]
2022-12-06 23:09:21.693 32590-3941  NearbyDiscovery         pid-32590                            I  FastPairHandler:  00000000-0000-1000-8000-00805f9b34fb [CONTEXT service_id=265 ]
2022-12-06 23:09:21.693  1991-2059  BroadcastQueue          pid-1991                             W  Background execution not allowed: receiving Intent { act=android.bluetooth.device.action.UUID flg=0x10 (has extras) } to com.google.android.googlequicksearchbox/com.google.android.apps.gsa.broadcastreceiver.external.ExternalCommonBroadcastReceiver
2022-12-06 23:09:21.693 32590-3941  NearbyDiscovery         pid-32590                            I  FastPairHandler:  00000000-0000-1000-8000-00805f9b34fb [CONTEXT service_id=265 ]
2022-12-06 23:09:21.693 32590-3941  NearbyDiscovery         pid-32590                            I  FastPairHandler: Received action android.bluetooth.device.action.UUID [CONTEXT service_id=265 ]
2022-12-06 23:09:21.694  2598-2889  BluetoothHeadset        pid-2598                             D  onBluetoothStateChange: up=true
2022-12-06 23:09:21.694 13036-13048 BluetoothHeadset        pid-13036                            D  onBluetoothStateChange: up=true
2022-12-06 23:09:21.694  1991-2066  BluetoothHearingAid     pid-1991                             E  Could not bind to Bluetooth Hearing Aid Service with Intent { act=android.bluetooth.IBluetoothHearingAid }
2022-12-06 23:09:21.694  1991-2066  BluetoothHeadset        pid-1991                             D  onBluetoothStateChange: up=true
2022-12-06 23:09:21.694  2249-12083 BluetoothPan            pid-2249                             D  onBluetoothStateChange on: true
2022-12-06 23:09:21.694  2249-2541  BluetoothHidDevice      pid-2249                             D  onBluetoothStateChange: up=true
2022-12-06 23:09:21.695  2249-2541  BluetoothHidDevice      pid-2249                             D  Binding HID Device service...
2022-12-06 23:09:21.695  1991-2059  BroadcastQueue          pid-1991                             W  Background execution not allowed: receiving Intent { act=android.bluetooth.device.action.UUID flg=0x10 (has extras) } to com.google.android.gms/.chimera.GmsIntentOperationService$PersistentTrustedReceiver
2022-12-06 23:09:21.696  1991-2059  BroadcastQueue          pid-1991                             W  Background execution not allowed: receiving Intent { act=android.bluetooth.device.action.UUID flg=0x10 (has extras) } to com.google.android.googlequicksearchbox/com.google.android.apps.gsa.broadcastreceiver.external.ExternalCommonBroadcastReceiver
2022-12-06 23:09:21.696  1991-2059  BroadcastQueue          pid-1991                             W  Background execution not allowed: receiving Intent { act=android.bluetooth.device.action.UUID flg=0x10 (has extras) } to com.google.android.gms/.chimera.GmsIntentOperationService$PersistentTrustedReceiver
2022-12-06 23:09:21.696 32590-3941  NearbyDiscovery         pid-32590                            I  FastPairHandler: Uuid fetch for XX:XX:XX:XX:8C:AB is done [CONTEXT service_id=265 ]
2022-12-06 23:09:21.696  1991-2059  BroadcastQueue          pid-1991                             W  Background execution not allowed: receiving Intent { act=android.bluetooth.device.action.UUID flg=0x10 (has extras) } to com.google.android.googlequicksearchbox/com.google.android.apps.gsa.broadcastreceiver.external.ExternalCommonBroadcastReceiver
2022-12-06 23:09:21.696  1991-2059  BroadcastQueue          pid-1991                             W  Background execution not allowed: receiving Intent { act=android.bluetooth.device.action.UUID flg=0x10 (has extras) } to com.google.android.gms/.chimera.GmsIntentOperationService$PersistentTrustedReceiver
2022-12-06 23:09:21.696 32590-3941  NearbyDiscovery         pid-32590                            I  FastPairHandler:  0000111e-0000-1000-8000-00805f9b34fb [CONTEXT service_id=265 ]
2022-12-06 23:09:21.696  1991-2059  BroadcastQueue          pid-1991                             W  Background execution not allowed: receiving Intent { act=android.bluetooth.device.action.UUID flg=0x10 (has extras) } to com.google.android.googlequicksearchbox/com.google.android.apps.gsa.broadcastreceiver.external.ExternalCommonBroadcastReceiver
2022-12-06 23:09:21.696 32590-3941  NearbyDiscovery         pid-32590                            I  FastPairHandler:  0000110b-0000-1000-8000-00805f9b34fb [CONTEXT service_id=265 ]
2022-12-06 23:09:21.696 32590-3941  NearbyDiscovery         pid-32590                            I  FastPairHandler:  0000110e-0000-1000-8000-00805f9b34fb [CONTEXT service_id=265 ]
2022-12-06 23:09:21.696 32590-3941  NearbyDiscovery         pid-32590                            I  FastPairHandler:  00000000-0000-1000-8000-00805f9b34fb [CONTEXT service_id=265 ]
2022-12-06 23:09:21.696 32590-3941  NearbyDiscovery         pid-32590                            I  FastPairHandler:  00000000-0000-1000-8000-00805f9b34fb [CONTEXT service_id=265 ]
2022-12-06 23:09:21.697 32590-3941  NearbyDiscovery         pid-32590                            I  FastPairHandler: Received action android.bluetooth.device.action.UUID [CONTEXT service_id=265 ]
2022-12-06 23:09:21.697 32590-3941  NearbyDiscovery         pid-32590                            I  FastPairHandler: Uuid fetch for XX:XX:XX:XX:AB:2C is done [CONTEXT service_id=265 ]
2022-12-06 23:09:21.697 32590-3941  NearbyDiscovery         pid-32590                            I  FastPairHandler:  00001101-0000-1000-8000-00805f9b34fb [CONTEXT service_id=265 ]
2022-12-06 23:09:21.697 32590-3941  NearbyDiscovery         pid-32590                            I  FastPairHandler:  00000000-0000-1000-8000-00805f9b34fb [CONTEXT service_id=265 ]
2022-12-06 23:09:21.697 32590-3941  NearbyDiscovery         pid-32590                            I  FastPairHandler:  00000000-0000-1000-8000-00805f9b34fb [CONTEXT service_id=265 ]
2022-12-06 23:09:21.698  2249-2541  BluetoothHidDevice      pid-2249                             E  Could not bind to Bluetooth HID Device Service with Intent { act=android.bluetooth.IBluetoothHidDevice }
2022-12-06 23:09:21.698  2249-2249  BluetoothHidHost        pid-2249                             D  Proxy object connected
2022-12-06 23:09:21.698  2249-2249  HidProfile              pid-2249                             D  Bluetooth service connected
2022-12-06 23:09:21.700  1991-2059  BroadcastQueue          pid-1991                             W  Background execution not allowed: receiving Intent { act=android.bluetooth.device.action.UUID flg=0x10 (has extras) } to com.google.android.gms/.chimera.GmsIntentOperationService$PersistentTrustedReceiver
2022-12-06 23:09:21.700  1991-2059  BroadcastQueue          pid-1991                             W  Background execution not allowed: receiving Intent { act=android.bluetooth.device.action.UUID flg=0x10 (has extras) } to com.google.android.googlequicksearchbox/com.google.android.apps.gsa.broadcastreceiver.external.ExternalCommonBroadcastReceiver
2022-12-06 23:09:21.702  1991-1991  BluetoothA2dp           pid-1991                             D  Proxy object connected
2022-12-06 23:09:21.702  1991-1991  AudioService            pid-1991                             I  In onServiceConnected(), profile: 2, proxy: android.bluetooth.BluetoothA2dp@ca1e347
2022-12-06 23:09:21.703 15538-15538 BluetoothPhonePolicy    pid-15538                            I  Received ACTION_UUID for device 04:BA:8D:DA:11:3A
2022-12-06 23:09:21.703 15538-15538 BluetoothPhonePolicy    pid-15538                            I  index=0uuid=0000110a-0000-1000-8000-00805f9b34fb
2022-12-06 23:09:21.703 15538-15538 BluetoothPhonePolicy    pid-15538                            I  index=1uuid=00001105-0000-1000-8000-00805f9b34fb
2022-12-06 23:09:21.703 15538-15538 BluetoothPhonePolicy    pid-15538                            I  index=2uuid=00001115-0000-1000-8000-00805f9b34fb
2022-12-06 23:09:21.703 15538-15538 BluetoothPhonePolicy    pid-15538                            I  index=3uuid=00001116-0000-1000-8000-00805f9b34fb
2022-12-06 23:09:21.703 15538-15538 BluetoothPhonePolicy    pid-15538                            I  index=4uuid=0000110e-0000-1000-8000-00805f9b34fb
2022-12-06 23:09:21.703 15538-15538 BluetoothPhonePolicy    pid-15538                            I  index=5uuid=0000112f-0000-1000-8000-00805f9b34fb
2022-12-06 23:09:21.703 15538-15538 BluetoothPhonePolicy    pid-15538                            I  index=6uuid=00001112-0000-1000-8000-00805f9b34fb
2022-12-06 23:09:21.703 15538-15538 BluetoothPhonePolicy    pid-15538                            I  index=7uuid=0000111f-0000-1000-8000-00805f9b34fb
2022-12-06 23:09:21.703 15538-15538 BluetoothPhonePolicy    pid-15538                            I  index=8uuid=00001132-0000-1000-8000-00805f9b34fb
2022-12-06 23:09:21.703 15538-15538 BluetoothPhonePolicy    pid-15538                            I  index=9uuid=00000000-0000-1000-8000-00805f9b34fb
