2022-12-06 23:09:21.703 15538-15538 BluetoothPhonePolicy    pid-15538                            I  index=10uuid=00000000-0000-1000-8000-00805f9b34fb
2022-12-06 23:09:21.703 15538-15538 BluetoothPhonePolicy    pid-15538                            I  index=11uuid=45ed2b0c-50f9-4d2d-9ddc-c21ba2c0f825
2022-12-06 23:09:21.704 15538-15538 BluetoothPhonePolicy    pid-15538                            I  processInitProfilePriorities() - device 04:BA:8D:DA:11:3A
2022-12-06 23:09:21.704 15538-15538 HeadsetService          pid-15538                            D  getHeadsetService(): returning com.android.bluetooth.hfp.HeadsetService@58e7560
2022-12-06 23:09:21.704 15538-15538 HearingAidService       pid-15538                            W  getHearingAidService(): service is NULL
2022-12-06 23:09:21.705 15538-15538 BluetoothPhonePolicy    pid-15538                            I  Received ACTION_UUID for device 64:A2:F9:9F:2A:9B
2022-12-06 23:09:21.705  2249-2519  LocalBluet...ileManager pid-2249                             D  Current Profiles[PAN]
2022-12-06 23:09:21.705 15538-15538 BluetoothPhonePolicy    pid-15538                            I  index=0uuid=00001103-0000-1000-8000-00805f9b34fb
2022-12-06 23:09:21.705  2249-2519  BluetoothHeadset        pid-2249                             W  Proxy not attached to service
2022-12-06 23:09:21.705 15538-15538 BluetoothPhonePolicy    pid-15538                            I  index=1uuid=0000110a-0000-1000-8000-00805f9b34fb
2022-12-06 23:09:21.705  2249-2519  BluetoothA2dp           pid-2249                             W  Proxy not attached to service
2022-12-06 23:09:21.705 15538-15538 BluetoothPhonePolicy    pid-15538                            I  index=2uuid=00001105-0000-1000-8000-00805f9b34fb
2022-12-06 23:09:21.705  2249-2519  BluetoothMap            pid-2249                             D  getConnectedDevices()
2022-12-06 23:09:21.705 15538-15538 BluetoothPhonePolicy    pid-15538                            I  index=3uuid=00001115-0000-1000-8000-00805f9b34fb
2022-12-06 23:09:21.705  2249-2519  BluetoothMap            pid-2249                             W  Proxy not attached to service
2022-12-06 23:09:21.705  2249-2519  BluetoothPbap           pid-2249                             W  Proxy not attached to service
2022-12-06 23:09:21.705 15538-15538 BluetoothPhonePolicy    pid-15538                            I  index=4uuid=00001116-0000-1000-8000-00805f9b34fb
2022-12-06 23:09:21.705  2249-2519  LocalBluet...ileManager pid-2249                             D  New Profiles[PAN]
2022-12-06 23:09:21.705 15538-15538 BluetoothPhonePolicy    pid-15538                            I  index=5uuid=0000112d-0000-1000-8000-00805f9b34fb
2022-12-06 23:09:21.705 15538-15538 BluetoothPhonePolicy    pid-15538                            I  index=6uuid=0000110e-0000-1000-8000-00805f9b34fb
2022-12-06 23:09:21.705 15538-15538 BluetoothPhonePolicy    pid-15538                            I  index=7uuid=0000112f-0000-1000-8000-00805f9b34fb
2022-12-06 23:09:21.705 15538-15538 BluetoothPhonePolicy    pid-15538                            I  index=8uuid=00001112-0000-1000-8000-00805f9b34fb
2022-12-06 23:09:21.705 15538-15538 BluetoothPhonePolicy    pid-15538                            I  index=9uuid=0000111f-0000-1000-8000-00805f9b34fb
2022-12-06 23:09:21.705 15538-15538 BluetoothPhonePolicy    pid-15538                            I  index=10uuid=00001132-0000-1000-8000-00805f9b34fb
2022-12-06 23:09:21.705 15538-15538 BluetoothPhonePolicy    pid-15538                            I  index=11uuid=00000000-0000-1000-8000-00805f9b34fb
2022-12-06 23:09:21.705 15538-15538 BluetoothPhonePolicy    pid-15538                            I  index=12uuid=00000000-0000-1000-8000-00805f9b34fb
2022-12-06 23:09:21.705 15538-15538 BluetoothPhonePolicy    pid-15538                            I  index=13uuid=45ed2b0c-50f9-4d2d-9ddc-c21ba2c0f825
2022-12-06 23:09:21.705 15538-15538 BluetoothPhonePolicy    pid-15538                            I  processInitProfilePriorities() - device 64:A2:F9:9F:2A:9B
2022-12-06 23:09:21.705 15538-15538 HeadsetService          pid-15538                            D  getHeadsetService(): returning com.android.bluetooth.hfp.HeadsetService@58e7560
2022-12-06 23:09:21.705 15538-15538 HearingAidService       pid-15538                            W  getHearingAidService(): service is NULL
2022-12-06 23:09:21.706 15538-15538 BluetoothPhonePolicy    pid-15538                            I  Received ACTION_UUID for device 00:C2:C6:6C:88:D7
2022-12-06 23:09:21.706 15538-15538 BluetoothPhonePolicy    pid-15538                            I  index=0uuid=0000110a-0000-1000-8000-00805f9b34fb
2022-12-06 23:09:21.707 15538-15538 BluetoothPhonePolicy    pid-15538                            I  index=1uuid=0000111e-0000-1000-8000-00805f9b34fb
2022-12-06 23:09:21.707 15538-15538 BluetoothPhonePolicy    pid-15538                            I  index=2uuid=0000110b-0000-1000-8000-00805f9b34fb
2022-12-06 23:09:21.707 15538-15538 BluetoothPhonePolicy    pid-15538                            I  index=3uuid=0000110e-0000-1000-8000-00805f9b34fb
2022-12-06 23:09:21.707 15538-15538 BluetoothPhonePolicy    pid-15538                            I  index=4uuid=00001112-0000-1000-8000-00805f9b34fb
2022-12-06 23:09:21.707 15538-15538 BluetoothPhonePolicy    pid-15538                            I  index=5uuid=00000000-0000-1000-8000-00805f9b34fb
2022-12-06 23:09:21.707 15538-15538 BluetoothPhonePolicy    pid-15538                            I  index=6uuid=00000000-0000-1000-8000-00805f9b34fb
2022-12-06 23:09:21.707 15538-15538 BluetoothPhonePolicy    pid-15538                            I  index=7uuid=00001105-0000-1000-8000-00805f9b34fb
2022-12-06 23:09:21.707 15538-15538 BluetoothPhonePolicy    pid-15538                            I  index=8uuid=00001106-0000-1000-8000-00805f9b34fb
2022-12-06 23:09:21.707 15538-15538 BluetoothPhonePolicy    pid-15538                            I  index=9uuid=00001104-0000-1000-8000-00805f9b34fb
2022-12-06 23:09:21.707 15538-15538 BluetoothPhonePolicy    pid-15538                            I  index=10uuid=0000112f-0000-1000-8000-00805f9b34fb
2022-12-06 23:09:21.707 15538-15538 BluetoothPhonePolicy    pid-15538                            I  index=11uuid=00001132-0000-1000-8000-00805f9b34fb
2022-12-06 23:09:21.707 15538-15538 BluetoothPhonePolicy    pid-15538                            I  index=12uuid=00001133-0000-1000-8000-00805f9b34fb
2022-12-06 23:09:21.707 15538-15538 BluetoothPhonePolicy    pid-15538                            I  index=13uuid=00005005-0000-1000-8000-0002ee000001
2022-12-06 23:09:21.707 15538-15538 BluetoothPhonePolicy    pid-15538                            I  processInitProfilePriorities() - device 00:C2:C6:6C:88:D7
2022-12-06 23:09:21.707 15538-15538 HeadsetService          pid-15538                            D  getHeadsetService(): returning com.android.bluetooth.hfp.HeadsetService@58e7560
2022-12-06 23:09:21.707 15538-15538 HearingAidService       pid-15538                            W  getHearingAidService(): service is NULL
2022-12-06 23:09:21.707  3141-3141  GsaVoiceInteractionSrv  pid-3141                             I  (REDACTED) O received %s
2022-12-06 23:09:21.707  4555-4658  BistoWorker             pid-4555                             I  (REDACTED) bluetoothConnectionStateChanged. Action: %s
2022-12-06 23:09:21.708  3141-3141  GsaVoiceInteractionSrv  pid-3141                             I  (REDACTED) O received %s
2022-12-06 23:09:21.708  3141-3141  chatty                  pid-3141                             I  uid=10050 com.google.android.googlequicksearchbox:interactor identical 1 line
2022-12-06 23:09:21.708  3141-3141  GsaVoiceInteractionSrv  pid-3141                             I  (REDACTED) O received %s
2022-12-06 23:09:21.709 32590-14910 NearbyDiscovery         pid-32590                            I  SdpManager: Add cached device for XX:XX:XX:XX:2A:9B, forceAdd=true [CONTEXT service_id=265 ]
2022-12-06 23:09:21.710 15538-15538 BluetoothPhonePolicy    pid-15538                            I  Received ACTION_UUID for device D4:1B:81:13:93:A0
2022-12-06 23:09:21.710 15538-15538 BluetoothPhonePolicy    pid-15538                            I  index=0uuid=0000110a-0000-1000-8000-00805f9b34fb
2022-12-06 23:09:21.710 15538-15538 BluetoothPhonePolicy    pid-15538                            I  index=1uuid=0000111e-0000-1000-8000-00805f9b34fb
2022-12-06 23:09:21.710 15538-15538 BluetoothPhonePolicy    pid-15538                            I  index=2uuid=00001115-0000-1000-8000-00805f9b34fb
2022-12-06 23:09:21.710 15538-15538 BluetoothPhonePolicy    pid-15538                            I  index=3uuid=0000110b-0000-1000-8000-00805f9b34fb
2022-12-06 23:09:21.710 15538-15538 BluetoothPhonePolicy    pid-15538                            I  index=4uuid=0000110e-0000-1000-8000-00805f9b34fb
2022-12-06 23:09:21.710 15538-15538 BluetoothPhonePolicy    pid-15538                            I  index=5uuid=00001124-0000-1000-8000-00805f9b34fb
2022-12-06 23:09:21.710 15538-15538 BluetoothPhonePolicy    pid-15538                            I  index=6uuid=0000111f-0000-1000-8000-00805f9b34fb
2022-12-06 23:09:21.710 15538-15538 BluetoothPhonePolicy    pid-15538                            I  index=7uuid=00000000-0000-1000-8000-00805f9b34fb
2022-12-06 23:09:21.710 15538-15538 BluetoothPhonePolicy    pid-15538                            I  index=8uuid=00000000-0000-1000-8000-00805f9b34fb
2022-12-06 23:09:21.710 15538-15538 BluetoothPhonePolicy    pid-15538                            I  index=9uuid=c7f94713-891e-496a-a0e7-983a0946126e
2022-12-06 23:09:21.710 15538-15538 BluetoothPhonePolicy    pid-15538                            I  processInitProfilePriorities() - device D4:1B:81:13:93:A0
2022-12-06 23:09:21.710 15538-15538 HeadsetService          pid-15538                            D  getHeadsetService(): returning com.android.bluetooth.hfp.HeadsetService@58e7560
2022-12-06 23:09:21.710 15538-15538 HearingAidService       pid-15538                            W  getHearingAidService(): service is NULL
2022-12-06 23:09:21.711  3141-3141  GsaVoiceInteractionSrv  pid-3141                             I  (REDACTED) O received %s
2022-12-06 23:09:21.715  4555-4658  BistoWorker             pid-4555                             I  (REDACTED) bluetoothConnectionStateChanged. Action: %s
2022-12-06 23:09:21.716 15538-15538 BluetoothPhonePolicy    pid-15538                            I  Received ACTION_UUID for device 11:11:22:AC:C0:5D
2022-12-06 23:09:21.716 15538-15538 BluetoothPhonePolicy    pid-15538                            I  index=0uuid=0000111e-0000-1000-8000-00805f9b34fb
2022-12-06 23:09:21.716 15538-15538 BluetoothPhonePolicy    pid-15538                            I  index=1uuid=0000110b-0000-1000-8000-00805f9b34fb
2022-12-06 23:09:21.716 15538-15538 BluetoothPhonePolicy    pid-15538                            I  index=2uuid=0000110e-0000-1000-8000-00805f9b34fb
2022-12-06 23:09:21.716 15538-15538 BluetoothPhonePolicy    pid-15538                            I  index=3uuid=00000000-0000-1000-8000-00805f9b34fb
2022-12-06 23:09:21.716 15538-15538 BluetoothPhonePolicy    pid-15538                            I  index=4uuid=00000000-0000-1000-8000-00805f9b34fb
2022-12-06 23:09:21.716 15538-15538 BluetoothPhonePolicy    pid-15538                            I  processInitProfilePriorities() - device 11:11:22:AC:C0:5D
2022-12-06 23:09:21.716 15538-15538 HeadsetService          pid-15538                            D  getHeadsetService(): returning com.android.bluetooth.hfp.HeadsetService@58e7560
2022-12-06 23:09:21.716 15538-15538 HearingAidService       pid-15538                            W  getHearingAidService(): service is NULL
2022-12-06 23:09:21.717  2249-2249  PbapServerProfile       pid-2249                             D  Bluetooth service connected
2022-12-06 23:09:21.719  2249-12083 BluetoothMap            pid-2249                             D  onBluetoothStateChange: up=true
2022-12-06 23:09:21.719  1991-2066  BluetoothHeadset        pid-1991                             D  onBluetoothStateChange: up=true
2022-12-06 23:09:21.719  2249-2541  BluetoothHeadset        pid-2249                             D  onBluetoothStateChange: up=true
2022-12-06 23:09:21.719  2249-2485  BluetoothA2dp           pid-2249                             D  onBluetoothStateChange: up=true
2022-12-06 23:09:21.719 15538-15538 BluetoothPhonePolicy    pid-15538                            I  Received ACTION_UUID for device FC:AA:B6:AA:AC:22
2022-12-06 23:09:21.720 15538-15538 BluetoothPhonePolicy    pid-15538                            I  index=0uuid=0000110a-0000-1000-8000-00805f9b34fb
2022-12-06 23:09:21.720 15538-15538 BluetoothPhonePolicy    pid-15538                            I  index=1uuid=00001105-0000-1000-8000-00805f9b34fb
2022-12-06 23:09:21.720 15538-15538 BluetoothPhonePolicy    pid-15538                            I  index=2uuid=00001115-0000-1000-8000-00805f9b34fb
2022-12-06 23:09:21.720 15538-15538 BluetoothPhonePolicy    pid-15538                            I  index=3uuid=00001116-0000-1000-8000-00805f9b34fb
2022-12-06 23:09:21.720 15538-15538 BluetoothPhonePolicy    pid-15538                            I  index=4uuid=0000110e-0000-1000-8000-00805f9b34fb
2022-12-06 23:09:21.720 15538-15538 BluetoothPhonePolicy    pid-15538                            I  index=5uuid=0000112f-0000-1000-8000-00805f9b34fb
2022-12-06 23:09:21.720 15538-15538 BluetoothPhonePolicy    pid-15538                            I  index=6uuid=00001112-0000-1000-8000-00805f9b34fb
2022-12-06 23:09:21.720 15538-15538 BluetoothPhonePolicy    pid-15538                            I  index=7uuid=0000111f-0000-1000-8000-00805f9b34fb
2022-12-06 23:09:21.720 15538-15538 BluetoothPhonePolicy    pid-15538                            I  index=8uuid=00001132-0000-1000-8000-00805f9b34fb
2022-12-06 23:09:21.720 15538-15538 BluetoothPhonePolicy    pid-15538                            I  index=9uuid=00000000-0000-1000-8000-00805f9b34fb
2022-12-06 23:09:21.720 15538-15538 BluetoothPhonePolicy    pid-15538                            I  index=10uuid=00000000-0000-1000-8000-00805f9b34fb
2022-12-06 23:09:21.720 15538-15538 BluetoothPhonePolicy    pid-15538                            I  processInitProfilePriorities() - device FC:AA:B6:AA:AC:22
2022-12-06 23:09:21.720 15538-15538 HeadsetService          pid-15538                            D  getHeadsetService(): returning com.android.bluetooth.hfp.HeadsetService@58e7560
2022-12-06 23:09:21.720 15538-15538 HearingAidService       pid-15538                            W  getHearingAidService(): service is NULL
2022-12-06 23:09:21.721 15538-15538 BluetoothPhonePolicy    pid-15538                            I  Received ACTION_UUID for device 4E:10:83:D1:8C:AB
2022-12-06 23:09:21.721 15538-15538 BluetoothPhonePolicy    pid-15538                            I  index=0uuid=0000111e-0000-1000-8000-00805f9b34fb
2022-12-06 23:09:21.721 15538-15538 BluetoothPhonePolicy    pid-15538                            I  index=1uuid=0000110b-0000-1000-8000-00805f9b34fb
2022-12-06 23:09:21.721 15538-15538 BluetoothPhonePolicy    pid-15538                            I  index=2uuid=0000110e-0000-1000-8000-00805f9b34fb
2022-12-06 23:09:21.721 15538-15538 BluetoothPhonePolicy    pid-15538                            I  index=3uuid=00000000-0000-1000-8000-00805f9b34fb
2022-12-06 23:09:21.721 15538-15538 BluetoothPhonePolicy    pid-15538                            I  index=4uuid=00000000-0000-1000-8000-00805f9b34fb
2022-12-06 23:09:21.721 15538-15538 BluetoothPhonePolicy    pid-15538                            I  processInitProfilePriorities() - device 4E:10:83:D1:8C:AB
2022-12-06 23:09:21.721 15538-15538 HeadsetService          pid-15538                            D  getHeadsetService(): returning com.android.bluetooth.hfp.HeadsetService@58e7560
2022-12-06 23:09:21.721 15538-15538 HearingAidService       pid-15538                            W  getHearingAidService(): service is NULL
2022-12-06 23:09:21.722  2249-2519  LocalBluet...ileManager pid-2249                             D  Current Profiles[HEADSET, A2DP]
2022-12-06 23:09:21.722  2249-2519  BluetoothMap            pid-2249                             D  getConnectedDevices()
2022-12-06 23:09:21.722  2249-2519  BluetoothMap            pid-2249                             W  Proxy not attached to service
2022-12-06 23:09:21.722 15538-15550 BluetoothPbapService    pid-15538                            D  getConnectionState: 00:C2:C6:6C:88:D7
2022-12-06 23:09:21.722  1991-2066  BluetoothManagerService pid-1991                             D  Sending BLE State Change: TURNING_ON > ON
2022-12-06 23:09:21.722  2249-2519  LocalBluet...ileManager pid-2249                             D  New Profiles[HEADSET, A2DP]
2022-12-06 23:09:21.722 15538-15538 BluetoothPhonePolicy    pid-15538                            I  Received ACTION_UUID for device 98:D3:37:00:AB:2C
2022-12-06 23:09:21.723 15538-15538 BluetoothPhonePolicy    pid-15538                            I  index=0uuid=00001101-0000-1000-8000-00805f9b34fb
2022-12-06 23:09:21.723 15538-15538 BluetoothPhonePolicy    pid-15538                            I  index=1uuid=00000000-0000-1000-8000-00805f9b34fb
2022-12-06 23:09:21.723 15538-15538 BluetoothPhonePolicy    pid-15538                            I  index=2uuid=00000000-0000-1000-8000-00805f9b34fb
2022-12-06 23:09:21.723 15538-15538 BluetoothPhonePolicy    pid-15538                            I  processInitProfilePriorities() - device 98:D3:37:00:AB:2C
2022-12-06 23:09:21.723 15538-15538 HeadsetService          pid-15538                            D  getHeadsetService(): returning com.android.bluetooth.hfp.HeadsetService@58e7560
2022-12-06 23:09:21.723 15538-15538 HearingAidService       pid-15538                            W  getHearingAidService(): service is NULL
2022-12-06 23:09:21.723 15538-15538 BluetoothPhonePolicy    pid-15538                            I  Received ACTION_UUID for device 50:49:B0:8C:AF:07
2022-12-06 23:09:21.723 15538-15538 BluetoothPhonePolicy    pid-15538                            I  index=0uuid=0000110a-0000-1000-8000-00805f9b34fb
2022-12-06 23:09:21.723 15538-15538 BluetoothPhonePolicy    pid-15538                            I  index=1uuid=00001105-0000-1000-8000-00805f9b34fb
2022-12-06 23:09:21.723 15538-15538 BluetoothPhonePolicy    pid-15538                            I  index=2uuid=00001115-0000-1000-8000-00805f9b34fb
2022-12-06 23:09:21.723 15538-15538 BluetoothPhonePolicy    pid-15538                            I  index=3uuid=00001116-0000-1000-8000-00805f9b34fb
2022-12-06 23:09:21.723 15538-15538 BluetoothPhonePolicy    pid-15538                            I  index=4uuid=0000112d-0000-1000-8000-00805f9b34fb
2022-12-06 23:09:21.723 15538-15538 BluetoothPhonePolicy    pid-15538                            I  index=5uuid=0000110e-0000-1000-8000-00805f9b34fb
2022-12-06 23:09:21.723 15538-15538 BluetoothPhonePolicy    pid-15538                            I  index=6uuid=0000112f-0000-1000-8000-00805f9b34fb
2022-12-06 23:09:21.723 15538-15538 BluetoothPhonePolicy    pid-15538                            I  index=7uuid=00001112-0000-1000-8000-00805f9b34fb
2022-12-06 23:09:21.723 15538-15538 BluetoothPhonePolicy    pid-15538                            I  index=8uuid=0000111f-0000-1000-8000-00805f9b34fb
2022-12-06 23:09:21.723 15538-15538 BluetoothPhonePolicy    pid-15538                            I  index=9uuid=00001132-0000-1000-8000-00805f9b34fb
2022-12-06 23:09:21.723 15538-15538 BluetoothPhonePolicy    pid-15538                            I  index=10uuid=00000000-0000-1000-8000-00805f9b34fb
2022-12-06 23:09:21.723 15538-15538 BluetoothPhonePolicy    pid-15538                            I  index=11uuid=00000000-0000-1000-8000-00805f9b34fb
2022-12-06 23:09:21.723 15538-15538 BluetoothPhonePolicy    pid-15538                            I  index=12uuid=6d761db8-c9e9-4615-920c-e1cee4c2494d
2022-12-06 23:09:21.723 15538-15538 BluetoothPhonePolicy    pid-15538                            I  processInitProfilePriorities() - device 50:49:B0:8C:AF:07
2022-12-06 23:09:21.723 15538-15538 HeadsetService          pid-15538                            D  getHeadsetService(): returning com.android.bluetooth.hfp.HeadsetService@58e7560
2022-12-06 23:09:21.723 15538-15538 HearingAidService       pid-15538                            W  getHearingAidService(): service is NULL
2022-12-06 23:09:21.724 32590-3941  NearbyDiscovery         pid-32590                            I  FastPairHandler: Received action android.bluetooth.device.action.UUID [CONTEXT service_id=265 ]
2022-12-06 23:09:21.724 32590-3941  NearbyDiscovery         pid-32590                            I  FastPairHandler: Uuid fetch for XX:XX:XX:XX:AF:07 is done [CONTEXT service_id=265 ]
2022-12-06 23:09:21.724 32590-3941  NearbyDiscovery         pid-32590                            I  FastPairHandler:  0000110a-0000-1000-8000-00805f9b34fb [CONTEXT service_id=265 ]
2022-12-06 23:09:21.724 32590-3941  NearbyDiscovery         pid-32590                            I  FastPairHandler:  00001105-0000-1000-8000-00805f9b34fb [CONTEXT service_id=265 ]
2022-12-06 23:09:21.724 32590-3941  NearbyDiscovery         pid-32590                            I  FastPairHandler:  00001115-0000-1000-8000-00805f9b34fb [CONTEXT service_id=265 ]
2022-12-06 23:09:21.724 32590-3941  NearbyDiscovery         pid-32590                            I  FastPairHandler:  00001116-0000-1000-8000-00805f9b34fb [CONTEXT service_id=265 ]
2022-12-06 23:09:21.724 32590-3941  NearbyDiscovery         pid-32590                            I  FastPairHandler:  0000112d-0000-1000-8000-00805f9b34fb [CONTEXT service_id=265 ]
2022-12-06 23:09:21.724 32590-3941  NearbyDiscovery         pid-32590                            I  FastPairHandler:  0000110e-0000-1000-8000-00805f9b34fb [CONTEXT service_id=265 ]
2022-12-06 23:09:21.725 32590-3941  NearbyDiscovery         pid-32590                            I  FastPairHandler:  0000112f-0000-1000-8000-00805f9b34fb [CONTEXT service_id=265 ]
2022-12-06 23:09:21.725 32590-3941  NearbyDiscovery         pid-32590                            I  FastPairHandler:  00001112-0000-1000-8000-00805f9b34fb [CONTEXT service_id=265 ]
2022-12-06 23:09:21.725 32590-3941  NearbyDiscovery         pid-32590                            I  FastPairHandler:  0000111f-0000-1000-8000-00805f9b34fb [CONTEXT service_id=265 ]
2022-12-06 23:09:21.725 32590-3941  NearbyDiscovery         pid-32590                            I  FastPairHandler:  00001132-0000-1000-8000-00805f9b34fb [CONTEXT service_id=265 ]
2022-12-06 23:09:21.725 32590-3941  NearbyDiscovery         pid-32590                            I  FastPairHandler:  00000000-0000-1000-8000-00805f9b34fb [CONTEXT service_id=265 ]
2022-12-06 23:09:21.725 32590-3941  NearbyDiscovery         pid-32590                            I  FastPairHandler:  00000000-0000-1000-8000-00805f9b34fb [CONTEXT service_id=265 ]
2022-12-06 23:09:21.725 32590-3941  NearbyDiscovery         pid-32590                            I  FastPairHandler:  6d761db8-c9e9-4615-920c-e1cee4c2494d [CONTEXT service_id=265 ]
2022-12-06 23:09:21.726  2249-2249  BluetoothPan            pid-2249                             D  BluetoothPAN Proxy object connected
2022-12-06 23:09:21.726  2249-2249  PanProfile              pid-2249                             D  Bluetooth service connected
2022-12-06 23:09:21.728  2249-2519  LocalBluet...ileManager pid-2249                             D  Current Profiles[HEADSET, A2DP, HID]
2022-12-06 23:09:21.728  2249-2519  BluetoothMap            pid-2249                             D  getConnectedDevices()
2022-12-06 23:09:21.728  2249-2519  BluetoothMap            pid-2249                             W  Proxy not attached to service
2022-12-06 23:09:21.728  2249-2249  MiuiBleUnlockHelper     pid-2249                             D  ble action name: android.bluetooth.adapter.action.STATE_CHANGED
2022-12-06 23:09:21.729  1991-1991  Telecom                 pid-1991                             W  BluetoothPhoneService: Calling get Profile proxy
2022-12-06 23:09:21.729  1991-2059  CompatibilityInfo       pid-1991                             D  mCompatibilityFlags - 0
2022-12-06 23:09:21.729  1991-2059  CompatibilityInfo       pid-1991                             D  applicationDensity - 320
2022-12-06 23:09:21.729  1991-2059  CompatibilityInfo       pid-1991                             D  applicationScale - 1.0
2022-12-06 23:09:21.730  1466-1466  BtGovernor              pid-1466                             I  Previous state: 11 New state: 12
2022-12-06 23:09:21.730  1466-1466  BtGovernor              pid-1466                             I  isAvailable enter
2022-12-06 23:09:21.730 15538-15538 BluetoothPhonePolicy    pid-15538                            I  delay auto connect by 500 ms
2022-12-06 23:09:21.731 15538-15538 BluetoothAdapterService pid-15538                            D  isQuetModeEnabled() - Enabled = false
2022-12-06 23:09:21.731 15538-15538 BluetoothMapService     pid-15538                            D  onReceive
2022-12-06 23:09:21.731 15538-15538 BluetoothMapService     pid-15538                            D  onReceive: android.bluetooth.adapter.action.STATE_CHANGED
2022-12-06 23:09:21.731 15538-15538 BluetoothMapService     pid-15538                            D  STATE_ON
2022-12-06 23:09:21.731 15538-15538 SapService              pid-15538                            D  STATE_ON
2022-12-06 23:09:21.731 15538-15538 BtOppService            pid-15538                            D  action : android.bluetooth.adapter.action.STATE_CHANGED
2022-12-06 23:09:21.731 15538-15572 BluetoothA...iceManager pid-15538                            D  handleMessage(MESSAGE_ADAPTER_ACTION_STATE_CHANGED): newState=12
2022-12-06 23:09:21.731  1991-1991  Telecom                 pid-1991                             W  BluetoothPhoneService: Done Calling get Profile proxy
2022-12-06 23:09:21.731  1991-1991  Telecom                 pid-1991                             I  BluetoothPhoneService: queryPhoneState: BPSI.qPS@Cv0
2022-12-06 23:09:21.733  4555-4658  BistoWorker             pid-4555                             I  (REDACTED) bluetoothConnectionStateChanged. Action: %s
2022-12-06 23:09:21.733  1466-1466  BtGovernor              pid-1466                             D  BleApi init enter,9.11.23.14
2022-12-06 23:09:21.735  4555-4658  BistoWorker             pid-4555                             I  (REDACTED) bluetoothConnectionStateChanged. Action: %s
2022-12-06 23:09:21.736 15538-15550 BluetoothPbapService    pid-15538                            D  getConnectionState: D4:1B:81:13:93:A0
2022-12-06 23:09:21.736  2249-2519  LocalBluet...ileManager pid-2249                             D  New Profiles[HEADSET, A2DP, HID]
2022-12-06 23:09:21.740  1466-1466  BleGov.BleAttrClient    pid-1466                             D  init enter, mIsInitiated=false
2022-12-06 23:09:21.740  1466-1466  BleGov.BleDiscovery     pid-1466                             D  init enter, mIsInitiated=false
2022-12-06 23:09:21.741 15538-15538 BtOppService            pid-15538                            I   handleMessage :1
2022-12-06 23:09:21.742 15538-15538 BtOppService            pid-15538                            D  start Socket Listeners
2022-12-06 23:09:21.742 15538-15538 BtOppService            pid-15538                            D  stopListeners: mServerSocket is null
2022-12-06 23:09:21.742 15538-15538 ObexServerSockets       pid-15538                            D  create(rfcomm = 12, l2capPsm = 4131)
2022-12-06 23:09:21.742 32590-3941  NearbyDiscovery         pid-32590                            I  FastPairHandler: Received action android.bluetooth.adapter.action.BLE_STATE_CHANGED [CONTEXT service_id=265 ]
2022-12-06 23:09:21.742 15538-15538 BluetoothAdapter        pid-15538                            W  getBluetoothService() called with no BluetoothManagerCallback
2022-12-06 23:09:21.743 15538-15538 BluetoothAdapter        pid-15538                            D  listenUsingInsecureL2capOn: port=4131
2022-12-06 23:09:21.743 15538-15589 bt_stack                pid-15538                            I  [INFO:port_api.cc(123)] RFCOMM_CreateConnection BDA: ff:ff:ff:ff:ff:ff
2022-12-06 23:09:21.743 15538-15538 BluetoothAdapter        pid-15538                            W  getBluetoothService() called with no BluetoothManagerCallback
2022-12-06 23:09:21.744 15538-15589 bt_l2cap                pid-15538                            W  L2CAP - L2CA_Register() called for PSM: 0x1023
2022-12-06 23:09:21.744 15538-15538 ObexServerSockets       pid-15538                            D  Succeed to create listening sockets
2022-12-06 23:09:21.744 15538-15538 ObexServerSockets1      pid-15538                            D  startAccept()
2022-12-06 23:09:21.744  2249-2519  LocalBluet...ileManager pid-2249                             D  Current Profiles[HEADSET, A2DP]
2022-12-06 23:09:21.744  2249-2519  BluetoothMap            pid-2249                             D  getConnectedDevices()
2022-12-06 23:09:21.744 15538-15538 BluetoothSdpJni         pid-15538                            D  sdpCreateOppOpsRecordNative
2022-12-06 23:09:21.744  2249-2519  BluetoothMap            pid-2249                             W  Proxy not attached to service
2022-12-06 23:09:21.744 15538-15538 BluetoothSdpJni         pid-15538                            D  SDP Create record success - handle: 1
2022-12-06 23:09:21.744 15538-15538 BtOppService            pid-15538                            D  mOppSdpHandle :1
2022-12-06 23:09:21.744 15538-15550 BluetoothPbapService    pid-15538                            D  getConnectionState: 11:11:22:AC:C0:5D
2022-12-06 23:09:21.745  2249-2519  LocalBluet...ileManager pid-2249                             D  New Profiles[HEADSET, A2DP]
2022-12-06 23:09:21.746  1991-4118  CompatibilityInfo       pid-1991                             D  mCompatibilityFlags - 0
2022-12-06 23:09:21.746  1991-4118  CompatibilityInfo       pid-1991                             D  applicationDensity - 320
2022-12-06 23:09:21.746  1991-4118  CompatibilityInfo       pid-1991                             D  applicationScale - 1.0
2022-12-06 23:09:21.747 15538-15623 BluetoothAdapter        pid-15538                            W  getBluetoothService() called with no BluetoothManagerCallback
2022-12-06 23:09:21.749  1466-1466  BleGov.BleAttrServer    pid-1466                             D  init enter, mIsInitiated=false
2022-12-06 23:09:21.749 15538-15625 ObexServerSockets1      pid-15538                            D  Accepting socket connection...
2022-12-06 23:09:21.749  1466-1466  BleGov.BleAttrServer    pid-1466                             D  Info: gattOperationValid is false
2022-12-06 23:09:21.749  1466-1466  BleGov.BleAdvertising   pid-1466                             D  init enter, mIsInitiated=false
2022-12-06 23:09:21.749 15538-15624 ObexServerSockets1      pid-15538                            D  Accepting socket connection...
2022-12-06 23:09:21.750 15538-15589 bt_stack                pid-15538                            I  [INFO:port_api.cc(123)] RFCOMM_CreateConnection BDA: ff:ff:ff:ff:ff:ff
2022-12-06 23:09:21.751 15538-15623 BluetoothSdpJni         pid-15538                            D  sdpCreateSapsRecordNative
2022-12-06 23:09:21.751 15538-15603 BluetoothMapService     pid-15538                            V  Handler(): got msg=1
2022-12-06 23:09:21.752 15538-15623 BluetoothSdpJni         pid-15538                            D  SDP Create record success - handle: 2
2022-12-06 23:09:21.752 15538-15603 BluetoothM...sInstance0 pid-15538                            D  Map Service startSocketListeners
2022-12-06 23:09:21.752 15538-15603 ObexServerSockets       pid-15538                            D  create(rfcomm = 26, l2capPsm = 4137)
2022-12-06 23:09:21.753 15538-15603 BluetoothAdapter        pid-15538                            W  getBluetoothService() called with no BluetoothManagerCallback
2022-12-06 23:09:21.753 15538-15589 bt_stack                pid-15538                            I  [INFO:port_api.cc(123)] RFCOMM_CreateConnection BDA: ff:ff:ff:ff:ff:ff
2022-12-06 23:09:21.754 15538-15603 BluetoothAdapter        pid-15538                            W  getBluetoothService() called with no BluetoothManagerCallback
2022-12-06 23:09:21.754 15538-15589 bt_l2cap                pid-15538                            W  L2CAP - L2CA_Register() called for PSM: 0x1029
2022-12-06 23:09:21.754 15538-15603 ObexServerSockets       pid-15538                            D  Succeed to create listening sockets
2022-12-06 23:09:21.755 15538-15603 ObexServerSockets2      pid-15538                            D  startAccept()
2022-12-06 23:09:21.755 15538-15603 BluetoothSdpJni         pid-15538                            D  sdpCreateMapMasRecordNative
2022-12-06 23:09:21.755 15538-15603 BluetoothSdpJni         pid-15538                            D  SDP Create record success - handle: 3
2022-12-06 23:09:21.756  1466-1466  BtGovernor              pid-1466                             D  BleApi setAdvertisingCallback enter
2022-12-06 23:09:21.756  1466-1466  BtGovernor              pid-1466                             D  BleApi setDiscoveryCallback enter
2022-12-06 23:09:21.756  1466-1466  BleGov.BleDiscovery     pid-1466                             D  setCallback enter
2022-12-06 23:09:21.756  1466-1466  BtGovernor              pid-1466                             D  BleApi setAttributeCallback enter
2022-12-06 23:09:21.757 32590-3941  NearbyDiscovery         pid-32590                            I  FastPairScanner: isScreenOn=true, scanWithScreenOff=false, isLocationEnabled=true, disableLocationRequirement=false, isDiscoveryScanningEnabled=true, during24GhzWifiWarmingUpPeriod=false [CONTEXT service_id=265 ]
2022-12-06 23:09:21.758 32590-32650 NearbySharing           pid-32590                            I  Bluetooth is enabled [CONTEXT service_id=194 ]
2022-12-06 23:09:21.758 32590-3941  BluetoothAdapter        pid-32590                            D  isLeEnabled(): ON
2022-12-06 23:09:21.759 15538-15627 ObexServerSockets2      pid-15538                            D  Accepting socket connection...
2022-12-06 23:09:21.759  2249-2519  LocalBluet...ileManager pid-2249                             D  Current Profiles[PAN]
2022-12-06 23:09:21.759  2249-2519  BluetoothHeadset        pid-2249                             W  Proxy not attached to service
2022-12-06 23:09:21.759  2249-2519  BluetoothA2dp           pid-2249                             W  Proxy not attached to service
2022-12-06 23:09:21.759  2249-2519  BluetoothMap            pid-2249                             D  getConnectedDevices()
2022-12-06 23:09:21.759  2249-2519  BluetoothMap            pid-2249                             W  Proxy not attached to service
2022-12-06 23:09:21.759 15538-15628 ObexServerSockets2      pid-15538                            D  Accepting socket connection...
2022-12-06 23:09:21.759 15538-15551 BluetoothPbapService    pid-15538                            D  getConnectionState: FC:AA:B6:AA:AC:22
2022-12-06 23:09:21.759  2249-2519  LocalBluet...ileManager pid-2249                             D  New Profiles[PAN]
2022-12-06 23:09:21.760 32590-3941  NearbyDiscovery         pid-32590                            I  FastPairScanner: eventType=BLE_ON, intReq=false, scanning=false, scanAllowed=true, bleEnabled=true, bleScanAvailable=false, lockScanRate=false [CONTEXT service_id=265 ]
2022-12-06 23:09:21.761  3141-3141  GsaVoiceInteractionSrv  pid-3141                             I  (REDACTED) O received %s
2022-12-06 23:09:21.763  1991-7561  CompatibilityInfo       pid-1991                             D  mCompatibilityFlags - 0
2022-12-06 23:09:21.763  1991-7561  CompatibilityInfo       pid-1991                             D  applicationDensity - 320
2022-12-06 23:09:21.763  1991-7561  CompatibilityInfo       pid-1991                             D  applicationScale - 1.0
2022-12-06 23:09:21.764  4555-4658  BistoWorker             pid-4555                             I  (REDACTED) bluetoothConnectionStateChanged. Action: %s
2022-12-06 23:09:21.766  4555-4658  BistoWorker             pid-4555                             I  (REDACTED) bluetoothConnectionStateChanged. Action: %s
2022-12-06 23:09:21.767  3899-3899  com.androi....ble.app.o pid-3899                             D  loadFromConfig() sHasLoaded = true
2022-12-06 23:09:21.769  4555-4658  BistoWorker             pid-4555                             I  (REDACTED) bluetoothConnectionStateChanged. Action: %s
2022-12-06 23:09:21.769  3899-3899  BluetoothL...erInjector pid-3899                             D  startLeScanStatistics()
2022-12-06 23:09:21.771 15538-15550 BtGatt.GattService      pid-15538                            D  registerStatisticsClient()
2022-12-06 23:09:21.771  4555-4658  BistoWorker             pid-4555                             I  (REDACTED) bluetoothConnectionStateChanged. Action: %s
2022-12-06 23:09:21.773 32590-32650 NearbySharing           pid-32590                            I  Failed to stop scanning because we're not scanning. [CONTEXT service_id=194 ]
2022-12-06 23:09:21.773  1991-2160  CompatibilityInfo       pid-1991                             D  mCompatibilityFlags - 0
2022-12-06 23:09:21.773  1991-2160  CompatibilityInfo       pid-1991                             D  applicationDensity - 320
2022-12-06 23:09:21.773  1991-2160  CompatibilityInfo       pid-1991                             D  applicationScale - 1.0
2022-12-06 23:09:21.774 32590-32650 NearbySharing           pid-32590                            I  Stopping discovery because Nearby Sharing is disabled. [CONTEXT service_id=194 ]
2022-12-06 23:09:21.775 32590-32650 NearbySharing           pid-32590                            I  Can't stop advertising FastInitiation. Not advertising. [CONTEXT service_id=194 ]
2022-12-06 23:09:21.775 32590-32650 NearbySharing           pid-32590                            I  Stopping Fast Init advertisement because we're not scanning. [CONTEXT service_id=194 ]
2022-12-06 23:09:21.775 32590-32650 NearbySharing           pid-32590                            I  Stopping advertising because Nearby Sharing is disabled. [CONTEXT service_id=194 ]
2022-12-06 23:09:21.779 32590-14910 NearbyDiscovery         pid-32590                            I  SdpManager: Add cached device for XX:XX:XX:XX:88:D7, forceAdd=true [CONTEXT service_id=265 ]
2022-12-06 23:09:21.779  3899-3899  MiuiBleAppService       pid-3899                             D  onCreate()
2022-12-06 23:09:21.780 32590-3941  NearbyDiscovery         pid-32590                            I  FastPairScanner: Skipping stop, already stopped scanning [CONTEXT service_id=265 ]
2022-12-06 23:09:21.783  1991-2160  CompatibilityInfo       pid-1991                             D  mCompatibilityFlags - 0
2022-12-06 23:09:21.783  1991-2160  CompatibilityInfo       pid-1991                             D  applicationDensity - 320
2022-12-06 23:09:21.783  1991-2160  CompatibilityInfo       pid-1991                             D  applicationScale - 1.0
2022-12-06 23:09:21.784 32590-32650 BluetoothAdapter        pid-32590                            D  isLeEnabled(): ON
2022-12-06 23:09:21.784  1991-2066  BluetoothHeadset        pid-1991                             D  Proxy object connected
2022-12-06 23:09:21.784  1991-1991  AudioService            pid-1991                             I  In onServiceConnected(), profile: 1, proxy: android.bluetooth.BluetoothHeadset@5125cbb
2022-12-06 23:09:21.787  4555-4658  BistoWorker             pid-4555                             I  (REDACTED) bluetoothConnectionStateChanged. Action: %s
2022-12-06 23:09:21.787  3899-3899  MiuiBleAppService       pid-3899                             D  onStartCommand()
2022-12-06 23:09:21.788  3899-3899  g                       pid-3899                             D  getAllSettedDevices
2022-12-06 23:09:21.789  4555-4658  SearchServiceCore       pid-4555                             W  Abort, client detached.
2022-12-06 23:09:21.789  4555-4658  chatty                  pid-4555                             I  uid=10050(com.google.android.googlequicksearchbox) EventBus0 identical 2 lines
2022-12-06 23:09:21.789  4555-4658  SearchServiceCore       pid-4555                             W  Abort, client detached.
2022-12-06 23:09:21.789 32590-3941  NearbyDiscovery         pid-32590                            I  FastPairScanner: isScreenOn=true, scanWithScreenOff=false, isLocationEnabled=true, disableLocationRequirement=false, isDiscoveryScanningEnabled=true, during24GhzWifiWarmingUpPeriod=false [CONTEXT service_id=265 ]
2022-12-06 23:09:21.789  4555-4658  SearchServiceCore       pid-4555                             W  Abort, client detached.
2022-12-06 23:09:21.789  4555-4658  chatty                  pid-4555                             I  uid=10050(com.google.android.googlequicksearchbox) EventBus0 identical 2 lines
2022-12-06 23:09:21.789  4555-4658  SearchServiceCore       pid-4555                             W  Abort, client detached.
2022-12-06 23:09:21.792  1991-1991  AudioService            pid-1991                             I  setBtScoActiveDevice: null -> null
2022-12-06 23:09:21.792  1991-1991  AudioService            pid-1991                             I  In checkScoAudioState(), mScoAudioState: 0
2022-12-06 23:09:21.792  1991-1991  AudioService            pid-1991                             I  In HEADSET profile, mScoAudioState: 0, mScoAudioMode: 0
2022-12-06 23:09:21.794 32590-14910 NearbyDiscovery         pid-32590                            I  SdpManager: Add cached device for XX:XX:XX:XX:93:A0, forceAdd=true [CONTEXT service_id=265 ]
2022-12-06 23:09:21.795 32590-15522 ProximityAuth           pid-32590                            I  [PhoneHubService] Bluetooth state has changed. Calling startService.
2022-12-06 23:09:21.796  1991-2843  CompatibilityInfo       pid-1991                             D  mCompatibilityFlags - 0
2022-12-06 23:09:21.796  1991-2843  CompatibilityInfo       pid-1991                             D  applicationDensity - 320
2022-12-06 23:09:21.797  1991-2843  CompatibilityInfo       pid-1991                             D  applicationScale - 1.0
2022-12-06 23:09:21.797 32590-3941  BluetoothAdapter        pid-32590                            D  isLeEnabled(): ON
2022-12-06 23:09:21.797  4555-4658  SearchServiceCore       pid-4555                             W  Abort, client detached.
2022-12-06 23:09:21.798  4555-4658  chatty                  pid-4555                             I  uid=10050(com.google.android.googlequicksearchbox) EventBus0 identical 5 lines
2022-12-06 23:09:21.798  4555-4658  SearchServiceCore       pid-4555                             W  Abort, client detached.
2022-12-06 23:09:21.798  2249-2519  LocalBluet...ileManager pid-2249                             D  Current Profiles[HEADSET, A2DP]
2022-12-06 23:09:21.798  2249-2519  BluetoothMap            pid-2249                             D  getConnectedDevices()
2022-12-06 23:09:21.798  2249-2519  BluetoothMap            pid-2249                             W  Proxy not attached to service
2022-12-06 23:09:21.799 15538-15594 BluetoothPbapService    pid-15538                            D  getConnectionState: 4E:10:83:D1:8C:AB
2022-12-06 23:09:21.799  2249-2519  LocalBluet...ileManager pid-2249                             D  New Profiles[HEADSET, A2DP]
2022-12-06 23:09:21.802  1991-3171  CompatibilityInfo       pid-1991                             D  mCompatibilityFlags - 0
2022-12-06 23:09:21.803  1991-3171  CompatibilityInfo       pid-1991                             D  applicationDensity - 320
2022-12-06 23:09:21.803  1991-3171  CompatibilityInfo       pid-1991                             D  applicationScale - 1.0
2022-12-06 23:09:21.803 15538-15550 BtGatt.GattService      pid-15538                            D  registerScanner() - UUID=5a617026-1dd2-4696-87c5-e3855732d47c
2022-12-06 23:09:21.804  2249-2249  BluetoothA2dp           pid-2249                             D  Proxy object connected
2022-12-06 23:09:21.805  4555-4658  SearchServiceCore       pid-4555                             W  Abort, client detached.
2022-12-06 23:09:21.809  4555-4658  chatty                  pid-4555                             I  uid=10050(com.google.android.googlequicksearchbox) EventBus0 identical 9 lines
2022-12-06 23:09:21.809  4555-4658  SearchServiceCore       pid-4555                             W  Abort, client detached.
2022-12-06 23:09:21.809 15538-15589 bt_stack                pid-15538                            I  [INFO:gatt_api.cc(949)] GATT_Register8d02e823-a489-b7d8-cde9-904921c18f3a
2022-12-06 23:09:21.809 15538-15589 bt_stack                pid-15538                            I  [INFO:gatt_api.cc(969)] allocated gatt_if=5
2022-12-06 23:09:21.809 15538-15570 BtGatt.GattService      pid-15538                            D  onScannerRegistered() - UUID=5a617026-1dd2-4696-87c5-e3855732d47c, scannerId=5, status=0
2022-12-06 23:09:21.809 32590-1365  BluetoothLeScanner      pid-32590                            D  onScannerRegistered() - status=0 scannerId=5 mScannerId=0
2022-12-06 23:09:21.810  2249-2249  BluetoothMap            pid-2249                             D  Proxy object connected
2022-12-06 23:09:21.810  2249-2249  MapProfile              pid-2249                             D  Bluetooth service connected
2022-12-06 23:09:21.810  2249-2249  BluetoothMap            pid-2249                             D  getConnectedDevices()
2022-12-06 23:09:21.810 32590-14910 NearbyDiscovery         pid-32590                            I  SdpManager: Add cached device for XX:XX:XX:XX:C0:5D, forceAdd=true [CONTEXT service_id=265 ]
2022-12-06 23:09:21.813  4555-4667  BistoWorker             pid-4555                             I  (REDACTED) Failed to get bistoDeviceInfo %s
2022-12-06 23:09:21.815  4555-4658  SearchServiceCore       pid-4555                             W  Abort, client detached.
2022-12-06 23:09:21.816  4555-4658  chatty                  pid-4555                             I  uid=10050(com.google.android.googlequicksearchbox) EventBus0 identical 7 lines
2022-12-06 23:09:21.816  4555-4658  SearchServiceCore       pid-4555                             W  Abort, client detached.
2022-12-06 23:09:21.817 15538-15594 BtGatt.GattService      pid-15538                            D  start scan with filters
2022-12-06 23:09:21.817 32590-32590 NearbyFastPair          pid-32590                            I  WDLS created [CONTEXT service_id=265 ]
2022-12-06 23:09:21.818  1991-2066  BluetoothHeadset        pid-1991                             D  Proxy object connected
2022-12-06 23:09:21.819  1991-1991  Telecom                 pid-1991                             I  : - Got BluetoothHeadset: com.android.server.telecom.BluetoothHeadsetProxy@3231820: BMSL.oSC@Cv4
2022-12-06 23:09:21.819  4555-4658  SearchServiceCore       pid-4555                             W  Abort, client detached.
2022-12-06 23:09:21.819  4555-4658  chatty                  pid-4555                             I  uid=10050(com.google.android.googlequicksearchbox) EventBus0 identical 3 lines
2022-12-06 23:09:21.820  4555-4658  SearchServiceCore       pid-4555                             W  Abort, client detached.
2022-12-06 23:09:21.820 13036-13048 BluetoothHeadset        pid-13036                            D  Proxy object connected
2022-12-06 23:09:21.820  2249-2548  BluetoothHeadset        pid-2249                             D  Proxy object connected
2022-12-06 23:09:21.821  2249-2249  HeadsetProfile          pid-2249                             D  Bluetooth service connected
2022-12-06 23:09:21.821  4555-4654  BistoWorker             pid-4555                             I  (REDACTED) Failed to get bistoDeviceInfo %s
2022-12-06 23:09:21.821  4555-4653  BistoWorker             pid-4555                             I  (REDACTED) Failed to get bistoDeviceInfo %s
2022-12-06 23:09:21.821  4555-4650  BistoWorker             pid-4555                             I  (REDACTED) Failed to get bistoDeviceInfo %s
2022-12-06 23:09:21.822  2598-2889  BluetoothHeadset        pid-2598                             D  Proxy object connected
2022-12-06 23:09:21.822 15538-15581 BtGatt.ScanManager      pid-15538                            D  handling starting scan
2022-12-06 23:09:21.822  4555-4658  SearchServiceCore       pid-4555                             W  Abort, client detached.
2022-12-06 23:09:21.823  1991-2066  BluetoothHeadset        pid-1991                             D  Proxy object connected
2022-12-06 23:09:21.823 15538-15581 BtGatt.ScanManager      pid-15538                            D  isAptXLowLatencyModeEnabled: false
2022-12-06 23:09:21.823  1991-1991  Telecom                 pid-1991                             W  BluetoothPhoneService: onServiceConnected: setting mBluetoothHeadset
2022-12-06 23:09:21.824 32590-32650 NearbySharing           pid-32590                            I  Started scanning for FastInitiation with mode: SCAN_MODE_OPPORTUNISTIC [CONTEXT service_id=194 ]
2022-12-06 23:09:21.824 15538-15581 BluetoothAdapterService pid-15538                            D  getAdapterService() - returning com.android.bluetooth.btservice.AdapterService@1ca9983
2022-12-06 23:09:21.825 32590-14910 NearbyDiscovery         pid-32590                            I  SdpManager: Add cached device for XX:XX:XX:XX:AC:22, forceAdd=true [CONTEXT service_id=265 ]
2022-12-06 23:09:21.827  2249-2519  LocalBluet...ileManager pid-2249                             D  Current Profiles[]
